Product: MDK-ARM Standard 5.10
Component: ARM Compiler 5.04 update 1 (build 49)
Tool: armlink [5040049]

==============================================================================

Section Cross References

    startup_stm32f429xx.o(RESET) refers to startup_stm32f429xx.o(STACK) for __initial_sp
    startup_stm32f429xx.o(RESET) refers to startup_stm32f429xx.o(.text) for Reset_Handler
    startup_stm32f429xx.o(RESET) refers to stm32f4xx_it.o(i.NMI_Handler) for NMI_Handler
    startup_stm32f429xx.o(RESET) refers to stm32f4xx_it.o(i.HardFault_Handler) for HardFault_Handler
    startup_stm32f429xx.o(RESET) refers to stm32f4xx_it.o(i.MemManage_Handler) for MemManage_Handler
    startup_stm32f429xx.o(RESET) refers to stm32f4xx_it.o(i.BusFault_Handler) for BusFault_Handler
    startup_stm32f429xx.o(RESET) refers to stm32f4xx_it.o(i.UsageFault_Handler) for UsageFault_Handler
    startup_stm32f429xx.o(RESET) refers to stm32f4xx_it.o(i.DebugMon_Handler) for DebugMon_Handler
    startup_stm32f429xx.o(RESET) refers to os_cpu_a.o(CODE) for OS_CPU_PendSVHandler
    startup_stm32f429xx.o(RESET) refers to os_cpu_c.o(i.OS_CPU_SysTickHandler) for OS_CPU_SysTickHandler
    startup_stm32f429xx.o(.text) refers to system_stm32f4xx.o(i.SystemInit) for SystemInit
    startup_stm32f429xx.o(.text) refers to entry.o(.ARM.Collect$$$$00000000) for __main
    main.o(i.Task_StartUp) refers to os_mutex.o(i.OSMutexCreate) for OSMutexCreate
    main.o(i.Task_StartUp) refers to bsp.o(i.BSP_Init) for BSP_Init
    main.o(i.Task_StartUp) refers to os_cpu_c.o(i.OS_CPU_SysTickInit) for OS_CPU_SysTickInit
    main.o(i.Task_StartUp) refers to os_stat.o(i.OSStatTaskCPUUsageInit) for OSStatTaskCPUUsageInit
    main.o(i.Task_StartUp) refers to cpu_core.o(i.CPU_IntDisMeasMaxCurReset) for CPU_IntDisMeasMaxCurReset
    main.o(i.Task_StartUp) refers to os_task.o(i.OSTaskCreate) for OSTaskCreate
    main.o(i.Task_StartUp) refers to os_time.o(i.OSTimeDlyHMSM) for OSTimeDlyHMSM
    main.o(i.Task_StartUp) refers to main.o(.bss) for .bss
    main.o(i.Task_StartUp) refers to system_stm32f4xx.o(.data) for SystemCoreClock
    main.o(i.Task_StartUp) refers to os_cfg_app.o(.constdata) for OSCfg_TickRate_Hz
    main.o(i.Task_StartUp) refers to task.o(.bss) for Task_AStk
    main.o(i.Task_StartUp) refers to task.o(i.Task_A) for Task_A
    main.o(i.Task_StartUp) refers to task.o(.bss) for Task_ATCB
    main.o(i.Task_StartUp) refers to task.o(.bss) for Task_BStk
    main.o(i.Task_StartUp) refers to task.o(i.Task_B) for Task_B
    main.o(i.Task_StartUp) refers to task.o(.bss) for Task_BTCB
    main.o(i.main) refers to cpu_a.o(.text) for CPU_IntDisable
    main.o(i.main) refers to os_core.o(i.OSInit) for OSInit
    main.o(i.main) refers to os_task.o(i.OSTaskCreate) for OSTaskCreate
    main.o(i.main) refers to os_core.o(i.OSStart) for OSStart
    main.o(i.main) refers to main.o(.bss) for .bss
    main.o(i.main) refers to main.o(i.Task_StartUp) for Task_StartUp
    task.o(i.Task_A) refers to os_mutex.o(i.OSMutexPend) for OSMutexPend
    task.o(i.Task_A) refers to stm324x9i_eval_lcd.o(i.BSP_LCD_SetTextColor) for BSP_LCD_SetTextColor
    task.o(i.Task_A) refers to stm324x9i_eval_lcd.o(i.BSP_LCD_DisplayStringAtLine) for BSP_LCD_DisplayStringAtLine
    task.o(i.Task_A) refers to os_time.o(i.OSTimeDly) for OSTimeDly
    task.o(i.Task_A) refers to os_mutex.o(i.OSMutexPost) for OSMutexPost
    task.o(i.Task_A) refers to main.o(.bss) for SerialMutex
    task.o(i.Task_B) refers to os_mutex.o(i.OSMutexPend) for OSMutexPend
    task.o(i.Task_B) refers to stm324x9i_eval_lcd.o(i.BSP_LCD_SetTextColor) for BSP_LCD_SetTextColor
    task.o(i.Task_B) refers to stm324x9i_eval_lcd.o(i.BSP_LCD_DisplayStringAtLine) for BSP_LCD_DisplayStringAtLine
    task.o(i.Task_B) refers to os_time.o(i.OSTimeDly) for OSTimeDly
    task.o(i.Task_B) refers to os_mutex.o(i.OSMutexPost) for OSMutexPost
    task.o(i.Task_B) refers to main.o(.bss) for SerialMutex
    stm32f4xx_hal_msp.o(i.HAL_ADC_MspInit) refers to stm32f4xx_hal_gpio.o(i.HAL_GPIO_Init) for HAL_GPIO_Init
    stm32f4xx_hal_msp.o(i.HAL_UART_MspDeInit) refers to stm32f4xx_hal_gpio.o(i.HAL_GPIO_DeInit) for HAL_GPIO_DeInit
    stm32f4xx_hal_msp.o(i.HAL_UART_MspInit) refers to stm32f4xx_hal_gpio.o(i.HAL_GPIO_Init) for HAL_GPIO_Init
    lcd_log.o(i.LCD_LOG_ClearTextZone) refers to stm324x9i_eval_lcd.o(i.BSP_LCD_ClearStringLine) for BSP_LCD_ClearStringLine
    lcd_log.o(i.LCD_LOG_ClearTextZone) refers to lcd_log.o(i.LCD_LOG_DeInit) for LCD_LOG_DeInit
    lcd_log.o(i.LCD_LOG_DeInit) refers to lcd_log.o(.data) for .data
    lcd_log.o(i.LCD_LOG_Init) refers to lcd_log.o(i.LCD_LOG_DeInit) for LCD_LOG_DeInit
    lcd_log.o(i.LCD_LOG_Init) refers to stm324x9i_eval_lcd.o(i.BSP_LCD_Clear) for BSP_LCD_Clear
    lcd_log.o(i.LCD_LOG_ScrollBack) refers to lcd_log.o(i.LCD_LOG_UpdateDisplay) for LCD_LOG_UpdateDisplay
    lcd_log.o(i.LCD_LOG_ScrollBack) refers to lcd_log.o(.data) for .data
[...]
    i.UART_SetConfig                         0x08005278   Section        0  stm32f4xx_hal_uart.o(i.UART_SetConfig)
    UART_SetConfig                           0x08005279   Thumb Code   366  stm32f4xx_hal_uart.o(i.UART_SetConfig)
    i.UsageFault_Handler                     0x080053f0   Section        0  stm32f4xx_it.o(i.UsageFault_Handler)
    i.__scatterload_copy                     0x080053f2   Section       14  handlers.o(i.__scatterload_copy)
    i.__scatterload_null                     0x08005400   Section        2  handlers.o(i.__scatterload_null)
    i.__scatterload_zeroinit                 0x08005402   Section       14  handlers.o(i.__scatterload_zeroinit)
    i.delay                                  0x08005410   Section        0  lcd_log.o(i.delay)
    i.main                                   0x08005428   Section        0  main.o(i.main)
    .constdata                               0x08005488   Section       48  stm324x9i_eval.o(.constdata)
    .constdata                               0x080054b8   Section     6840  stm324x9i_eval_lcd.o(.constdata)
    .constdata                               0x08006f70   Section     3040  stm324x9i_eval_lcd.o(.constdata)
    .constdata                               0x08007b50   Section     1140  stm324x9i_eval_lcd.o(.constdata)
    .constdata                               0x08007fc4   Section       16  stm32f4xx_hal_rcc.o(.constdata)
    .constdata                               0x08007fd4   Section        4  os_cfg_app.o(.constdata)
    .constdata                               0x08007fd8   Section        4  os_cfg_app.o(.constdata)
    .constdata                               0x08007fdc   Section        4  os_cfg_app.o(.constdata)
    .constdata                               0x08007fe0   Section        4  os_cfg_app.o(.constdata)
    .constdata                               0x08007fe4   Section        4  os_cfg_app.o(.constdata)
    .constdata                               0x08007fe8   Section        2  os_cfg_app.o(.constdata)
    .constdata                               0x08007fec   Section        4  os_cfg_app.o(.constdata)
    .constdata                               0x08007ff0   Section        1  os_cfg_app.o(.constdata)
    .constdata                               0x08007ff4   Section        4  os_cfg_app.o(.constdata)
    .constdata                               0x08007ff8   Section        4  os_cfg_app.o(.constdata)
    .constdata                               0x08007ffc   Section        4  os_cfg_app.o(.constdata)
    .constdata                               0x08008000   Section        4  os_cfg_app.o(.constdata)
    .constdata                               0x08008004   Section        4  os_cfg_app.o(.constdata)
    .constdata                               0x08008008   Section        4  os_cfg_app.o(.constdata)
    .constdata                               0x0800800c   Section        1  os_cfg_app.o(.constdata)
    .constdata                               0x08008010   Section        4  os_cfg_app.o(.constdata)
    .constdata                               0x08008014   Section        4  os_cfg_app.o(.constdata)
    .constdata                               0x08008018   Section        4  os_cfg_app.o(.constdata)
    .constdata                               0x0800801c   Section        2  os_cfg_app.o(.constdata)
    .constdata                               0x0800801e   Section        1  os_cfg_app.o(.constdata)
    .constdata                               0x08008020   Section        4  os_cfg_app.o(.constdata)
    .constdata                               0x08008024   Section        4  os_cfg_app.o(.constdata)
    .constdata                               0x08008028   Section        4  os_cfg_app.o(.constdata)
    .constdata                               0x0800802c   Section        4  os_cfg_app.o(.constdata)
    .constdata                               0x08008030   Section        2  os_cfg_app.o(.constdata)
    .data                                    0x20000000   Section       20  lcd_log.o(.data)
    .data                                    0x20000014   Section       64  stm324x9i_eval.o(.data)
    I2C_IT_Enabled                           0x20000014   Data           1  stm324x9i_eval.o(.data)
    .data                                    0x20000054   Section       12  stm324x9i_eval_lcd.o(.data)
    ActiveLayer                              0x20000054   Data           4  stm324x9i_eval_lcd.o(.data)
    .data                                    0x20000060   Section        8  stm324x9i_eval_lcd.o(.data)
    .data                                    0x20000068   Section        8  stm324x9i_eval_lcd.o(.data)
    .data                                    0x20000070   Section        1  stm324x9i_eval_sdram.o(.data)
    sdramstatus                              0x20000070   Data           1  stm324x9i_eval_sdram.o(.data)
    .data                                    0x20000074   Section       20  system_stm32f4xx.o(.data)
    .data                                    0x20000088   Section        4  stm32f4xx_hal.o(.data)
    uwTick                                   0x20000088   Data           4  stm32f4xx_hal.o(.data)
    .data                                    0x2000008c   Section       28  cpu_core.o(.data)
    .data                                    0x200000a8   Section        4  os_cpu_c.o(.data)
    .data                                    0x200000ac   Section        8  os_prio.o(.data)
    .data                                    0x200000b4   Section        4  os_var.o(.data)
    .data                                    0x200000b8   Section        4  os_var.o(.data)
    .data                                    0x200000bc   Section        4  os_var.o(.data)
    .data                                    0x200000c0   Section        4  os_var.o(.data)
    .data                                    0x200000c4   Section        4  os_var.o(.data)
    .data                                    0x200000c8   Section        4  os_var.o(.data)
    .data                                    0x200000cc   Section        4  os_var.o(.data)
    .data                                    0x200000d0   Section        4  os_var.o(.data)
    .data                                    0x200000d4   Section        1  os_var.o(.data)
    .data                                    0x200000d8   Section        4  os_var.o(.data)
    .data                                    0x200000dc   Section        1  os_var.o(.data)
    .data                                    0x200000e0   Section        4  os_var.o(.data)
    .data                                    0x200000e4   Section        2  os_var.o(.data)
    .data                                    0x200000e8   Section        4  os_var.o(.data)
    .data                                    0x200000ec   Section        2  os_var.o(.data)
    .data                                    0x200000f0   Section        4  os_var.o(.data)
    .data                                    0x200000f4   Section        2  os_var.o(.data)
    .data                                    0x200000f6   Section        1  os_var.o(.data)
    .data                                    0x200000f7   Section        1  os_var.o(.data)
    .data                                    0x200000f8   Section        1  os_var.o(.data)
    .data                                    0x200000fc   Section        4  os_var.o(.data)
    .data                                    0x20000100   Section        2  os_var.o(.data)
    .data                                    0x20000102   Section        1  os_var.o(.data)
    .data                                    0x20000104   Section        4  os_var.o(.data)
    .data                                    0x20000108   Section        2  os_var.o(.data)
    .data                                    0x2000010a   Section        1  os_var.o(.data)
    .data                                    0x2000010c   Section        2  os_var.o(.data)
    .data                                    0x2000010e   Section        2  os_var.o(.data)
    .data                                    0x20000110   Section        4  os_var.o(.data)
    .data                                    0x20000114   Section        4  os_var.o(.data)
    .data                                    0x20000118   Section        4  os_var.o(.data)
    .data                                    0x2000011c   Section        1  os_var.o(.data)
    .data                                    0x20000120   Section        4  os_var.o(.data)
    .data                                    0x20000124   Section        4  os_var.o(.data)
    .data                                    0x20000128   Section        4  os_var.o(.data)
    .data                                    0x2000012c   Section        2  os_var.o(.data)
    .data                                    0x2000012e   Section        1  os_var.o(.data)
    .data                                    0x20000130   Section        4  os_var.o(.data)
    .data                                    0x20000134   Section        4  os_var.o(.data)
    .data                                    0x20000138   Section        4  os_var.o(.data)
    .data                                    0x2000013c   Section        4  os_var.o(.data)
    .data                                    0x20000140   Section        4  os_var.o(.data)
    .data                                    0x20000144   Section        4  os_var.o(.data)
    .data                                    0x20000148   Section        4  os_var.o(.data)
    .data                                    0x2000014c   Section        4  os_var.o(.data)
    .data                                    0x20000150   Section        4  os_var.o(.data)
    .bss                                     0x20000154   Section     4240  main.o(.bss)
    .bss                                     0x200011e4   Section      196  task.o(.bss)
    .bss                                     0x200012a8   Section     4000  task.o(.bss)
    .bss                                     0x20002248   Section      196  task.o(.bss)
    .bss                                     0x2000230c   Section     4000  task.o(.bss)
    .bss                                     0x200032ac   Section       60  bsp.o(.bss)
    .bss                                     0x200032e8   Section      304  stm324x9i_eval_lcd.o(.bss)
    PeriphClkInitStruct                      0x200032e8   Data          48  stm324x9i_eval_lcd.o(.bss)
    hltdc_eval                               0x20003318   Data         168  stm324x9i_eval_lcd.o(.bss)
    hdma2d_eval                              0x200033c0   Data          64  stm324x9i_eval_lcd.o(.bss)
    DrawProp                                 0x20003400   Data          24  stm324x9i_eval_lcd.o(.bss)
    .bss                                     0x20003418   Section      176  stm324x9i_eval_sdram.o(.bss)
    dmaHandle                                0x20003418   Data          80  stm324x9i_eval_sdram.o(.bss)
    sdramHandle                              0x20003468   Data          52  stm324x9i_eval_sdram.o(.bss)
    Timing                                   0x2000349c   Data          28  stm324x9i_eval_sdram.o(.bss)
    Command                                  0x200034b8   Data          16  stm324x9i_eval_sdram.o(.bss)
    .bss                                     0x200034c8   Section      512  os_cfg_app.o(.bss)
    .bss                                     0x200036c8   Section     1024  os_cfg_app.o(.bss)
    .bss                                     0x20003ac8   Section     1600  os_cfg_app.o(.bss)
    .bss                                     0x20004108   Section      512  os_cfg_app.o(.bss)
    .bss                                     0x20004308   Section      512  os_cfg_app.o(.bss)
    .bss                                     0x20004508   Section      128  os_cfg_app.o(.bss)
    .bss                                     0x20004588   Section      512  os_cfg_app.o(.bss)
    .bss                                     0x20004788   Section      136  os_cfg_app.o(.bss)
    .bss                                     0x20004810   Section      196  os_var.o(.bss)
    .bss                                     0x200048d4   Section       12  os_var.o(.bss)
    .bss                                     0x200048e0   Section      768  os_var.o(.bss)
    .bss                                     0x20004be0   Section      196  os_var.o(.bss)
    .bss                                     0x20004ca4   Section      196  os_var.o(.bss)
    .bss                                     0x20004d68   Section      196  os_var.o(.bss)
    STACK                                    0x20004e30   Section     1024  startup_stm32f429xx.o(STACK)

    Global Symbols

    Symbol Name                              Value     Ov Type        Size  Object(Section)

    BuildAttributes$$THM_ISAv4$E$P$D$K$B$S$7EM$VFPi3$EXTD16$VFPS$VFMA$PE$A:L22UL41UL21$X:L11$S22US41US21$IEEE1$IW$USESV6$~STKCKD$USESV7$~SHL$OSPACE$EBA8$MICROLIB$REQ8$PRES8$EABIv2 0x00000000   Number         0  anon$$obj.o ABSOLUTE
    __ARM_use_no_argv                        0x00000000   Number         0  main.o ABSOLUTE
    __cpp_initialize__aeabi_                  - Undefined Weak Reference
    __cxa_finalize                            - Undefined Weak Reference
    _clock_init                               - Undefined Weak Reference
    _microlib_exit                            - Undefined Weak Reference
    __Vectors_Size                           0x000001ac   Number         0  startup_stm32f429xx.o ABSOLUTE
    __Vectors                                0x08000000   Data           4  startup_stm32f429xx.o(RESET)
    __Vectors_End                            0x080001ac   Data           0  startup_stm32f429xx.o(RESET)
    __main                                   0x080001ad   Thumb Code     0  entry.o(.ARM.Collect$$$$00000000)
    _main_stk                                0x080001ad   Thumb Code     0  entry2.o(.ARM.Collect$$$$00000001)
    _main_scatterload                        0x080001b1   Thumb Code     0  entry5.o(.ARM.Collect$$$$00000004)
    __main_after_scatterload                 0x080001b5   Thumb Code     0  entry5.o(.ARM.Collect$$$$00000004)
    _main_clock                              0x080001b5   Thumb Code     0  entry7b.o(.ARM.Collect$$$$00000008)
    _main_cpp_init                           0x080001b5   Thumb Code     0  entry8b.o(.ARM.Collect$$$$0000000A)
    _main_init                               0x080001b5   Thumb Code     0  entry9a.o(.ARM.Collect$$$$0000000B)
    __rt_final_cpp                           0x080001bd   Thumb Code     0  entry10a.o(.ARM.Collect$$$$0000000D)
    __rt_final_exit                          0x080001bd   Thumb Code     0  entry11a.o(.ARM.Collect$$$$0000000F)
    Reset_Handler                            0x080001c1   Thumb Code     8  startup_stm32f429xx.o(.text)
    SVC_Handler                              0x080001d3   Thumb Code     2  startup_stm32f429xx.o(.text)
    ADC_IRQHandler                           0x080001db   Thumb Code     0  startup_stm32f429xx.o(.text)
    CAN1_RX0_IRQHandler                      0x080001db   Thumb Code     0  startup_stm32f429xx.o(.text)
    CAN1_RX1_IRQHandler                      0x080001db   Thumb Code     0  startup_stm32f429xx.o(.text)
    CAN1_SCE_IRQHandler                      0x080001db   Thumb Code     0  startup_stm32f429xx.o(.text)
    CAN1_TX_IRQHandler                       0x080001db   Thumb Code     0  startup_stm32f429xx.o(.text)
    CAN2_RX0_IRQHandler                      0x080001db   Thumb Code     0  startup_stm32f429xx.o(.text)
    CAN2_RX1_IRQHandler                      0x080001db   Thumb Code     0  startup_stm32f429xx.o(.text)
    CAN2_SCE_IRQHandler                      0x080001db   Thumb Code     0  startup_stm32f429xx.o(.text)
    CAN2_TX_IRQHandler                       0x080001db   Thumb Code     0  startup_stm32f429xx.o(.text)
    DCMI_IRQHandler                          0x080001db   Thumb Code     0  startup_stm32f429xx.o(.text)
    DMA1_Stream0_IRQHandler                  0x080001db   Thumb Code     0  startup_stm32f429xx.o(.text)
    DMA1_Stream1_IRQHandler                  0x080001db   Thumb Code     0  startup_stm32f429xx.o(.text)
    DMA1_Stream2_IRQHandler                  0x080001db   Thumb Code     0  startup_stm32f429xx.o(.text)
    DMA1_Stream3_IRQHandler                  0x080001db   Thumb Code     0  startup_stm32f429xx.o(.text)
    DMA1_Stream4_IRQHandler                  0x080001db   Thumb Code     0  startup_stm32f429xx.o(.text)
    DMA1_Stream5_IRQHandler                  0x080001db   Thumb Code     0  startup_stm32f429xx.o(.text)
    DMA1_Stream6_IRQHandler                  0x080001db   Thumb Code     0  startup_stm32f429xx.o(.text)
    DMA1_Stream7_IRQHandler                  0x080001db   Thumb Code     0  startup_stm32f429xx.o(.text)
    DMA2D_IRQHandler                         0x080001db   Thumb Code     0  startup_stm32f429xx.o(.text)
    DMA2_Stream0_IRQHandler                  0x080001db   Thumb Code     0  startup_stm32f429xx.o(.text)
    DMA2_Stream1_IRQHandler                  0x080001db   Thumb Code     0  startup_stm32f429xx.o(.text)
    DMA2_Stream2_IRQHandler                  0x080001db   Thumb Code     0  startup_stm32f429xx.o(.text)
    DMA2_Stream3_IRQHandler                  0x080001db   Thumb Code     0  startup_stm32f429xx.o(.text)
    DMA2_Stream4_IRQHandler                  0x080001db   Thumb Code     0  startup_stm32f429xx.o(.text)
    DMA2_Stream5_IRQHandler                  0x080001db   Thumb Code     0  startup_stm32f429xx.o(.text)
    DMA2_Stream6_IRQHandler                  0x080001db   Thumb Code     0  startup_stm32f429xx.o(.text)
    DMA2_Stream7_IRQHandler                  0x080001db   Thumb Code     0  startup_stm32f429xx.o(.text)
    ETH_IRQHandler                           0x080001db   Thumb Code     0  startup_stm32f429xx.o(.text)
    ETH_WKUP_IRQHandler                      0x080001db   Thumb Code     0  startup_stm32f429xx.o(.text)
    EXTI0_IRQHandler                         0x080001db   Thumb Code     0  startup_stm32f429xx.o(.text)
    EXTI15_10_IRQHandler                     0x080001db   Thumb Code     0  startup_stm32f429xx.o(.text)
    EXTI1_IRQHandler                         0x080001db   Thumb Code     0  startup_stm32f429xx.o(.text)
    EXTI2_IRQHandler                         0x080001db   Thumb Code     0  startup_stm32f429xx.o(.text)
    EXTI3_IRQHandler                         0x080001db   Thumb Code     0  startup_stm32f429xx.o(.text)
    EXTI4_IRQHandler                         0x080001db   Thumb Code     0  startup_stm32f429xx.o(.text)
    EXTI9_5_IRQHandler                       0x080001db   Thumb Code     0  startup_stm32f429xx.o(.text)
    FLASH_IRQHandler                         0x080001db   Thumb Code     0  startup_stm32f429xx.o(.text)
    FMC_IRQHandler                           0x080001db   Thumb Code     0  startup_stm32f429xx.o(.text)
    FPU_IRQHandler                           0x080001db   Thumb Code     0  startup_stm32f429xx.o(.text)
    HASH_RNG_IRQHandler                      0x080001db   Thumb Code     0  startup_stm32f429xx.o(.text)
    I2C1_ER_IRQHandler                       0x080001db   Thumb Code     0  startup_stm32f429xx.o(.text)
    I2C1_EV_IRQHandler                       0x080001db   Thumb Code     0  startup_stm32f429xx.o(.text)
    I2C2_ER_IRQHandler                       0x080001db   Thumb Code     0  startup_stm32f429xx.o(.text)
    I2C2_EV_IRQHandler                       0x080001db   Thumb Code     0  startup_stm32f429xx.o(.text)
    I2C3_ER_IRQHandler                       0x080001db   Thumb Code     0  startup_stm32f429xx.o(.text)
    I2C3_EV_IRQHandler                       0x080001db   Thumb Code     0  startup_stm32f429xx.o(.text)
    LTDC_ER_IRQHandler                       0x080001db   Thumb Code     0  startup_stm32f429xx.o(.text)
    LTDC_IRQHandler                          0x080001db   Thumb Code     0  startup_stm32f429xx.o(.text)
    OTG_FS_IRQHandler                        0x080001db   Thumb Code     0  startup_stm32f429xx.o(.text)
    OTG_FS_WKUP_IRQHandler                   0x080001db   Thumb Code     0  startup_stm32f429xx.o(.text)
    OTG_HS_EP1_IN_IRQHandler                 0x080001db   Thumb Code     0  startup_stm32f429xx.o(.text)
    OTG_HS_EP1_OUT_IRQHandler                0x080001db   Thumb Code     0  startup_stm32f429xx.o(.text)
    OTG_HS_IRQHandler                        0x080001db   Thumb Code     0  startup_stm32f429xx.o(.text)
    OTG_HS_WKUP_IRQHandler                   0x080001db   Thumb Code     0  startup_stm32f429xx.o(.text)
    PVD_IRQHandler                           0x080001db   Thumb Code     0  startup_stm32f429xx.o(.text)
    RCC_IRQHandler                           0x080001db   Thumb Code     0  startup_stm32f429xx.o(.text)
    RTC_Alarm_IRQHandler                     0x080001db   Thumb Code     0  startup_stm32f429xx.o(.text)
    RTC_WKUP_IRQHandler                      0x080001db   Thumb Code     0  startup_stm32f429xx.o(.text)
    SAI1_IRQHandler                          0x080001db   Thumb Code     0  startup_stm32f429xx.o(.text)
    SDIO_IRQHandler                          0x080001db   Thumb Code     0  startup_stm32f429xx.o(.text)
    SPI1_IRQHandler                          0x080001db   Thumb Code     0  startup_stm32f429xx.o(.text)
    SPI2_IRQHandler                          0x080001db   Thumb Code     0  startup_stm32f429xx.o(.text)
    SPI3_IRQHandler                          0x080001db   Thumb Code     0  startup_stm32f429xx.o(.text)
    SPI4_IRQHandler                          0x080001db   Thumb Code     0  startup_stm32f429xx.o(.text)
    SPI5_IRQHandler                          0x080001db   Thumb Code     0  startup_stm32f429xx.o(.text)
    SPI6_IRQHandler                          0x080001db   Thumb Code     0  startup_stm32f429xx.o(.text)
    TAMP_STAMP_IRQHandler                    0x080001db   Thumb Code     0  startup_stm32f429xx.o(.text)
    TIM1_BRK_TIM9_IRQHandler                 0x080001db   Thumb Code     0  startup_stm32f429xx.o(.text)
    TIM1_CC_IRQHandler                       0x080001db   Thumb Code     0  startup_stm32f429xx.o(.text)
    TIM1_TRG_COM_TIM11_IRQHandler            0x080001db   Thumb Code     0  startup_stm32f429xx.o(.text)
    TIM1_UP_TIM10_IRQHandler                 0x080001db   Thumb Code     0  startup_stm32f429xx.o(.text)
    TIM2_IRQHandler                          0x080001db   Thumb Code     0  startup_stm32f429xx.o(.text)
    TIM3_IRQHandler                          0x080001db   Thumb Code     0  startup_stm32f429xx.o(.text)
    TIM4_IRQHandler                          0x080001db   Thumb Code     0  startup_stm32f429xx.o(.text)
    TIM5_IRQHandler                          0x080001db   Thumb Code     0  startup_stm32f429xx.o(.text)
    TIM6_DAC_IRQHandler                      0x080001db   Thumb Code     0  startup_stm32f429xx.o(.text)
    TIM7_IRQHandler                          0x080001db   Thumb Code     0  startup_stm32f429xx.o(.text)
    TIM8_BRK_TIM12_IRQHandler                0x080001db   Thumb Code     0  startup_stm32f429xx.o(.text)
    TIM8_CC_IRQHandler                       0x080001db   Thumb Code     0  startup_stm32f429xx.o(.text)
    TIM8_TRG_COM_TIM14_IRQHandler            0x080001db   Thumb Code     0  startup_stm32f429xx.o(.text)
    TIM8_UP_TIM13_IRQHandler                 0x080001db   Thumb Code     0  startup_stm32f429xx.o(.text)
    UART4_IRQHandler                         0x080001db   Thumb Code     0  startup_stm32f429xx.o(.text)
    UART5_IRQHandler                         0x080001db   Thumb Code     0  startup_stm32f429xx.o(.text)
    UART7_IRQHandler                         0x080001db   Thumb Code     0  startup_stm32f429xx.o(.text)
    UART8_IRQHandler                         0x080001db   Thumb Code     0  startup_stm32f429xx.o(.text)
    USART1_IRQHandler                        0x080001db   Thumb Code     0  startup_stm32f429xx.o(.text)
    USART2_IRQHandler                        0x080001db   Thumb Code     0  startup_stm32f429xx.o(.text)
    USART3_IRQHandler                        0x080001db   Thumb Code     0  startup_stm32f429xx.o(.text)
    USART6_IRQHandler                        0x080001db   Thumb Code     0  startup_stm32f429xx.o(.text)
    WWDG_IRQHandler                          0x080001db   Thumb Code     0  startup_stm32f429xx.o(.text)
    CPU_IntDisable                           0x080001e5   Thumb Code     0  cpu_a.o(.text)
    CPU_IntEnable                            0x080001e9   Thumb Code     0  cpu_a.o(.text)
    CPU_SR_Save                              0x080001ed   Thumb Code     0  cpu_a.o(.text)
    CPU_SR_Restore                           0x080001f5   Thumb Code     0  cpu_a.o(.text)
    CPU_WaitForInt                           0x080001fb   Thumb Code     0  cpu_a.o(.text)
    CPU_WaitForExcept                        0x080001ff   Thumb Code     0  cpu_a.o(.text)
    CPU_CntLeadZeros                         0x08000203   Thumb Code     0  cpu_a.o(.text)
    CPU_CntTrailZeros                        0x08000209   Thumb Code     0  cpu_a.o(.text)
    CPU_RevBits                              0x08000213   Thumb Code     0  cpu_a.o(.text)
    __aeabi_memcpy                           0x08000219   Thumb Code    36  memcpya.o(.text)
    __aeabi_memcpy4                          0x08000219   Thumb Code     0  memcpya.o(.text)
    __aeabi_memcpy8                          0x08000219   Thumb Code     0  memcpya.o(.text)
    __scatterload                            0x0800023d   Thumb Code    28  init.o(.text)
    __scatterload_rt2                        0x0800023d   Thumb Code     0  init.o(.text)
    __decompress                             0x08000261   Thumb Code     0  __dczerorl2.o(.text)
    __decompress1                            0x08000261   Thumb Code    86  __dczerorl2.o(.text)
    OSStartHighRdy                           0x080002b9   Thumb Code     0  os_cpu_a.o(CODE)
    OSCtxSw                                  0x080002db   Thumb Code     0  os_cpu_a.o(CODE)
    OSIntCtxSw                               0x080002e5   Thumb Code     0  os_cpu_a.o(CODE)
    OS_CPU_PendSVHandler                     0x080002ef   Thumb Code     0  os_cpu_a.o(CODE)
    BSP_Config                               0x08000369   Thumb Code    68  bsp.o(i.BSP_Config)
    BSP_Init                                 0x080003e1   Thumb Code    18  bsp.o(i.BSP_Init)
    BSP_LCD_Clear                            0x080003f5   Thumb Code    48  stm324x9i_eval_lcd.o(i.BSP_LCD_Clear)
    BSP_LCD_DisplayChar                      0x0800042d   Thumb Code    44  stm324x9i_eval_lcd.o(i.BSP_LCD_DisplayChar)
    BSP_LCD_DisplayStringAt                  0x08000461   Thumb Code   180  stm324x9i_eval_lcd.o(i.BSP_LCD_DisplayStringAt)
    BSP_LCD_DisplayStringAtLine              0x0800051d   Thumb Code    28  stm324x9i_eval_lcd.o(i.BSP_LCD_DisplayStringAtLine)
    BSP_LCD_DrawPixel                        0x08000539   Thumb Code    40  stm324x9i_eval_lcd.o(i.BSP_LCD_DrawPixel)
    BSP_LCD_FillRect                         0x08000569   Thumb Code    96  stm324x9i_eval_lcd.o(i.BSP_LCD_FillRect)
    BSP_LCD_GetFont                          0x080005d1   Thumb Code    18  stm324x9i_eval_lcd.o(i.BSP_LCD_GetFont)
    BSP_LCD_GetXSize                         0x080005ed   Thumb Code    22  stm324x9i_eval_lcd.o(i.BSP_LCD_GetXSize)
    BSP_LCD_GetYSize                         0x0800060d   Thumb Code    22  stm324x9i_eval_lcd.o(i.BSP_LCD_GetYSize)
    BSP_LCD_Init                             0x0800062d   Thumb Code   128  stm324x9i_eval_lcd.o(i.BSP_LCD_Init)
    BSP_LCD_LayerDefaultInit                 0x080006b9   Thumb Code   114  stm324x9i_eval_lcd.o(i.BSP_LCD_LayerDefaultInit)
    BSP_LCD_SelectLayer                      0x08000735   Thumb Code     6  stm324x9i_eval_lcd.o(i.BSP_LCD_SelectLayer)
    BSP_LCD_SetBackColor                     0x08000741   Thumb Code    18  stm324x9i_eval_lcd.o(i.BSP_LCD_SetBackColor)
    BSP_LCD_SetFont                          0x0800075d   Thumb Code    18  stm324x9i_eval_lcd.o(i.BSP_LCD_SetFont)
    BSP_LCD_SetTextColor                     0x08000779   Thumb Code    16  stm324x9i_eval_lcd.o(i.BSP_LCD_SetTextColor)
    BSP_LED_Init                             0x08000791   Thumb Code    64  stm324x9i_eval.o(i.BSP_LED_Init)
    BSP_SDRAM_Init                           0x080007dd   Thumb Code   104  stm324x9i_eval_sdram.o(i.BSP_SDRAM_Init)
    BSP_SDRAM_Initialization_sequence        0x08000851   Thumb Code   130  stm324x9i_eval_sdram.o(i.BSP_SDRAM_Initialization_sequence)
    BusFault_Handler                         0x080008d9   Thumb Code     2  stm32f4xx_it.o(i.BusFault_Handler)
    CPU_IntDisMeasMaxCurGet                  0x080008f1   Thumb Code    24  cpu_core.o(i.CPU_IntDisMeasMaxCurGet)
    CPU_IntDisMeasMaxCurReset                0x0800090d   Thumb Code    26  cpu_core.o(i.CPU_IntDisMeasMaxCurReset)
    CPU_IntDisMeasMaxGet                     0x0800092d   Thumb Code    24  cpu_core.o(i.CPU_IntDisMeasMaxGet)
    CPU_IntDisMeasStart                      0x08000949   Thumb Code    28  cpu_core.o(i.CPU_IntDisMeasStart)
    CPU_IntDisMeasStop                       0x08000969   Thumb Code    44  cpu_core.o(i.CPU_IntDisMeasStop)
    CPU_TS_TmrRd                             0x08000999   Thumb Code     4  os_cpu_c.o(i.CPU_TS_TmrRd)
    DebugMon_Handler                         0x08000a39   Thumb Code     2  stm32f4xx_it.o(i.DebugMon_Handler)
    FMC_SDRAM_Init                           0x08000af1   Thumb Code    58  stm32f4xx_ll_fmc.o(i.FMC_SDRAM_Init)
    FMC_SDRAM_ProgramRefreshRate             0x08000b2b   Thumb Code    12  stm32f4xx_ll_fmc.o(i.FMC_SDRAM_ProgramRefreshRate)
    FMC_SDRAM_SendCommand                    0x08000b37   Thumb Code    70  stm32f4xx_ll_fmc.o(i.FMC_SDRAM_SendCommand)
    FMC_SDRAM_Timing_Init                    0x08000b7d   Thumb Code   100  stm32f4xx_ll_fmc.o(i.FMC_SDRAM_Timing_Init)
    HAL_DMA2D_ConfigLayer                    0x08000be1   Thumb Code   128  stm32f4xx_hal_dma2d.o(i.HAL_DMA2D_ConfigLayer)
    HAL_DMA2D_Init                           0x08000c65   Thumb Code    86  stm32f4xx_hal_dma2d.o(i.HAL_DMA2D_Init)
    HAL_DMA2D_MspInit                        0x08000cbb   Thumb Code     2  stm32f4xx_hal_dma2d.o(i.HAL_DMA2D_MspInit)
    HAL_DMA2D_PollForTransfer                0x08000cbd   Thumb Code   232  stm32f4xx_hal_dma2d.o(i.HAL_DMA2D_PollForTransfer)
    HAL_DMA2D_Start                          0x08000da5   Thumb Code    62  stm32f4xx_hal_dma2d.o(i.HAL_DMA2D_Start)
    HAL_DMA_DeInit                           0x08000de5   Thumb Code  2504  stm32f4xx_hal_dma.o(i.HAL_DMA_DeInit)
    HAL_DMA_Init                             0x080017b5   Thumb Code   108  stm32f4xx_hal_dma.o(i.HAL_DMA_Init)
    HAL_Delay                                0x08001825   Thumb Code    18  stm32f4xx_hal.o(i.HAL_Delay)
    HAL_GPIO_Init                            0x0800183d   Thumb Code   496  stm32f4xx_hal_gpio.o(i.HAL_GPIO_Init)
    HAL_GPIO_WritePin                        0x08001a61   Thumb Code    10  stm32f4xx_hal_gpio.o(i.HAL_GPIO_WritePin)
    HAL_GetTick                              0x08001a6d   Thumb Code     6  stm32f4xx_hal.o(i.HAL_GetTick)
    HAL_IncTick                              0x08001a79   Thumb Code    10  stm32f4xx_hal.o(i.HAL_IncTick)
    HAL_Init                                 0x08001a89   Thumb Code    50  stm32f4xx_hal.o(i.HAL_Init)
    HAL_LTDC_ConfigLayer                     0x08001ac1   Thumb Code    82  stm32f4xx_hal_ltdc.o(i.HAL_LTDC_ConfigLayer)
    HAL_LTDC_Init                            0x08001b15   Thumb Code   244  stm32f4xx_hal_ltdc.o(i.HAL_LTDC_Init)
    HAL_LTDC_MspInit                         0x08001c0d   Thumb Code     2  stm32f4xx_hal_ltdc.o(i.HAL_LTDC_MspInit)
    HAL_MspInit                              0x08001c0f   Thumb Code     2  stm32f4xx_hal.o(i.HAL_MspInit)
    HAL_NVIC_EnableIRQ                       0x08001c11   Thumb Code    22  stm32f4xx_hal_cortex.o(i.HAL_NVIC_EnableIRQ)
    HAL_NVIC_SetPriority                     0x08001c29   Thumb Code    60  stm32f4xx_hal_cortex.o(i.HAL_NVIC_SetPriority)
    HAL_NVIC_SetPriorityGrouping             0x08001c69   Thumb Code    26  stm32f4xx_hal_cortex.o(i.HAL_NVIC_SetPriorityGrouping)
    HAL_PWREx_ActivateOverDrive              0x08001c8d   Thumb Code    84  stm32f4xx_hal_pwr_ex.o(i.HAL_PWREx_ActivateOverDrive)
    HAL_RCCEx_PeriphCLKConfig                0x08001ced   Thumb Code   578  stm32f4xx_hal_rcc_ex.o(i.HAL_RCCEx_PeriphCLKConfig)
    HAL_RCC_ClockConfig                      0x08001f55   Thumb Code   422  stm32f4xx_hal_rcc.o(i.HAL_RCC_ClockConfig)
    HAL_RCC_GetHCLKFreq                      0x08002109   Thumb Code    38  stm32f4xx_hal_rcc.o(i.HAL_RCC_GetHCLKFreq)
    HAL_RCC_GetPCLK1Freq                     0x0800213d   Thumb Code    36  stm32f4xx_hal_rcc.o(i.HAL_RCC_GetPCLK1Freq)
    HAL_RCC_GetPCLK2Freq                     0x08002169   Thumb Code    36  stm32f4xx_hal_rcc.o(i.HAL_RCC_GetPCLK2Freq)
    HAL_RCC_GetSysClockFreq                  0x08002195   Thumb Code   120  stm32f4xx_hal_rcc.o(i.HAL_RCC_GetSysClockFreq)
    HAL_RCC_OscConfig                        0x08002219   Thumb Code   776  stm32f4xx_hal_rcc.o(i.HAL_RCC_OscConfig)
    HAL_SDRAM_Init                           0x08002535   Thumb Code    60  stm32f4xx_hal_sdram.o(i.HAL_SDRAM_Init)
    HAL_SDRAM_MspInit                        0x08002571   Thumb Code     2  stm32f4xx_hal_sdram.o(i.HAL_SDRAM_MspInit)
    HAL_SDRAM_ProgramRefreshRate             0x08002573   Thumb Code    34  stm32f4xx_hal_sdram.o(i.HAL_SDRAM_ProgramRefreshRate)
    HAL_SDRAM_SendCommand                    0x08002595   Thumb Code    48  stm32f4xx_hal_sdram.o(i.HAL_SDRAM_SendCommand)
    HAL_SYSTICK_Config                       0x080025c5   Thumb Code    40  stm32f4xx_hal_cortex.o(i.HAL_SYSTICK_Config)
    HAL_UART_Init                            0x080025ed   Thumb Code    92  stm32f4xx_hal_uart.o(i.HAL_UART_Init)
    HAL_UART_MspInit                         0x08002649   Thumb Code    80  stm32f4xx_hal_msp.o(i.HAL_UART_MspInit)
    HardFault_Handler                        0x080026a1   Thumb Code     2  stm32f4xx_it.o(i.HardFault_Handler)
    LCD_LOG_DeInit                           0x080026a5   Thumb Code    32  lcd_log.o(i.LCD_LOG_DeInit)
    LCD_LOG_Init                             0x080026cd   Thumb Code    18  lcd_log.o(i.LCD_LOG_Init)
    LCD_LOG_SetFooter                        0x080026e1   Thumb Code   116  lcd_log.o(i.LCD_LOG_SetFooter)
    LCD_LOG_SetHeader                        0x0800275d   Thumb Code   102  lcd_log.o(i.LCD_LOG_SetHeader)
    MemManage_Handler                        0x08002989   Thumb Code     2  stm32f4xx_it.o(i.MemManage_Handler)
    NMI_Handler                              0x08002a51   Thumb Code     2  stm32f4xx_it.o(i.NMI_Handler)
    OSCfg_Init                               0x08002a73   Thumb Code     2  os_cfg_app.o(i.OSCfg_Init)
    OSIdleTaskHook                           0x08002a75   Thumb Code    12  os_cpu_c.o(i.OSIdleTaskHook)
    OSInit                                   0x08002a85   Thumb Code   248  os_core.o(i.OSInit)
    OSInitHook                               0x08002bc5   Thumb Code    22  os_cpu_c.o(i.OSInitHook)
    OSIntExit                                0x08002be9   Thumb Code   100  os_core.o(i.OSIntExit)
    OSMutexCreate                            0x08002c6d   Thumb Code   102  os_mutex.o(i.OSMutexCreate)
    OSMutexPend                              0x08002ce1   Thumb Code   438  os_mutex.o(i.OSMutexPend)
    OSMutexPost                              0x08002ea9   Thumb Code   296  os_mutex.o(i.OSMutexPost)
    OSSched                                  0x08002fe1   Thumb Code    86  os_core.o(i.OSSched)
    OSSchedLock                              0x08003055   Thumb Code    76  os_core.o(i.OSSchedLock)
    OSSchedUnlock                            0x080030ad   Thumb Code   100  os_core.o(i.OSSchedUnlock)
    OSStart                                  0x0800311d   Thumb Code    62  os_core.o(i.OSStart)
    OSStatReset                              0x08003175   Thumb Code   186  os_stat.o(i.OSStatReset)
    OSStatTaskCPUUsageInit                   0x08003251   Thumb Code   150  os_stat.o(i.OSStatTaskCPUUsageInit)
    OSStatTaskHook                           0x08003305   Thumb Code    12  os_cpu_c.o(i.OSStatTaskHook)
    OSTaskCreate                             0x08003315   Thumb Code   332  os_task.o(i.OSTaskCreate)
    OSTaskCreateHook                         0x08003475   Thumb Code    12  os_cpu_c.o(i.OSTaskCreateHook)
    OSTaskDel                                0x08003485   Thumb Code   216  os_task.o(i.OSTaskDel)
    OSTaskDelHook                            0x0800356d   Thumb Code    12  os_cpu_c.o(i.OSTaskDelHook)
    OSTaskResume                             0x0800357d   Thumb Code    80  os_task.o(i.OSTaskResume)
    OSTaskReturnHook                         0x080035d5   Thumb Code    12  os_cpu_c.o(i.OSTaskReturnHook)
    OSTaskSemPend                            0x080035e5   Thumb Code   304  os_task.o(i.OSTaskSemPend)
    OSTaskSemPost                            0x08003721   Thumb Code    46  os_task.o(i.OSTaskSemPost)
    OSTaskStkChk                             0x08003751   Thumb Code   162  os_task.o(i.OSTaskStkChk)
    OSTaskStkInit                            0x080037fd   Thumb Code   292  os_cpu_c.o(i.OSTaskStkInit)
    OSTaskSuspend                            0x08003925   Thumb Code    30  os_task.o(i.OSTaskSuspend)
    OSTaskSwHook                             0x0800394d   Thumb Code    64  os_cpu_c.o(i.OSTaskSwHook)
    OSTimeDly                                0x08003999   Thumb Code   140  os_time.o(i.OSTimeDly)
    OSTimeDlyHMSM                            0x08003a31   Thumb Code   276  os_time.o(i.OSTimeDlyHMSM)
    OSTimeTick                               0x08003b55   Thumb Code    44  os_time.o(i.OSTimeTick)
    OSTimeTickHook                           0x08003b91   Thumb Code    12  os_cpu_c.o(i.OSTimeTickHook)
    OS_CPU_SysTickHandler                    0x08003ba1   Thumb Code    46  os_cpu_c.o(i.OS_CPU_SysTickHandler)
    OS_CPU_SysTickInit                       0x08003bd5   Thumb Code    36  os_cpu_c.o(i.OS_CPU_SysTickInit)
    OS_Dbg_Init                              0x08003bfd   Thumb Code     2  os_dbg.o(i.OS_Dbg_Init)
    OS_FlagInit                              0x08003c01   Thumb Code    14  os_flag.o(i.OS_FlagInit)
    OS_IdleTask                              0x08003c19   Thumb Code    42  os_core.o(i.OS_IdleTask)
    OS_IdleTaskInit                          0x08003c4d   Thumb Code    60  os_core.o(i.OS_IdleTaskInit)
    OS_MemInit                               0x08003cb5   Thumb Code    14  os_mem.o(i.OS_MemInit)
    OS_MsgPoolInit                           0x08003ccd   Thumb Code    92  os_msg.o(i.OS_MsgPoolInit)
    OS_MsgQFreeAll                           0x08003d35   Thumb Code    48  os_msg.o(i.OS_MsgQFreeAll)
    OS_MsgQInit                              0x08003d69   Thumb Code    14  os_msg.o(i.OS_MsgQInit)
    OS_MutexDbgListAdd                       0x08003d79   Thumb Code    26  os_mutex.o(i.OS_MutexDbgListAdd)
    OS_MutexInit                             0x08003d9d   Thumb Code    14  os_mutex.o(i.OS_MutexInit)
    OS_Pend                                  0x08003db5   Thumb Code    74  os_core.o(i.OS_Pend)
    OS_PendDataInit                          0x08003e05   Thumb Code    48  os_core.o(i.OS_PendDataInit)
    OS_PendDbgNameAdd                        0x08003e35   Thumb Code    46  os_core.o(i.OS_PendDbgNameAdd)
    OS_PendDbgNameRemove                     0x08003e7d   Thumb Code    22  os_core.o(i.OS_PendDbgNameRemove)
    OS_PendListChangePrio                    0x08003e99   Thumb Code    50  os_core.o(i.OS_PendListChangePrio)
    OS_PendListInit                          0x08003ecb   Thumb Code    10  os_core.o(i.OS_PendListInit)
    OS_PendListInsertPrio                    0x08003ed5   Thumb Code    90  os_core.o(i.OS_PendListInsertPrio)
    OS_PendListRemove                        0x08003f2f   Thumb Code    38  os_core.o(i.OS_PendListRemove)
    OS_PendListRemove1                       0x08003f55   Thumb Code    54  os_core.o(i.OS_PendListRemove1)
    OS_Post                                  0x08003f8b   Thumb Code   152  os_core.o(i.OS_Post)
    OS_Post1                                 0x08004023   Thumb Code    38  os_core.o(i.OS_Post1)
    OS_PrioGetHighest                        0x08004049   Thumb Code    32  os_prio.o(i.OS_PrioGetHighest)
    OS_PrioInit                              0x0800406d   Thumb Code    20  os_prio.o(i.OS_PrioInit)
    OS_PrioInsert                            0x08004085   Thumb Code    28  os_prio.o(i.OS_PrioInsert)
    OS_PrioRemove                            0x080040a5   Thumb Code    28  os_prio.o(i.OS_PrioRemove)
    OS_QInit                                 0x080040c5   Thumb Code    14  os_q.o(i.OS_QInit)
    OS_RdyListInit                           0x080040dd   Thumb Code    32  os_core.o(i.OS_RdyListInit)
    OS_RdyListInsert                         0x08004101   Thumb Code    42  os_core.o(i.OS_RdyListInsert)
    OS_RdyListInsertHead                     0x08004131   Thumb Code    52  os_core.o(i.OS_RdyListInsertHead)
    OS_RdyListInsertTail                     0x08004169   Thumb Code    48  os_core.o(i.OS_RdyListInsertTail)
    OS_RdyListRemove                         0x0800419d   Thumb Code    78  os_core.o(i.OS_RdyListRemove)
    OS_SemInit                               0x080041f1   Thumb Code    14  os_sem.o(i.OS_SemInit)
    OS_StatTask                              0x08004209   Thumb Code   514  os_stat.o(i.OS_StatTask)
    OS_StatTaskInit                          0x0800444d   Thumb Code   118  os_stat.o(i.OS_StatTaskInit)
    OS_TaskBlock                             0x08004509   Thumb Code    42  os_core.o(i.OS_TaskBlock)
    OS_TaskDbgListAdd                        0x08004535   Thumb Code    30  os_task.o(i.OS_TaskDbgListAdd)
    OS_TaskDbgListRemove                     0x08004559   Thumb Code    50  os_task.o(i.OS_TaskDbgListRemove)
    OS_TaskInit                              0x08004591   Thumb Code    18  os_task.o(i.OS_TaskInit)
    OS_TaskInitTCB                           0x080045b1   Thumb Code   184  os_task.o(i.OS_TaskInitTCB)
    OS_TaskRdy                               0x08004675   Thumb Code    28  os_core.o(i.OS_TaskRdy)
    OS_TaskResume                            0x08004691   Thumb Code   184  os_task.o(i.OS_TaskResume)
    OS_TaskReturn                            0x08004749   Thumb Code    20  os_task.o(i.OS_TaskReturn)
    OS_TaskSemPost                           0x08004761   Thumb Code   166  os_task.o(i.OS_TaskSemPost)
    OS_TaskSuspend                           0x0800480d   Thumb Code   160  os_task.o(i.OS_TaskSuspend)
    OS_TickListInit                          0x080048b5   Thumb Code    34  os_tick.o(i.OS_TickListInit)
    OS_TickListInsert                        0x080048e1   Thumb Code   202  os_tick.o(i.OS_TickListInsert)
    OS_TickListRemove                        0x080049b9   Thumb Code    54  os_tick.o(i.OS_TickListRemove)
    OS_TickListResetPeak                     0x080049f1   Thumb Code    30  os_tick.o(i.OS_TickListResetPeak)
    OS_TickListUpdate                        0x08004a19   Thumb Code   262  os_tick.o(i.OS_TickListUpdate)
    OS_TickTask                              0x08004b31   Thumb Code    36  os_tick.o(i.OS_TickTask)
    OS_TickTaskInit                          0x08004b59   Thumb Code   112  os_tick.o(i.OS_TickTaskInit)
    OS_TmrInit                               0x08004c01   Thumb Code   172  os_tmr.o(i.OS_TmrInit)
    OS_TmrLink                               0x08004d05   Thumb Code   140  os_tmr.o(i.OS_TmrLink)
    OS_TmrResetPeak                          0x08004d9d   Thumb Code    30  os_tmr.o(i.OS_TmrResetPeak)
    OS_TmrTask                               0x08004dc5   Thumb Code   146  os_tmr.o(i.OS_TmrTask)
    OS_TmrUnlink                             0x08004e69   Thumb Code    68  os_tmr.o(i.OS_TmrUnlink)
    SystemClock_Config                       0x08004fd5   Thumb Code    96  bsp.o(i.SystemClock_Config)
    SystemInit                               0x0800503d   Thumb Code    66  system_stm32f4xx.o(i.SystemInit)
    Task_A                                   0x08005091   Thumb Code    68  task.o(i.Task_A)
    Task_B                                   0x08005105   Thumb Code    68  task.o(i.Task_B)
    Task_StartUp                             0x08005179   Thumb Code   138  main.o(i.Task_StartUp)
    UART_Config                              0x08005249   Thumb Code    40  bsp.o(i.UART_Config)
    UsageFault_Handler                       0x080053f1   Thumb Code     2  stm32f4xx_it.o(i.UsageFault_Handler)
    __scatterload_copy                       0x080053f3   Thumb Code    14  handlers.o(i.__scatterload_copy)
    __scatterload_null                       0x08005401   Thumb Code     2  handlers.o(i.__scatterload_null)
    __scatterload_zeroinit                   0x08005403   Thumb Code    14  handlers.o(i.__scatterload_zeroinit)
    delay                                    0x08005411   Thumb Code    20  lcd_log.o(i.delay)
    main                                     0x08005429   Thumb Code    74  main.o(i.main)
    COM_TX_PIN                               0x08005488   Data           2  stm324x9i_eval.o(.constdata)
    COM_RX_PIN                               0x0800548a   Data           2  stm324x9i_eval.o(.constdata)
    COM_TX_AF                                0x0800548c   Data           2  stm324x9i_eval.o(.constdata)
    COM_RX_AF                                0x0800548e   Data           2  stm324x9i_eval.o(.constdata)
    GPIO_PIN                                 0x08005490   Data           8  stm324x9i_eval.o(.constdata)
    BUTTON_PIN                               0x08005498   Data          16  stm324x9i_eval.o(.constdata)
    BUTTON_IRQn                              0x080054a8   Data          16  stm324x9i_eval.o(.constdata)
    Font24_Table                             0x080054b8   Data        6840  stm324x9i_eval_lcd.o(.constdata)
    Font16_Table                             0x08006f70   Data        3040  stm324x9i_eval_lcd.o(.constdata)
    Font12_Table                             0x08007b50   Data        1140  stm324x9i_eval_lcd.o(.constdata)
    APBAHBPrescTable                         0x08007fc4   Data          16  stm32f4xx_hal_rcc.o(.constdata)
    OSCfg_IdleTaskStkBasePtr                 0x08007fd4   Data           4  os_cfg_app.o(.constdata)
    OSCfg_IdleTaskStkLimit                   0x08007fd8   Data           4  os_cfg_app.o(.constdata)
    OSCfg_IdleTaskStkSize                    0x08007fdc   Data           4  os_cfg_app.o(.constdata)
    OSCfg_ISRStkBasePtr                      0x08007fe0   Data           4  os_cfg_app.o(.constdata)
    OSCfg_ISRStkSize                         0x08007fe4   Data           4  os_cfg_app.o(.constdata)
    OSCfg_MsgPoolSize                        0x08007fe8   Data           2  os_cfg_app.o(.constdata)
    OSCfg_MsgPoolBasePtr                     0x08007fec   Data           4  os_cfg_app.o(.constdata)
    OSCfg_StatTaskPrio                       0x08007ff0   Data           1  os_cfg_app.o(.constdata)
    OSCfg_StatTaskRate_Hz                    0x08007ff4   Data           4  os_cfg_app.o(.constdata)
    OSCfg_StatTaskStkBasePtr                 0x08007ff8   Data           4  os_cfg_app.o(.constdata)
    OSCfg_StatTaskStkLimit                   0x08007ffc   Data           4  os_cfg_app.o(.constdata)
    OSCfg_StatTaskStkSize                    0x08008000   Data           4  os_cfg_app.o(.constdata)
    OSCfg_StkSizeMin                         0x08008004   Data           4  os_cfg_app.o(.constdata)
    OSCfg_TickRate_Hz                        0x08008008   Data           4  os_cfg_app.o(.constdata)
    OSCfg_TickTaskPrio                       0x0800800c   Data           1  os_cfg_app.o(.constdata)
    OSCfg_TickTaskStkBasePtr                 0x08008010   Data           4  os_cfg_app.o(.constdata)
    OSCfg_TickTaskStkLimit                   0x08008014   Data           4  os_cfg_app.o(.constdata)
    OSCfg_TickTaskStkSize                    0x08008018   Data           4  os_cfg_app.o(.constdata)
    OSCfg_TickWheelSize                      0x0800801c   Data           2  os_cfg_app.o(.constdata)
    OSCfg_TmrTaskPrio                        0x0800801e   Data           1  os_cfg_app.o(.constdata)
    OSCfg_TmrTaskRate_Hz                     0x08008020   Data           4  os_cfg_app.o(.constdata)
    OSCfg_TmrTaskStkBasePtr                  0x08008024   Data           4  os_cfg_app.o(.constdata)
    OSCfg_TmrTaskStkLimit                    0x08008028   Data           4  os_cfg_app.o(.constdata)
    OSCfg_TmrTaskStkSize                     0x0800802c   Data           4  os_cfg_app.o(.constdata)
    OSCfg_TmrWheelSize                       0x08008030   Data           2  os_cfg_app.o(.constdata)
    Region$$Table$$Base                      0x08008034   Number         0  anon$$obj.o(Region$$Table)
    Region$$Table$$Limit                     0x08008054   Number         0  anon$$obj.o(Region$$Table)
    LCD_CacheBuffer_yptr_invert              0x20000000   Data           1  lcd_log.o(.data)
    LCD_ScrollActive                         0x20000001   Data           1  lcd_log.o(.data)
    LCD_Lock                                 0x20000002   Data           1  lcd_log.o(.data)
    LCD_Scrolled                             0x20000003   Data           1  lcd_log.o(.data)
    LCD_CacheBuffer_xptr                     0x20000004   Data           2  lcd_log.o(.data)
    LCD_CacheBuffer_yptr_top                 0x20000006   Data           2  lcd_log.o(.data)
    LCD_CacheBuffer_yptr_bottom              0x20000008   Data           2  lcd_log.o(.data)
    LCD_CacheBuffer_yptr_top_bak             0x2000000a   Data           2  lcd_log.o(.data)
    LCD_CacheBuffer_yptr_bottom_bak          0x2000000c   Data           2  lcd_log.o(.data)
    LCD_ScrollBackStep                       0x2000000e   Data           2  lcd_log.o(.data)
    LCD_LineColor                            0x20000010   Data           4  lcd_log.o(.data)
    COM_USART                                0x20000018   Data           4  stm324x9i_eval.o(.data)
    COM_TX_PORT                              0x2000001c   Data           4  stm324x9i_eval.o(.data)
    COM_RX_PORT                              0x20000020   Data           4  stm324x9i_eval.o(.data)
    GPIO_PORT                                0x20000024   Data          16  stm324x9i_eval.o(.data)
    BUTTON_PORT                              0x20000034   Data          32  stm324x9i_eval.o(.data)
    Font24                                   0x20000058   Data           8  stm324x9i_eval_lcd.o(.data)
    Font16                                   0x20000060   Data           8  stm324x9i_eval_lcd.o(.data)
    Font12                                   0x20000068   Data           8  stm324x9i_eval_lcd.o(.data)
    SystemCoreClock                          0x20000074   Data           4  system_stm32f4xx.o(.data)
    AHBPrescTable                            0x20000078   Data          16  system_stm32f4xx.o(.data)
    CPU_IntDisMeasCtr                        0x2000008c   Data           2  cpu_core.o(.data)
    CPU_IntDisNestCtr                        0x2000008e   Data           2  cpu_core.o(.data)
    CPU_TS_TmrFreq_Hz                        0x20000090   Data           4  cpu_core.o(.data)
    CPU_IntDisMeasStart_cnts                 0x20000094   Data           4  cpu_core.o(.data)
    CPU_IntDisMeasStop_cnts                  0x20000098   Data           4  cpu_core.o(.data)
    CPU_IntDisMeasOvrhd_cnts                 0x2000009c   Data           4  cpu_core.o(.data)
    CPU_IntDisMeasMaxCur_cnts                0x200000a0   Data           4  cpu_core.o(.data)
    CPU_IntDisMeasMax_cnts                   0x200000a4   Data           4  cpu_core.o(.data)
    OS_CPU_ExceptStkBase                     0x200000a8   Data           4  os_cpu_c.o(.data)
    OSPrioTbl                                0x200000ac   Data           8  os_prio.o(.data)
    OS_AppTaskCreateHookPtr                  0x200000b4   Data           4  os_var.o(.data)
    OS_AppTaskDelHookPtr                     0x200000b8   Data           4  os_var.o(.data)
    OS_AppTaskReturnHookPtr                  0x200000bc   Data           4  os_var.o(.data)
    OS_AppIdleTaskHookPtr                    0x200000c0   Data           4  os_var.o(.data)
    OS_AppStatTaskHookPtr                    0x200000c4   Data           4  os_var.o(.data)
    OS_AppTaskSwHookPtr                      0x200000c8   Data           4  os_var.o(.data)
    OS_AppTimeTickHookPtr                    0x200000cc   Data           4  os_var.o(.data)
    OSIdleTaskCtr                            0x200000d0   Data           4  os_var.o(.data)
    OSIntNestingCtr                          0x200000d4   Data           1  os_var.o(.data)
    OSIntDisTimeMax                          0x200000d8   Data           4  os_var.o(.data)
    OSRunning                                0x200000dc   Data           1  os_var.o(.data)
    OSFlagDbgListPtr                         0x200000e0   Data           4  os_var.o(.data)
    OSFlagQty                                0x200000e4   Data           2  os_var.o(.data)
    OSMemDbgListPtr                          0x200000e8   Data           4  os_var.o(.data)
    OSMemQty                                 0x200000ec   Data           2  os_var.o(.data)
    OSMutexDbgListPtr                        0x200000f0   Data           4  os_var.o(.data)
    OSMutexQty                               0x200000f4   Data           2  os_var.o(.data)
    OSPrioCur                                0x200000f6   Data           1  os_var.o(.data)
    OSPrioHighRdy                            0x200000f7   Data           1  os_var.o(.data)
    OSPrioSaved                              0x200000f8   Data           1  os_var.o(.data)
    OSQDbgListPtr                            0x200000fc   Data           4  os_var.o(.data)
    OSQQty                                   0x20000100   Data           2  os_var.o(.data)
    OSSchedLockNestingCtr                    0x20000102   Data           1  os_var.o(.data)
    OSSemDbgListPtr                          0x20000104   Data           4  os_var.o(.data)
    OSSemQty                                 0x20000108   Data           2  os_var.o(.data)
    OSStatResetFlag                          0x2000010a   Data           1  os_var.o(.data)
    OSStatTaskCPUUsage                       0x2000010c   Data           2  os_var.o(.data)
    OSStatTaskCPUUsageMax                    0x2000010e   Data           2  os_var.o(.data)
    OSStatTaskCtr                            0x20000110   Data           4  os_var.o(.data)
    OSStatTaskCtrMax                         0x20000114   Data           4  os_var.o(.data)
    OSStatTaskCtrRun                         0x20000118   Data           4  os_var.o(.data)
    OSStatTaskRdy                            0x2000011c   Data           1  os_var.o(.data)
    OSStatTaskTimeMax                        0x20000120   Data           4  os_var.o(.data)
    OSTaskCtxSwCtr                           0x20000124   Data           4  os_var.o(.data)
    OSTaskDbgListPtr                         0x20000128   Data           4  os_var.o(.data)
    OSTaskQty                                0x2000012c   Data           2  os_var.o(.data)
    OSTaskRegNextAvailID                     0x2000012e   Data           1  os_var.o(.data)
    OSTickCtr                                0x20000130   Data           4  os_var.o(.data)
    OSTickTaskTimeMax                        0x20000134   Data           4  os_var.o(.data)
    OSTmrDbgListPtr                          0x20000138   Data           4  os_var.o(.data)
    OSTmrTaskTimeMax                         0x2000013c   Data           4  os_var.o(.data)
    OSTmrTickCtr                             0x20000140   Data           4  os_var.o(.data)
    OSTmrUpdateCnt                           0x20000144   Data           4  os_var.o(.data)
    OSTmrUpdateCtr                           0x20000148   Data           4  os_var.o(.data)
    OSTCBCurPtr                              0x2000014c   Data           4  os_var.o(.data)
    OSTCBHighRdyPtr                          0x20000150   Data           4  os_var.o(.data)
    SerialMutex                              0x20000154   Data          44  main.o(.bss)
    Task_StartupTCB                          0x20000180   Data         196  main.o(.bss)
    Task_StartupStk                          0x20000244   Data        4000  main.o(.bss)
    Task_ATCB                                0x200011e4   Data         196  task.o(.bss)
    Task_AStk                                0x200012a8   Data        4000  task.o(.bss)
    Task_BTCB                                0x20002248   Data         196  task.o(.bss)
    Task_BStk                                0x2000230c   Data        4000  task.o(.bss)
    UartHandle                               0x200032ac   Data          60  bsp.o(.bss)
    OSCfg_IdleTaskStk                        0x200034c8   Data         512  os_cfg_app.o(.bss)
    OSCfg_ISRStk                             0x200036c8   Data        1024  os_cfg_app.o(.bss)
    OSCfg_MsgPool                            0x20003ac8   Data        1600  os_cfg_app.o(.bss)
    OSCfg_StatTaskStk                        0x20004108   Data         512  os_cfg_app.o(.bss)
    OSCfg_TickTaskStk                        0x20004308   Data         512  os_cfg_app.o(.bss)
    OSCfg_TickWheel                          0x20004508   Data         128  os_cfg_app.o(.bss)
    OSCfg_TmrTaskStk                         0x20004588   Data         512  os_cfg_app.o(.bss)
    OSCfg_TmrWheel                           0x20004788   Data         136  os_cfg_app.o(.bss)
    OSIdleTaskTCB                            0x20004810   Data         196  os_var.o(.bss)
    OSMsgPool                                0x200048d4   Data          12  os_var.o(.bss)
    OSRdyList                                0x200048e0   Data         768  os_var.o(.bss)
    OSStatTaskTCB                            0x20004be0   Data         196  os_var.o(.bss)
    OSTickTaskTCB                            0x20004ca4   Data         196  os_var.o(.bss)
    OSTmrTaskTCB                             0x20004d68   Data         196  os_var.o(.bss)
    __initial_sp                             0x20005230   Data           0  startup_stm32f429xx.o(STACK)



==============================================================================

Memory Map of the image

  Image Entry point : 0x080001ad

  Load Region LR_IROM1 (Base: 0x08000000, Size: 0x000081a8, Max: 0x00200000, ABSOLUTE, COMPRESSED[0x00008098])

    Execution Region ER_IROM1 (Base: 0x08000000, Size: 0x00008054, Max: 0x00200000, ABSOLUTE)

    Base Addr    Size         Type   Attr      Idx    E Section Name        Object

    0x08000000   0x000001ac   Data   RO            3    RESET               startup_stm32f429xx.o
    0x080001ac   0x00000000   Code   RO         5710  * .ARM.Collect$$$$00000000  mc_w.l(entry.o)
    0x080001ac   0x00000004   Code   RO         5717    .ARM.Collect$$$$00000001  mc_w.l(entry2.o)
    0x080001b0   0x00000004   Code   RO         5720    .ARM.Collect$$$$00000004  mc_w.l(entry5.o)
    0x080001b4   0x00000000   Code   RO         5722    .ARM.Collect$$$$00000008  mc_w.l(entry7b.o)
    0x080001b4   0x00000000   Code   RO         5724    .ARM.Collect$$$$0000000A  mc_w.l(entry8b.o)
    0x080001b4   0x00000008   Code   RO         5725    .ARM.Collect$$$$0000000B  mc_w.l(entry9a.o)
    0x080001bc   0x00000000   Code   RO         5727    .ARM.Collect$$$$0000000D  mc_w.l(entry10a.o)
    0x080001bc   0x00000000   Code   RO         5729    .ARM.Collect$$$$0000000F  mc_w.l(entry11a.o)
    0x080001bc   0x00000004   Code   RO         5718    .ARM.Collect$$$$00002712  mc_w.l(entry2.o)
    0x080001c0   0x00000024   Code   RO            4    .text               startup_stm32f429xx.o
    0x080001e4   0x00000034   Code   RO         4033    .text               cpu_a.o
    0x08000218   0x00000024   Code   RO         5713    .text               mc_w.l(memcpya.o)
    0x0800023c   0x00000024   Code   RO         5731    .text               mc_w.l(init.o)
    0x08000260   0x00000056   Code   RO         5741    .text               mc_w.l(__dczerorl2.o)
    0x080002b6   0x00000002   PAD
    0x080002b8   0x000000b0   Code   RO         4548    CODE                os_cpu_a.o
    0x08000368   0x00000078   Code   RO          685    i.BSP_Config        bsp.o
    0x080003e0   0x00000012   Code   RO          686    i.BSP_Init          bsp.o
    0x080003f2   0x00000002   PAD
    0x080003f4   0x00000038   Code   RO          982    i.BSP_LCD_Clear     stm324x9i_eval_lcd.o
    0x0800042c   0x00000034   Code   RO          984    i.BSP_LCD_DisplayChar  stm324x9i_eval_lcd.o
    0x08000460   0x000000bc   Code   RO          987    i.BSP_LCD_DisplayStringAt  stm324x9i_eval_lcd.o
    0x0800051c   0x0000001c   Code   RO          988    i.BSP_LCD_DisplayStringAtLine  stm324x9i_eval_lcd.o
    0x08000538   0x00000030   Code   RO          994    i.BSP_LCD_DrawPixel  stm324x9i_eval_lcd.o
    0x08000568   0x00000068   Code   RO         1001    i.BSP_LCD_FillRect  stm324x9i_eval_lcd.o
    0x080005d0   0x0000001c   Code   RO         1003    i.BSP_LCD_GetFont   stm324x9i_eval_lcd.o
    0x080005ec   0x00000020   Code   RO         1005    i.BSP_LCD_GetXSize  stm324x9i_eval_lcd.o
    0x0800060c   0x00000020   Code   RO         1006    i.BSP_LCD_GetYSize  stm324x9i_eval_lcd.o
    0x0800062c   0x0000008c   Code   RO         1007    i.BSP_LCD_Init      stm324x9i_eval_lcd.o
    0x080006b8   0x0000007c   Code   RO         1008    i.BSP_LCD_LayerDefaultInit  stm324x9i_eval_lcd.o
    0x08000734   0x0000000c   Code   RO         1011    i.BSP_LCD_SelectLayer  stm324x9i_eval_lcd.o
    0x08000740   0x0000001c   Code   RO         1012    i.BSP_LCD_SetBackColor  stm324x9i_eval_lcd.o
    0x0800075c   0x0000001c   Code   RO         1014    i.BSP_LCD_SetFont   stm324x9i_eval_lcd.o
    0x08000778   0x00000018   Code   RO         1018    i.BSP_LCD_SetTextColor  stm324x9i_eval_lcd.o
    0x08000790   0x0000004c   Code   RO          740    i.BSP_LED_Init      stm324x9i_eval.o
    0x080007dc   0x00000074   Code   RO         1279    i.BSP_SDRAM_Init    stm324x9i_eval_sdram.o
    0x08000850   0x00000088   Code   RO         1280    i.BSP_SDRAM_Initialization_sequence  stm324x9i_eval_sdram.o
    0x080008d8   0x00000002   Code   RO          346    i.BusFault_Handler  stm32f4xx_it.o
    0x080008da   0x00000002   PAD
    0x080008dc   0x00000014   Code   RO         3889    i.CPU_IntDisMeasMaxCalc  cpu_core.o
    0x080008f0   0x0000001c   Code   RO         3890    i.CPU_IntDisMeasMaxCurGet  cpu_core.o
    0x0800090c   0x00000020   Code   RO         3891    i.CPU_IntDisMeasMaxCurReset  cpu_core.o
    0x0800092c   0x0000001c   Code   RO         3892    i.CPU_IntDisMeasMaxGet  cpu_core.o
    0x08000948   0x00000020   Code   RO         3893    i.CPU_IntDisMeasStart  cpu_core.o
    0x08000968   0x00000030   Code   RO         3894    i.CPU_IntDisMeasStop  cpu_core.o
    0x08000998   0x00000004   Code   RO         4453    i.CPU_TS_TmrRd      os_cpu_c.o
    0x0800099c   0x0000009c   Code   RO         1969    i.DMA2D_SetConfig   stm32f4xx_hal_dma2d.o
    0x08000a38   0x00000002   Code   RO          347    i.DebugMon_Handler  stm32f4xx_it.o
    0x08000a3a   0x00000002   PAD
    0x08000a3c   0x000000b4   Code   RO         1020    i.DrawChar          stm324x9i_eval_lcd.o
    0x08000af0   0x0000003a   Code   RO         3677    i.FMC_SDRAM_Init    stm32f4xx_ll_fmc.o
    0x08000b2a   0x0000000c   Code   RO         3678    i.FMC_SDRAM_ProgramRefreshRate  stm32f4xx_ll_fmc.o
    0x08000b36   0x00000046   Code   RO         3679    i.FMC_SDRAM_SendCommand  stm32f4xx_ll_fmc.o
    0x08000b7c   0x00000064   Code   RO         3681    i.FMC_SDRAM_Timing_Init  stm32f4xx_ll_fmc.o
    0x08000be0   0x00000084   Code   RO         1974    i.HAL_DMA2D_ConfigLayer  stm32f4xx_hal_dma2d.o
    0x08000c64   0x00000056   Code   RO         1981    i.HAL_DMA2D_Init    stm32f4xx_hal_dma2d.o
    0x08000cba   0x00000002   Code   RO         1983    i.HAL_DMA2D_MspInit  stm32f4xx_hal_dma2d.o
    0x08000cbc   0x000000e8   Code   RO         1984    i.HAL_DMA2D_PollForTransfer  stm32f4xx_hal_dma2d.o
    0x08000da4   0x0000003e   Code   RO         1987    i.HAL_DMA2D_Start   stm32f4xx_hal_dma2d.o
    0x08000de2   0x00000002   PAD
    0x08000de4   0x000009d0   Code   RO         1898    i.HAL_DMA_DeInit    stm32f4xx_hal_dma.o
    0x080017b4   0x00000070   Code   RO         1902    i.HAL_DMA_Init      stm32f4xx_hal_dma.o
    0x08001824   0x00000018   Code   RO         1381    i.HAL_Delay         stm32f4xx_hal.o
    0x0800183c   0x00000224   Code   RO         2459    i.HAL_GPIO_Init     stm32f4xx_hal_gpio.o
    0x08001a60   0x0000000a   Code   RO         2462    i.HAL_GPIO_WritePin  stm32f4xx_hal_gpio.o
    0x08001a6a   0x00000002   PAD
    0x08001a6c   0x0000000c   Code   RO         1395    i.HAL_GetTick       stm32f4xx_hal.o
    0x08001a78   0x00000010   Code   RO         1396    i.HAL_IncTick       stm32f4xx_hal.o
    0x08001a88   0x00000038   Code   RO         1397    i.HAL_Init          stm32f4xx_hal.o
    0x08001ac0   0x00000052   Code   RO         2838    i.HAL_LTDC_ConfigLayer  stm32f4xx_hal_ltdc.o
    0x08001b12   0x00000002   PAD
    0x08001b14   0x000000f8   Code   RO         2850    i.HAL_LTDC_Init     stm32f4xx_hal_ltdc.o
    0x08001c0c   0x00000002   Code   RO         2853    i.HAL_LTDC_MspInit  stm32f4xx_hal_ltdc.o
    0x08001c0e   0x00000002   Code   RO         1399    i.HAL_MspInit       stm32f4xx_hal.o
    0x08001c10   0x00000016   Code   RO         1785    i.HAL_NVIC_EnableIRQ  stm32f4xx_hal_cortex.o
    0x08001c26   0x00000002   PAD
    0x08001c28   0x00000040   Code   RO         1791    i.HAL_NVIC_SetPriority  stm32f4xx_hal_cortex.o
    0x08001c68   0x00000024   Code   RO         1792    i.HAL_NVIC_SetPriorityGrouping  stm32f4xx_hal_cortex.o
    0x08001c8c   0x00000060   Code   RO         3091    i.HAL_PWREx_ActivateOverDrive  stm32f4xx_hal_pwr_ex.o
    0x08001cec   0x00000268   Code   RO         3247    i.HAL_RCCEx_PeriphCLKConfig  stm32f4xx_hal_rcc_ex.o
    0x08001f54   0x000001b4   Code   RO         3142    i.HAL_RCC_ClockConfig  stm32f4xx_hal_rcc.o
    0x08002108   0x00000034   Code   RO         3147    i.HAL_RCC_GetHCLKFreq  stm32f4xx_hal_rcc.o
    0x0800213c   0x0000002c   Code   RO         3149    i.HAL_RCC_GetPCLK1Freq  stm32f4xx_hal_rcc.o
    0x08002168   0x0000002c   Code   RO         3150    i.HAL_RCC_GetPCLK2Freq  stm32f4xx_hal_rcc.o
    0x08002194   0x00000084   Code   RO         3151    i.HAL_RCC_GetSysClockFreq  stm32f4xx_hal_rcc.o
    0x08002218   0x0000031c   Code   RO         3154    i.HAL_RCC_OscConfig  stm32f4xx_hal_rcc.o
    0x08002534   0x0000003c   Code   RO         3278    i.HAL_SDRAM_Init    stm32f4xx_hal_sdram.o
    0x08002570   0x00000002   Code   RO         3280    i.HAL_SDRAM_MspInit  stm32f4xx_hal_sdram.o
    0x08002572   0x00000022   Code   RO         3281    i.HAL_SDRAM_ProgramRefreshRate  stm32f4xx_hal_sdram.o
    0x08002594   0x00000030   Code   RO         3287    i.HAL_SDRAM_SendCommand  stm32f4xx_hal_sdram.o
    0x080025c4   0x00000028   Code   RO         1796    i.HAL_SYSTICK_Config  stm32f4xx_hal_cortex.o
    0x080025ec   0x0000005c   Code   RO         3440    i.HAL_UART_Init     stm32f4xx_hal_uart.o
    0x08002648   0x00000058   Code   RO          286    i.HAL_UART_MspInit  stm32f4xx_hal_msp.o
    0x080026a0   0x00000002   Code   RO          348    i.HardFault_Handler  stm32f4xx_it.o
    0x080026a2   0x00000002   PAD
    0x080026a4   0x00000028   Code   RO          400    i.LCD_LOG_DeInit    lcd_log.o
    0x080026cc   0x00000012   Code   RO          401    i.LCD_LOG_Init      lcd_log.o
    0x080026de   0x00000002   PAD
    0x080026e0   0x0000007c   Code   RO          404    i.LCD_LOG_SetFooter  lcd_log.o
    0x0800275c   0x00000074   Code   RO          405    i.LCD_LOG_SetHeader  lcd_log.o
    0x080027d0   0x00000060   Code   RO         1023    i.LL_FillBuffer     stm324x9i_eval_lcd.o
    0x08002830   0x00000158   Code   RO         2860    i.LTDC_SetConfig    stm32f4xx_hal_ltdc.o
    0x08002988   0x00000002   Code   RO          349    i.MemManage_Handler  stm32f4xx_it.o
    0x0800298a   0x00000002   PAD
    0x0800298c   0x000000c4   Code   RO         1024    i.MspInit           stm324x9i_eval_lcd.o
    0x08002a50   0x00000002   Code   RO          350    i.NMI_Handler       stm32f4xx_it.o
    0x08002a52   0x00000020   Code   RO         1798    i.NVIC_SetPriority  stm32f4xx_hal_cortex.o
    0x08002a72   0x00000002   Code   RO         4551    i.OSCfg_Init        os_cfg_app.o
    0x08002a74   0x00000010   Code   RO         4454    i.OSIdleTaskHook    os_cpu_c.o
    0x08002a84   0x00000140   Code   RO         4621    i.OSInit            os_core.o
    0x08002bc4   0x00000024   Code   RO         4455    i.OSInitHook        os_cpu_c.o
    0x08002be8   0x00000084   Code   RO         4623    i.OSIntExit         os_core.o
    0x08002c6c   0x00000074   Code   RO         5002    i.OSMutexCreate     os_mutex.o
    0x08002ce0   0x000001c8   Code   RO         5004    i.OSMutexPend       os_mutex.o
    0x08002ea8   0x00000138   Code   RO         5006    i.OSMutexPost       os_mutex.o
    0x08002fe0   0x00000074   Code   RO         4624    i.OSSched           os_core.o
    0x08003054   0x00000058   Code   RO         4625    i.OSSchedLock       os_core.o
    0x080030ac   0x00000070   Code   RO         4626    i.OSSchedUnlock     os_core.o
    0x0800311c   0x00000058   Code   RO         4627    i.OSStart           os_core.o
    0x08003174   0x000000dc   Code   RO         5273    i.OSStatReset       os_stat.o
    0x08003250   0x000000b4   Code   RO         5274    i.OSStatTaskCPUUsageInit  os_stat.o
    0x08003304   0x00000010   Code   RO         4456    i.OSStatTaskHook    os_cpu_c.o
    0x08003314   0x00000160   Code   RO         5304    i.OSTaskCreate      os_task.o
    0x08003474   0x00000010   Code   RO         4457    i.OSTaskCreateHook  os_cpu_c.o
    0x08003484   0x000000e8   Code   RO         5305    i.OSTaskDel         os_task.o
    0x0800356c   0x00000010   Code   RO         4458    i.OSTaskDelHook     os_cpu_c.o
    0x0800357c   0x00000058   Code   RO         5313    i.OSTaskResume      os_task.o
    0x080035d4   0x00000010   Code   RO         4459    i.OSTaskReturnHook  os_cpu_c.o
    0x080035e4   0x0000013c   Code   RO         5314    i.OSTaskSemPend     os_task.o
    0x08003720   0x0000002e   Code   RO         5316    i.OSTaskSemPost     os_task.o
    0x0800374e   0x00000002   PAD
    0x08003750   0x000000ac   Code   RO         5318    i.OSTaskStkChk      os_task.o
    0x080037fc   0x00000128   Code   RO         4460    i.OSTaskStkInit     os_cpu_c.o
    0x08003924   0x00000028   Code   RO         5319    i.OSTaskSuspend     os_task.o
    0x0800394c   0x0000004c   Code   RO         4461    i.OSTaskSwHook      os_cpu_c.o
    0x08003998   0x00000098   Code   RO         5513    i.OSTimeDly         os_time.o
    0x08003a30   0x00000124   Code   RO         5514    i.OSTimeDlyHMSM     os_time.o
    0x08003b54   0x0000003c   Code   RO         5518    i.OSTimeTick        os_time.o
    0x08003b90   0x00000010   Code   RO         4462    i.OSTimeTickHook    os_cpu_c.o
    0x08003ba0   0x00000034   Code   RO         4463    i.OS_CPU_SysTickHandler  os_cpu_c.o
    0x08003bd4   0x00000028   Code   RO         4464    i.OS_CPU_SysTickInit  os_cpu_c.o
    0x08003bfc   0x00000002   Code   RO         4824    i.OS_Dbg_Init       os_dbg.o
    0x08003bfe   0x00000002   PAD
    0x08003c00   0x00000018   Code   RO         4851    i.OS_FlagInit       os_flag.o
    0x08003c18   0x00000034   Code   RO         4629    i.OS_IdleTask       os_core.o
    0x08003c4c   0x00000068   Code   RO         4630    i.OS_IdleTaskInit   os_core.o
    0x08003cb4   0x00000018   Code   RO         4934    i.OS_MemInit        os_mem.o
    0x08003ccc   0x00000068   Code   RO         4966    i.OS_MsgPoolInit    os_msg.o
    0x08003d34   0x00000034   Code   RO         4967    i.OS_MsgQFreeAll    os_msg.o
    0x08003d68   0x0000000e   Code   RO         4969    i.OS_MsgQInit       os_msg.o
    0x08003d76   0x00000002   PAD
    0x08003d78   0x00000024   Code   RO         5008    i.OS_MutexDbgListAdd  os_mutex.o
    0x08003d9c   0x00000018   Code   RO         5010    i.OS_MutexInit      os_mutex.o
    0x08003db4   0x00000050   Code   RO         4631    i.OS_Pend           os_core.o
    0x08003e04   0x00000030   Code   RO         4634    i.OS_PendDataInit   os_core.o
    0x08003e34   0x00000048   Code   RO         4635    i.OS_PendDbgNameAdd  os_core.o
    0x08003e7c   0x0000001c   Code   RO         4636    i.OS_PendDbgNameRemove  os_core.o
    0x08003e98   0x00000032   Code   RO         4637    i.OS_PendListChangePrio  os_core.o
    0x08003eca   0x0000000a   Code   RO         4638    i.OS_PendListInit   os_core.o
    0x08003ed4   0x0000005a   Code   RO         4640    i.OS_PendListInsertPrio  os_core.o
    0x08003f2e   0x00000026   Code   RO         4641    i.OS_PendListRemove  os_core.o
    0x08003f54   0x00000036   Code   RO         4642    i.OS_PendListRemove1  os_core.o
    0x08003f8a   0x00000098   Code   RO         4645    i.OS_Post           os_core.o
    0x08004022   0x00000026   Code   RO         4646    i.OS_Post1          os_core.o
    0x08004048   0x00000024   Code   RO         5092    i.OS_PrioGetHighest  os_prio.o
    0x0800406c   0x00000018   Code   RO         5093    i.OS_PrioInit       os_prio.o
    0x08004084   0x00000020   Code   RO         5094    i.OS_PrioInsert     os_prio.o
    0x080040a4   0x00000020   Code   RO         5095    i.OS_PrioRemove     os_prio.o
    0x080040c4   0x00000018   Code   RO         5138    i.OS_QInit          os_q.o
    0x080040dc   0x00000024   Code   RO         4647    i.OS_RdyListInit    os_core.o
    0x08004100   0x00000030   Code   RO         4648    i.OS_RdyListInsert  os_core.o
    0x08004130   0x00000038   Code   RO         4649    i.OS_RdyListInsertHead  os_core.o
    0x08004168   0x00000034   Code   RO         4650    i.OS_RdyListInsertTail  os_core.o
    0x0800419c   0x00000054   Code   RO         4652    i.OS_RdyListRemove  os_core.o
    0x080041f0   0x00000018   Code   RO         5210    i.OS_SemInit        os_sem.o
    0x08004208   0x00000244   Code   RO         5275    i.OS_StatTask       os_stat.o
    0x0800444c   0x000000bc   Code   RO         5276    i.OS_StatTaskInit   os_stat.o
    0x08004508   0x0000002a   Code   RO         4653    i.OS_TaskBlock      os_core.o
    0x08004532   0x00000002   PAD
    0x08004534   0x00000024   Code   RO         5320    i.OS_TaskDbgListAdd  os_task.o
    0x08004558   0x00000038   Code   RO         5321    i.OS_TaskDbgListRemove  os_task.o
    0x08004590   0x00000020   Code   RO         5322    i.OS_TaskInit       os_task.o
    0x080045b0   0x000000c4   Code   RO         5323    i.OS_TaskInitTCB    os_task.o
    0x08004674   0x0000001c   Code   RO         4654    i.OS_TaskRdy        os_core.o
    0x08004690   0x000000b8   Code   RO         5325    i.OS_TaskResume     os_task.o
    0x08004748   0x00000018   Code   RO         5326    i.OS_TaskReturn     os_task.o
    0x08004760   0x000000ac   Code   RO         5327    i.OS_TaskSemPost    os_task.o
    0x0800480c   0x000000a8   Code   RO         5328    i.OS_TaskSuspend    os_task.o
    0x080048b4   0x0000002c   Code   RO         5465    i.OS_TickListInit   os_tick.o
    0x080048e0   0x000000d8   Code   RO         5466    i.OS_TickListInsert  os_tick.o
    0x080049b8   0x00000036   Code   RO         5467    i.OS_TickListRemove  os_tick.o
    0x080049ee   0x00000002   PAD
    0x080049f0   0x00000028   Code   RO         5468    i.OS_TickListResetPeak  os_tick.o
    0x08004a18   0x00000118   Code   RO         5469    i.OS_TickListUpdate  os_tick.o
    0x08004b30   0x00000028   Code   RO         5470    i.OS_TickTask       os_tick.o
    0x08004b58   0x000000a8   Code   RO         5471    i.OS_TickTaskInit   os_tick.o
    0x08004c00   0x00000104   Code   RO         5564    i.OS_TmrInit        os_tmr.o
    0x08004d04   0x00000098   Code   RO         5565    i.OS_TmrLink        os_tmr.o
    0x08004d9c   0x00000028   Code   RO         5566    i.OS_TmrResetPeak   os_tmr.o
    0x08004dc4   0x000000a4   Code   RO         5567    i.OS_TmrTask        os_tmr.o
    0x08004e68   0x0000004c   Code   RO         5568    i.OS_TmrUnlink      os_tmr.o
    0x08004eb4   0x00000120   Code   RO         1286    i.SDRAM_MspInit     stm324x9i_eval_sdram.o
    0x08004fd4   0x00000068   Code   RO          687    i.SystemClock_Config  bsp.o
    0x0800503c   0x00000054   Code   RO         1349    i.SystemInit        system_stm32f4xx.o
    0x08005090   0x00000074   Code   RO          248    i.Task_A            task.o
    0x08005104   0x00000074   Code   RO          249    i.Task_B            task.o
    0x08005178   0x000000d0   Code   RO           12    i.Task_StartUp      main.o
    0x08005248   0x00000030   Code   RO          688    i.UART_Config       bsp.o
    0x08005278   0x00000178   Code   RO         3459    i.UART_SetConfig    stm32f4xx_hal_uart.o
    0x080053f0   0x00000002   Code   RO          351    i.UsageFault_Handler  stm32f4xx_it.o
    0x080053f2   0x0000000e   Code   RO         5735    i.__scatterload_copy  mc_w.l(handlers.o)
    0x08005400   0x00000002   Code   RO         5736    i.__scatterload_null  mc_w.l(handlers.o)
    0x08005402   0x0000000e   Code   RO         5737    i.__scatterload_zeroinit  mc_w.l(handlers.o)
    0x08005410   0x00000018   Code   RO          407    i.delay             lcd_log.o
    0x08005428   0x00000060   Code   RO           13    i.main              main.o
    0x08005488   0x00000030   Data   RO          771    .constdata          stm324x9i_eval.o
    0x080054b8   0x00001ab8   Data   RO         1026    .constdata          stm324x9i_eval_lcd.o
    0x08006f70   0x00000be0   Data   RO         1028    .constdata          stm324x9i_eval_lcd.o
    0x08007b50   0x00000474   Data   RO         1029    .constdata          stm324x9i_eval_lcd.o
    0x08007fc4   0x00000010   Data   RO         3155    .constdata          stm32f4xx_hal_rcc.o
    0x08007fd4   0x00000004   Data   RO         4560    .constdata          os_cfg_app.o
    0x08007fd8   0x00000004   Data   RO         4561    .constdata          os_cfg_app.o
    0x08007fdc   0x00000004   Data   RO         4562    .constdata          os_cfg_app.o
    0x08007fe0   0x00000004   Data   RO         4571    .constdata          os_cfg_app.o
    0x08007fe4   0x00000004   Data   RO         4572    .constdata          os_cfg_app.o
    0x08007fe8   0x00000002   Data   RO         4574    .constdata          os_cfg_app.o
    0x08007fea   0x00000002   PAD
    0x08007fec   0x00000004   Data   RO         4576    .constdata          os_cfg_app.o
    0x08007ff0   0x00000001   Data   RO         4577    .constdata          os_cfg_app.o
    0x08007ff1   0x00000003   PAD
    0x08007ff4   0x00000004   Data   RO         4578    .constdata          os_cfg_app.o
    0x08007ff8   0x00000004   Data   RO         4579    .constdata          os_cfg_app.o
    0x08007ffc   0x00000004   Data   RO         4580    .constdata          os_cfg_app.o
    0x08008000   0x00000004   Data   RO         4581    .constdata          os_cfg_app.o
    0x08008004   0x00000004   Data   RO         4583    .constdata          os_cfg_app.o
    0x08008008   0x00000004   Data   RO         4584    .constdata          os_cfg_app.o
    0x0800800c   0x00000001   Data   RO         4585    .constdata          os_cfg_app.o
    0x0800800d   0x00000003   PAD
    0x08008010   0x00000004   Data   RO         4586    .constdata          os_cfg_app.o
    0x08008014   0x00000004   Data   RO         4587    .constdata          os_cfg_app.o
    0x08008018   0x00000004   Data   RO         4588    .constdata          os_cfg_app.o
    0x0800801c   0x00000002   Data   RO         4590    .constdata          os_cfg_app.o
    0x0800801e   0x00000001   Data   RO         4592    .constdata          os_cfg_app.o
    0x0800801f   0x00000001   PAD
    0x08008020   0x00000004   Data   RO         4593    .constdata          os_cfg_app.o
    0x08008024   0x00000004   Data   RO         4594    .constdata          os_cfg_app.o
    0x08008028   0x00000004   Data   RO         4595    .constdata          os_cfg_app.o
    0x0800802c   0x00000004   Data   RO         4596    .constdata          os_cfg_app.o
    0x08008030   0x00000002   Data   RO         4598    .constdata          os_cfg_app.o
    0x08008032   0x00000002   PAD
    0x08008034   0x00000020   Data   RO         5733    Region$$Table       anon$$obj.o


    Execution Region RW_IRAM1 (Base: 0x20000000, Size: 0x00005230, Max: 0x00030000, ABSOLUTE, COMPRESSED[0x00000044])

    Base Addr    Size         Type   Attr      Idx    E Section Name        Object

    0x20000000   0x00000014   Data   RW          409    .data               lcd_log.o
    0x20000014   0x00000040   Data   RW          772    .data               stm324x9i_eval.o
    0x20000054   0x0000000c   Data   RW         1031    .data               stm324x9i_eval_lcd.o
    0x20000060   0x00000008   Data   RW         1033    .data               stm324x9i_eval_lcd.o
    0x20000068   0x00000008   Data   RW         1034    .data               stm324x9i_eval_lcd.o
    0x20000070   0x00000001   Data   RW         1288    .data               stm324x9i_eval_sdram.o
    0x20000071   0x00000003   PAD
    0x20000074   0x00000014   Data   RW         1350    .data               system_stm32f4xx.o
    0x20000088   0x00000004   Data   RW         1400    .data               stm32f4xx_hal.o
    0x2000008c   0x0000001c   Data   RW         3905    .data               cpu_core.o
    0x200000a8   0x00000004   Data   RW         4465    .data               os_cpu_c.o
    0x200000ac   0x00000008   Data   RW         5096    .data               os_prio.o
    0x200000b4   0x00000004   Data   RW         5651    .data               os_var.o
    0x200000b8   0x00000004   Data   RW         5652    .data               os_var.o
    0x200000bc   0x00000004   Data   RW         5653    .data               os_var.o
    0x200000c0   0x00000004   Data   RW         5654    .data               os_var.o
    0x200000c4   0x00000004   Data   RW         5655    .data               os_var.o
    0x200000c8   0x00000004   Data   RW         5656    .data               os_var.o
    0x200000cc   0x00000004   Data   RW         5657    .data               os_var.o
    0x200000d0   0x00000004   Data   RW         5658    .data               os_var.o
    0x200000d4   0x00000001   Data   RW         5659    .data               os_var.o
    0x200000d5   0x00000003   PAD
    0x200000d8   0x00000004   Data   RW         5660    .data               os_var.o
    0x200000dc   0x00000001   Data   RW         5661    .data               os_var.o
    0x200000dd   0x00000003   PAD
    0x200000e0   0x00000004   Data   RW         5662    .data               os_var.o
    0x200000e4   0x00000002   Data   RW         5663    .data               os_var.o
    0x200000e6   0x00000002   PAD
    0x200000e8   0x00000004   Data   RW         5664    .data               os_var.o
    0x200000ec   0x00000002   Data   RW         5665    .data               os_var.o
    0x200000ee   0x00000002   PAD
    0x200000f0   0x00000004   Data   RW         5666    .data               os_var.o
    0x200000f4   0x00000002   Data   RW         5667    .data               os_var.o
    0x200000f6   0x00000001   Data   RW         5668    .data               os_var.o
    0x200000f7   0x00000001   Data   RW         5669    .data               os_var.o
    0x200000f8   0x00000001   Data   RW         5670    .data               os_var.o
    0x200000f9   0x00000003   PAD
    0x200000fc   0x00000004   Data   RW         5671    .data               os_var.o
    0x20000100   0x00000002   Data   RW         5672    .data               os_var.o
    0x20000102   0x00000001   Data   RW         5673    .data               os_var.o
    0x20000103   0x00000001   PAD
    0x20000104   0x00000004   Data   RW         5674    .data               os_var.o
    0x20000108   0x00000002   Data   RW         5675    .data               os_var.o
    0x2000010a   0x00000001   Data   RW         5676    .data               os_var.o
    0x2000010b   0x00000001   PAD
    0x2000010c   0x00000002   Data   RW         5677    .data               os_var.o
    0x2000010e   0x00000002   Data   RW         5678    .data               os_var.o
    0x20000110   0x00000004   Data   RW         5679    .data               os_var.o
    0x20000114   0x00000004   Data   RW         5680    .data               os_var.o
    0x20000118   0x00000004   Data   RW         5681    .data               os_var.o
    0x2000011c   0x00000001   Data   RW         5682    .data               os_var.o
    0x2000011d   0x00000003   PAD
    0x20000120   0x00000004   Data   RW         5683    .data               os_var.o
    0x20000124   0x00000004   Data   RW         5684    .data               os_var.o
    0x20000128   0x00000004   Data   RW         5685    .data               os_var.o
    0x2000012c   0x00000002   Data   RW         5686    .data               os_var.o
    0x2000012e   0x00000001   Data   RW         5687    .data               os_var.o
    0x2000012f   0x00000001   PAD
    0x20000130   0x00000004   Data   RW         5688    .data               os_var.o
    0x20000134   0x00000004   Data   RW         5689    .data               os_var.o
    0x20000138   0x00000004   Data   RW         5690    .data               os_var.o
    0x2000013c   0x00000004   Data   RW         5692    .data               os_var.o
    0x20000140   0x00000004   Data   RW         5693    .data               os_var.o
    0x20000144   0x00000004   Data   RW         5694    .data               os_var.o
    0x20000148   0x00000004   Data   RW         5695    .data               os_var.o
    0x2000014c   0x00000004   Data   RW         5696    .data               os_var.o
    0x20000150   0x00000004   Data   RW         5697    .data               os_var.o
    0x20000154   0x00001090   Zero   RW           14    .bss                main.o
    0x200011e4   0x000000c4   Zero   RW          250    .bss                task.o
    0x200012a8   0x00000fa0   Zero   RW          251    .bss                task.o
    0x20002248   0x000000c4   Zero   RW          252    .bss                task.o
    0x2000230c   0x00000fa0   Zero   RW          253    .bss                task.o
    0x200032ac   0x0000003c   Zero   RW          690    .bss                bsp.o
    0x200032e8   0x00000130   Zero   RW         1025    .bss                stm324x9i_eval_lcd.o
    0x20003418   0x000000b0   Zero   RW         1287    .bss                stm324x9i_eval_sdram.o
    0x200034c8   0x00000200   Zero   RW         4552    .bss                os_cfg_app.o
    0x200036c8   0x00000400   Zero   RW         4553    .bss                os_cfg_app.o
    0x20003ac8   0x00000640   Zero   RW         4554    .bss                os_cfg_app.o
    0x20004108   0x00000200   Zero   RW         4555    .bss                os_cfg_app.o
    0x20004308   0x00000200   Zero   RW         4556    .bss                os_cfg_app.o
    0x20004508   0x00000080   Zero   RW         4557    .bss                os_cfg_app.o
    0x20004588   0x00000200   Zero   RW         4558    .bss                os_cfg_app.o
    0x20004788   0x00000088   Zero   RW         4559    .bss                os_cfg_app.o
    0x20004810   0x000000c4   Zero   RW         5645    .bss                os_var.o
    0x200048d4   0x0000000c   Zero   RW         5646    .bss                os_var.o
    0x200048e0   0x00000300   Zero   RW         5647    .bss                os_var.o
    0x20004be0   0x000000c4   Zero   RW         5648    .bss                os_var.o
    0x20004ca4   0x000000c4   Zero   RW         5649    .bss                os_var.o
    0x20004d68   0x000000c4   Zero   RW         5650    .bss                os_var.o
    0x20004e2c   0x00000004   PAD
    0x20004e30   0x00000400   Zero   RW            1    STACK               startup_stm32f429xx.o


==============================================================================

Image component sizes


      Code (inc. data)   RO Data    RW Data    ZI Data      Debug   Object Name

       290         68          0          0         60       2600   bsp.o
        52          0          0          0          0        420   cpu_a.o
       188         26          0         28          0       7325   cpu_core.o
       322         34          0         20          0       5441   lcd_log.o
       304         92          0          0       4240     412805   main.o
         2          0         85          0       4936      19900   os_cfg_app.o
      2018        308          0          0          0      20250   os_core.o
       176         32          0          0          0        460   os_cpu_a.o
       600         64          0          4          0       9624   os_cpu_c.o
         2          0          0          0          0       1186   os_dbg.o
        24         10          0          0          0       1324   os_flag.o
        24         10          0          0          0       1125   os_mem.o
       170         16          0          0          0       2696   os_msg.o
       944         76          0          0          0       4938   os_mutex.o
       124         16          0          8          0       3506   os_prio.o
        24         10          0          0          0       1189   os_q.o
        24         10          0          0          0       1193   os_sem.o
      1168        200          0          0          0       4275   os_stat.o
      2114        172          0          0          0      13245   os_task.o
       842        120          0          0          0       6221   os_tick.o
       504         44          0          0          0       3193   os_time.o
       692        136          0          0          0       4664   os_tmr.o
         0          0          0        141       1564      18059   os_var.o
        36          8        428          0       1024        912   startup_stm32f429xx.o
        76         12         48         64          0       3047   stm324x9i_eval.o
      1396        166      11020         28        304      19379   stm324x9i_eval_lcd.o
       540         54          0          1        176       3237   stm324x9i_eval_sdram.o
       110         24          0          4          0       4701   stm32f4xx_hal.o
       194         14          0          0          0      30475   stm32f4xx_hal_cortex.o
      2624         40          0          0          0       2672   stm32f4xx_hal_dma.o
       670          4          0          0          0       5671   stm32f4xx_hal_dma2d.o
       558         52          0          0          0       3340   stm32f4xx_hal_gpio.o
       676          4          0          0          0       3678   stm32f4xx_hal_ltdc.o
        88          8          0          0          0      56599   stm32f4xx_hal_msp.o
        96         12          0          0          0        822   stm32f4xx_hal_pwr_ex.o
      1504         76         16          0          0      33378   stm32f4xx_hal_rcc.o
       616         38          0          0          0       1748   stm32f4xx_hal_rcc_ex.o
       144          0          0          0          0       3516   stm32f4xx_hal_sdram.o
       468         10          0          0          0       2148   stm32f4xx_hal_uart.o
        12          0          0          0          0       3105   stm32f4xx_it.o
       240          0          0          0          0       3660   stm32f4xx_ll_fmc.o
        84         18          0         20          0       1309   system_stm32f4xx.o
       232         96          0          0       8392       2250   task.o

    ----------------------------------------------------------------------
     21002       2080      11640        340      20700     731286   Object Totals
         0          0         32          0          0          0   (incl. Generated)
        30          0         11         22          4          0   (incl. Padding)

    ----------------------------------------------------------------------

      Code (inc. data)   RO Data    RW Data    ZI Data      Debug   Library Member Name

        86          0          0          0          0          0   __dczerorl2.o
         0          0          0          0          0          0   entry.o
         0          0          0          0          0          0   entry10a.o
         0          0          0          0          0          0   entry11a.o
         8          4          0          0          0          0   entry2.o
         4          0          0          0          0          0   entry5.o
         0          0          0          0          0          0   entry7b.o
         0          0          0          0          0          0   entry8b.o
         8          4          0          0          0          0   entry9a.o
        30          0          0          0          0          0   handlers.o
        36          8          0          0          0         68   init.o
        36          0          0          0          0         68   memcpya.o

    ----------------------------------------------------------------------
       210         16          0          0          0        136   Library Totals
         2          0          0          0          0          0   (incl. Padding)

    ----------------------------------------------------------------------

      Code (inc. data)   RO Data    RW Data    ZI Data      Debug   Library Name

       208         16          0          0          0        136   mc_w.l

    ----------------------------------------------------------------------
       210         16          0          0          0        136   Library Totals

    ----------------------------------------------------------------------

==============================================================================


      Code (inc. data)   RO Data    RW Data    ZI Data      Debug   

     21212       2096      11640        340      20700     714306   Grand Totals
     21212       2096      11640         68      20700     714306   ELF Image Totals (compressed)
     21212       2096      11640         68          0          0   ROM Totals

==============================================================================

    Total RO  Size (Code + RO Data)                32852 (  32.08kB)
    Total RW  Size (RW Data + ZI Data)             21040 (  20.55kB)
    Total ROM Size (Code + RO Data + RW Data)      32920 (  32.15kB)

==============================================================================

