Product: MDK-ARM Standard 5.10
Component: ARM Compiler 5.04 update 1 (build 49)
Tool: armlink [5040049]

==============================================================================

Section Cross References

    startup_stm32f429xx.o(RESET) refers to startup_stm32f429xx.o(STACK) for __initial_sp
    startup_stm32f429xx.o(RESET) refers to startup_stm32f429xx.o(.text) for Reset_Handler
    startup_stm32f429xx.o(RESET) refers to stm32f4xx_it.o(i.NMI_Handler) for NMI_Handler
    startup_stm32f429xx.o(RESET) refers to stm32f4xx_it.o(i.HardFault_Handler) for HardFault_Handler
    startup_stm32f429xx.o(RESET) refers to stm32f4xx_it.o(i.MemManage_Handler) for MemManage_Handler
    startup_stm32f429xx.o(RESET) refers to stm32f4xx_it.o(i.BusFault_Handler) for BusFault_Handler
    startup_stm32f429xx.o(RESET) refers to stm32f4xx_it.o(i.UsageFault_Handler) for UsageFault_Handler
    startup_stm32f429xx.o(RESET) refers to stm32f4xx_it.o(i.SVC_Handler) for SVC_Handler
    startup_stm32f429xx.o(RESET) refers to stm32f4xx_it.o(i.DebugMon_Handler) for DebugMon_Handler
    startup_stm32f429xx.o(RESET) refers to stm32f4xx_it.o(i.PendSV_Handler) for PendSV_Handler
    startup_stm32f429xx.o(RESET) refers to stm32f4xx_it.o(i.SysTick_Handler) for SysTick_Handler
    startup_stm32f429xx.o(RESET) refers to stm32f4xx_it.o(i.OTG_FS_IRQHandler) for OTG_FS_IRQHandler
    startup_stm32f429xx.o(.text) refers to system_stm32f4xx.o(i.SystemInit) for SystemInit
    startup_stm32f429xx.o(.text) refers to entry.o(.ARM.Collect$$$$00000000) for __main
    command.o(i.COMMAND_Download) refers to ff.o(i.f_open) for f_open
    command.o(i.COMMAND_Download) refers to stm324x9i_eval.o(i.BSP_LED_On) for BSP_LED_On
    command.o(i.COMMAND_Download) refers to iap_menu.o(i.Fail_Handler) for Fail_Handler
    command.o(i.COMMAND_Download) refers to flash_if.o(i.FLASH_If_EraseSectors) for FLASH_If_EraseSectors
    command.o(i.COMMAND_Download) refers to iap_menu.o(i.Erase_Fail_Handler) for Erase_Fail_Handler
    command.o(i.COMMAND_Download) refers to command.o(i.COMMAND_ProgramFlashMemory) for COMMAND_ProgramFlashMemory
    command.o(i.COMMAND_Download) refers to ff.o(i.f_close) for f_close
    command.o(i.COMMAND_Download) refers to command.o(.bss) for .bss
    command.o(i.COMMAND_ProgramFlashMemory) refers to ff.o(i.f_read) for f_read
    command.o(i.COMMAND_ProgramFlashMemory) refers to flash_if.o(i.FLASH_If_Write) for FLASH_If_Write
    command.o(i.COMMAND_ProgramFlashMemory) refers to iap_menu.o(i.Fail_Handler) for Fail_Handler
    command.o(i.COMMAND_ProgramFlashMemory) refers to command.o(.bss) for .bss
    command.o(i.COMMAND_ProgramFlashMemory) refers to command.o(.data) for .data
    command.o(i.COMMAND_Upload) refers to flash_if.o(i.FLASH_If_ReadOutProtectionStatus) for FLASH_If_ReadOutProtectionStatus
    command.o(i.COMMAND_Upload) refers to iap_menu.o(i.Fail_Handler) for Fail_Handler
    command.o(i.COMMAND_Upload) refers to ff.o(i.f_unlink) for f_unlink
    command.o(i.COMMAND_Upload) refers to ff.o(i.f_open) for f_open
    command.o(i.COMMAND_Upload) refers to stm324x9i_eval.o(i.BSP_LED_On) for BSP_LED_On
    command.o(i.COMMAND_Upload) refers to ff.o(i.f_close) for f_close
    command.o(i.COMMAND_Upload) refers to ff.o(i.f_mount) for f_mount
    command.o(i.COMMAND_Upload) refers to ff.o(i.f_write) for f_write
    command.o(i.COMMAND_Upload) refers to main.o(.data) for Appli_state
    command.o(i.COMMAND_Upload) refers to command.o(.bss) for .bss
    flash_if.o(i.FLASH_If_EraseSectors) refers to flash_if.o(i.FLASH_If_GetSectorNumber) for FLASH_If_GetSectorNumber
    flash_if.o(i.FLASH_If_EraseSectors) refers to stm32f4xx_hal_flash_ex.o(i.HAL_FLASHEx_Erase) for HAL_FLASHEx_Erase
    flash_if.o(i.FLASH_If_EraseSectors) refers to flash_if.o(.data) for .data
    flash_if.o(i.FLASH_If_EraseSectors) refers to flash_if.o(.bss) for .bss
    flash_if.o(i.FLASH_If_FlashUnlock) refers to stm32f4xx_hal_flash.o(i.HAL_FLASH_Unlock) for HAL_FLASH_Unlock
    flash_if.o(i.FLASH_If_ReadOutProtectionStatus) refers to stm32f4xx_hal_flash_ex.o(i.HAL_FLASHEx_OBGetConfig) for HAL_FLASHEx_OBGetConfig
    flash_if.o(i.FLASH_If_ReadOutProtectionStatus) refers to flash_if.o(.data) for .data
    flash_if.o(i.FLASH_If_ReadOutProtectionStatus) refers to flash_if.o(.bss) for .bss
    flash_if.o(i.FLASH_If_Write) refers to stm32f4xx_hal_flash.o(i.HAL_FLASH_Program) for HAL_FLASH_Program
    iap_menu.o(i.Erase_Fail_Handler) refers to stm324x9i_eval.o(i.BSP_LED_Toggle) for BSP_LED_Toggle
    iap_menu.o(i.Erase_Fail_Handler) refers to stm32f4xx_hal.o(i.HAL_Delay) for HAL_Delay
    iap_menu.o(i.FW_UPGRADE_Process) refers to ff.o(i.f_mount) for f_mount
    iap_menu.o(i.FW_UPGRADE_Process) refers to iap_menu.o(i.FatFs_Fail_Handler) for FatFs_Fail_Handler
    iap_menu.o(i.FW_UPGRADE_Process) refers to stm324x9i_eval.o(i.BSP_LED_Off) for BSP_LED_Off
    iap_menu.o(i.FW_UPGRADE_Process) refers to stm324x9i_eval.o(i.BSP_PB_GetState) for BSP_PB_GetState
[...]
    i.FW_UPGRADE_Process                     0x080009e0   Section        0  iap_menu.o(i.FW_UPGRADE_Process)
    i.Fail_Handler                           0x08000ab4   Section        0  iap_menu.o(i.Fail_Handler)
    i.FatFs_Fail_Handler                     0x08000ac2   Section        0  iap_menu.o(i.FatFs_Fail_Handler)
    i.HAL_Delay                              0x08000ad8   Section        0  stm32f4xx_hal.o(i.HAL_Delay)
    i.HAL_FLASHEx_Erase                      0x08000af0   Section        0  stm32f4xx_hal_flash_ex.o(i.HAL_FLASHEx_Erase)
    i.HAL_FLASHEx_OBGetConfig                0x08000b88   Section        0  stm32f4xx_hal_flash_ex.o(i.HAL_FLASHEx_OBGetConfig)
    i.HAL_FLASH_Program                      0x08000bbc   Section        0  stm32f4xx_hal_flash.o(i.HAL_FLASH_Program)
    i.HAL_FLASH_Unlock                       0x08000c38   Section        0  stm32f4xx_hal_flash.o(i.HAL_FLASH_Unlock)
    i.HAL_GPIO_Init                          0x08000c60   Section        0  stm32f4xx_hal_gpio.o(i.HAL_GPIO_Init)
    i.HAL_GPIO_ReadPin                       0x08000e84   Section        0  stm32f4xx_hal_gpio.o(i.HAL_GPIO_ReadPin)
    i.HAL_GPIO_TogglePin                     0x08000e8e   Section        0  stm32f4xx_hal_gpio.o(i.HAL_GPIO_TogglePin)
    i.HAL_GPIO_WritePin                      0x08000e96   Section        0  stm32f4xx_hal_gpio.o(i.HAL_GPIO_WritePin)
    i.HAL_GetTick                            0x08000ea0   Section        0  stm32f4xx_hal.o(i.HAL_GetTick)
    i.HAL_HCD_Connect_Callback               0x08000eac   Section        0  usbh_conf.o(i.HAL_HCD_Connect_Callback)
    i.HAL_HCD_Disconnect_Callback            0x08000eb4   Section        0  usbh_conf.o(i.HAL_HCD_Disconnect_Callback)
    i.HAL_HCD_GetCurrentFrame                0x08000ebc   Section        0  stm32f4xx_hal_hcd.o(i.HAL_HCD_GetCurrentFrame)
    i.HAL_HCD_GetCurrentSpeed                0x08000ec2   Section        0  stm32f4xx_hal_hcd.o(i.HAL_HCD_GetCurrentSpeed)
    i.HAL_HCD_HC_GetURBState                 0x08000ec8   Section        0  stm32f4xx_hal_hcd.o(i.HAL_HCD_HC_GetURBState)
    i.HAL_HCD_HC_GetXferCount                0x08000ed6   Section        0  stm32f4xx_hal_hcd.o(i.HAL_HCD_HC_GetXferCount)
    i.HAL_HCD_HC_Halt                        0x08000ee2   Section        0  stm32f4xx_hal_hcd.o(i.HAL_HCD_HC_Halt)
    i.HAL_HCD_HC_Init                        0x08000f06   Section        0  stm32f4xx_hal_hcd.o(i.HAL_HCD_HC_Init)
    i.HAL_HCD_HC_NotifyURBChange_Callback    0x08000f5a   Section        0  usbh_conf.o(i.HAL_HCD_HC_NotifyURBChange_Callback)
    i.HAL_HCD_HC_SubmitRequest               0x08000f5c   Section        0  stm32f4xx_hal_hcd.o(i.HAL_HCD_HC_SubmitRequest)
    i.HAL_HCD_IRQHandler                     0x08001014   Section        0  stm32f4xx_hal_hcd.o(i.HAL_HCD_IRQHandler)
    i.HAL_HCD_Init                           0x08001152   Section        0  stm32f4xx_hal_hcd.o(i.HAL_HCD_Init)
    i.HAL_HCD_MspInit                        0x080011ac   Section        0  usbh_conf.o(i.HAL_HCD_MspInit)
    i.HAL_HCD_ResetPort                      0x08001304   Section        0  stm32f4xx_hal_hcd.o(i.HAL_HCD_ResetPort)
    i.HAL_HCD_SOF_Callback                   0x0800130a   Section        0  usbh_conf.o(i.HAL_HCD_SOF_Callback)
    i.HAL_HCD_Start                          0x08001312   Section        0  stm32f4xx_hal_hcd.o(i.HAL_HCD_Start)
    i.HAL_HCD_Stop                           0x0800133e   Section        0  stm32f4xx_hal_hcd.o(i.HAL_HCD_Stop)
    i.HAL_IncTick                            0x08001364   Section        0  stm32f4xx_hal.o(i.HAL_IncTick)
    i.HAL_Init                               0x08001374   Section        0  stm32f4xx_hal.o(i.HAL_Init)
    i.HAL_MspInit                            0x080013ac   Section        0  stm32f4xx_hal.o(i.HAL_MspInit)
    i.HAL_NVIC_EnableIRQ                     0x080013ae   Section        0  stm32f4xx_hal_cortex.o(i.HAL_NVIC_EnableIRQ)
    i.HAL_NVIC_SetPriority                   0x080013c4   Section        0  stm32f4xx_hal_cortex.o(i.HAL_NVIC_SetPriority)
    i.HAL_NVIC_SetPriorityGrouping           0x08001404   Section        0  stm32f4xx_hal_cortex.o(i.HAL_NVIC_SetPriorityGrouping)
    i.HAL_RCC_ClockConfig                    0x08001428   Section        0  stm32f4xx_hal_rcc.o(i.HAL_RCC_ClockConfig)
    i.HAL_RCC_GetHCLKFreq                    0x080015dc   Section        0  stm32f4xx_hal_rcc.o(i.HAL_RCC_GetHCLKFreq)
    i.HAL_RCC_GetSysClockFreq                0x08001610   Section        0  stm32f4xx_hal_rcc.o(i.HAL_RCC_GetSysClockFreq)
    i.HAL_RCC_OscConfig                      0x08001694   Section        0  stm32f4xx_hal_rcc.o(i.HAL_RCC_OscConfig)
    i.HAL_SYSTICK_Config                     0x080019b0   Section        0  stm32f4xx_hal_cortex.o(i.HAL_SYSTICK_Config)
    i.HCD_HC_IN_IRQHandler                   0x080019d8   Section        0  stm32f4xx_hal_hcd.o(i.HCD_HC_IN_IRQHandler)
    HCD_HC_IN_IRQHandler                     0x080019d9   Thumb Code   578  stm32f4xx_hal_hcd.o(i.HCD_HC_IN_IRQHandler)
    i.HCD_HC_OUT_IRQHandler                  0x08001c1a   Section        0  stm32f4xx_hal_hcd.o(i.HCD_HC_OUT_IRQHandler)
    HCD_HC_OUT_IRQHandler                    0x08001c1b   Thumb Code   564  stm32f4xx_hal_hcd.o(i.HCD_HC_OUT_IRQHandler)
    i.HCD_Port_IRQHandler                    0x08001e4e   Section        0  stm32f4xx_hal_hcd.o(i.HCD_Port_IRQHandler)
    HCD_Port_IRQHandler                      0x08001e4f   Thumb Code   176  stm32f4xx_hal_hcd.o(i.HCD_Port_IRQHandler)
    i.HCD_RXQLVL_IRQHandler                  0x08001f00   Section        0  stm32f4xx_hal_hcd.o(i.HCD_RXQLVL_IRQHandler)
    HCD_RXQLVL_IRQHandler                    0x08001f01   Thumb Code   116  stm32f4xx_hal_hcd.o(i.HCD_RXQLVL_IRQHandler)
    i.HardFault_Handler                      0x08001f78   Section        0  stm32f4xx_it.o(i.HardFault_Handler)
    i.MemManage_Handler                      0x08001f7a   Section        0  stm32f4xx_it.o(i.MemManage_Handler)
    i.NMI_Handler                            0x08001f7c   Section        0  stm32f4xx_it.o(i.NMI_Handler)
    i.NVIC_SetPriority                       0x08001f7e   Section        0  stm32f4xx_hal_cortex.o(i.NVIC_SetPriority)
    NVIC_SetPriority                         0x08001f7f   Thumb Code    32  stm32f4xx_hal_cortex.o(i.NVIC_SetPriority)
    i.OTG_FS_IRQHandler                      0x08001fa0   Section        0  stm32f4xx_it.o(i.OTG_FS_IRQHandler)
    i.PendSV_Handler                         0x08001fac   Section        0  stm32f4xx_it.o(i.PendSV_Handler)
    i.SVC_Handler                            0x08001fae   Section        0  stm32f4xx_it.o(i.SVC_Handler)
    i.SysTick_Handler                        0x08001fb0   Section        0  stm32f4xx_it.o(i.SysTick_Handler)
    i.SystemInit                             0x08001fb4   Section        0  system_stm32f4xx.o(i.SystemInit)
    i.USBH_AllocPipe                         0x08002008   Section        0  usbh_pipes.o(i.USBH_AllocPipe)
    i.USBH_BulkReceiveData                   0x0800203c   Section        0  usbh_ioreq.o(i.USBH_BulkReceiveData)
    i.USBH_BulkSendData                      0x0800205c   Section        0  usbh_ioreq.o(i.USBH_BulkSendData)
    i.USBH_ClosePipe                         0x08002084   Section        0  usbh_pipes.o(i.USBH_ClosePipe)
    i.USBH_ClrFeature                        0x0800208e   Section        0  usbh_ctlreq.o(i.USBH_ClrFeature)
    i.USBH_CtlReceiveData                    0x080020ac   Section        0  usbh_ioreq.o(i.USBH_CtlReceiveData)
    i.USBH_CtlReq                            0x080020ca   Section        0  usbh_ctlreq.o(i.USBH_CtlReq)
    i.USBH_CtlSendData                       0x08002100   Section        0  usbh_ioreq.o(i.USBH_CtlSendData)
    i.USBH_CtlSendSetup                      0x08002128   Section        0  usbh_ioreq.o(i.USBH_CtlSendSetup)
    i.USBH_Delay                             0x08002146   Section        0  usbh_conf.o(i.USBH_Delay)
    i.USBH_FindInterface                     0x0800214a   Section        0  usbh_core.o(i.USBH_FindInterface)
    i.USBH_FreePipe                          0x080021a2   Section        0  usbh_pipes.o(i.USBH_FreePipe)
    i.USBH_GetDescriptor                     0x080021ba   Section        0  usbh_ctlreq.o(i.USBH_GetDescriptor)
    i.USBH_GetNextDesc                       0x080021ee   Section        0  usbh_ctlreq.o(i.USBH_GetNextDesc)
    i.USBH_Get_CfgDesc                       0x080021fc   Section        0  usbh_ctlreq.o(i.USBH_Get_CfgDesc)
    i.USBH_Get_DevDesc                       0x08002228   Section        0  usbh_ctlreq.o(i.USBH_Get_DevDesc)
    i.USBH_Get_StringDesc                    0x080022a8   Section        0  usbh_ctlreq.o(i.USBH_Get_StringDesc)
    i.USBH_HandleControl                     0x080022f0   Section        0  usbh_ctlreq.o(i.USBH_HandleControl)
    USBH_HandleControl                       0x080022f1   Thumb Code   372  usbh_ctlreq.o(i.USBH_HandleControl)
    i.USBH_HandleEnum                        0x08002464   Section        0  usbh_core.o(i.USBH_HandleEnum)
    USBH_HandleEnum                          0x08002465   Thumb Code   242  usbh_core.o(i.USBH_HandleEnum)
    i.USBH_Init                              0x08002556   Section        0  usbh_core.o(i.USBH_Init)
    i.USBH_LL_ClosePipe                      0x08002586   Section        0  usbh_conf.o(i.USBH_LL_ClosePipe)
    i.USBH_LL_Connect                        0x08002594   Section        0  usbh_core.o(i.USBH_LL_Connect)
    i.USBH_LL_Disconnect                     0x080025c0   Section        0  usbh_core.o(i.USBH_LL_Disconnect)
    i.USBH_LL_DriverVBUS                     0x080025f8   Section        0  usbh_conf.o(i.USBH_LL_DriverVBUS)
    i.USBH_LL_GetLastXferSize                0x08002618   Section        0  usbh_conf.o(i.USBH_LL_GetLastXferSize)
    i.USBH_LL_GetSpeed                       0x08002620   Section        0  usbh_conf.o(i.USBH_LL_GetSpeed)
    i.USBH_LL_GetToggle                      0x08002644   Section        0  usbh_conf.o(i.USBH_LL_GetToggle)
    i.USBH_LL_GetURBState                    0x08002664   Section        0  usbh_conf.o(i.USBH_LL_GetURBState)
    i.USBH_LL_IncTimer                       0x0800266c   Section        0  usbh_core.o(i.USBH_LL_IncTimer)
    i.USBH_LL_Init                           0x0800268c   Section        0  usbh_conf.o(i.USBH_LL_Init)
    i.USBH_LL_OpenPipe                       0x080026d0   Section        0  usbh_conf.o(i.USBH_LL_OpenPipe)
    i.USBH_LL_ResetPort                      0x080026e8   Section        0  usbh_conf.o(i.USBH_LL_ResetPort)
    i.USBH_LL_SetTimer                       0x080026f6   Section        0  usbh_core.o(i.USBH_LL_SetTimer)
    i.USBH_LL_SetToggle                      0x080026fc   Section        0  usbh_conf.o(i.USBH_LL_SetToggle)
    i.USBH_LL_Start                          0x08002720   Section        0  usbh_conf.o(i.USBH_LL_Start)
    i.USBH_LL_Stop                           0x0800272e   Section        0  usbh_conf.o(i.USBH_LL_Stop)
    i.USBH_LL_SubmitURB                      0x0800273c   Section        0  usbh_conf.o(i.USBH_LL_SubmitURB)
    i.USBH_MSC_BOT_Abort                     0x0800275c   Section        0  usbh_msc_bot.o(i.USBH_MSC_BOT_Abort)
    USBH_MSC_BOT_Abort                       0x0800275d   Thumb Code    30  usbh_msc_bot.o(i.USBH_MSC_BOT_Abort)
    i.USBH_MSC_BOT_Init                      0x0800277c   Section        0  usbh_msc_bot.o(i.USBH_MSC_BOT_Init)
    i.USBH_MSC_BOT_Process                   0x080027a0   Section        0  usbh_msc_bot.o(i.USBH_MSC_BOT_Process)
    i.USBH_MSC_BOT_REQ_GetMaxLUN             0x0800297c   Section        0  usbh_msc_bot.o(i.USBH_MSC_BOT_REQ_GetMaxLUN)
    i.USBH_MSC_BOT_REQ_Reset                 0x08002992   Section        0  usbh_msc_bot.o(i.USBH_MSC_BOT_REQ_Reset)
    i.USBH_MSC_ClassRequest                  0x080029a8   Section        0  usbh_msc.o(i.USBH_MSC_ClassRequest)
    USBH_MSC_ClassRequest                    0x080029a9   Thumb Code    98  usbh_msc.o(i.USBH_MSC_ClassRequest)
    i.USBH_MSC_GetLUNInfo                    0x08002a0a   Section        0  usbh_msc.o(i.USBH_MSC_GetLUNInfo)
    i.USBH_MSC_InterfaceDeInit               0x08002a38   Section        0  usbh_msc.o(i.USBH_MSC_InterfaceDeInit)
    USBH_MSC_InterfaceDeInit                 0x08002a39   Thumb Code    74  usbh_msc.o(i.USBH_MSC_InterfaceDeInit)
    i.USBH_MSC_InterfaceInit                 0x08002a82   Section        0  usbh_msc.o(i.USBH_MSC_InterfaceInit)
    USBH_MSC_InterfaceInit                   0x08002a83   Thumb Code   332  usbh_msc.o(i.USBH_MSC_InterfaceInit)
    i.USBH_MSC_IsReady                       0x08002bce   Section        0  usbh_msc.o(i.USBH_MSC_IsReady)
    i.USBH_MSC_Process                       0x08002be4   Section        0  usbh_msc.o(i.USBH_MSC_Process)
    USBH_MSC_Process                         0x08002be5   Thumb Code   656  usbh_msc.o(i.USBH_MSC_Process)
    i.USBH_MSC_RdWrProcess                   0x08002e74   Section        0  usbh_msc.o(i.USBH_MSC_RdWrProcess)
    USBH_MSC_RdWrProcess                     0x08002e75   Thumb Code   142  usbh_msc.o(i.USBH_MSC_RdWrProcess)
    i.USBH_MSC_Read                          0x08002f02   Section        0  usbh_msc.o(i.USBH_MSC_Read)
    i.USBH_MSC_SCSI_Inquiry                  0x08002f8a   Section        0  usbh_msc_scsi.o(i.USBH_MSC_SCSI_Inquiry)
    i.USBH_MSC_SCSI_Read                     0x0800304a   Section        0  usbh_msc_scsi.o(i.USBH_MSC_SCSI_Read)
    i.USBH_MSC_SCSI_ReadCapacity             0x080030c6   Section        0  usbh_msc_scsi.o(i.USBH_MSC_SCSI_ReadCapacity)
    i.USBH_MSC_SCSI_RequestSense             0x08003140   Section        0  usbh_msc_scsi.o(i.USBH_MSC_SCSI_RequestSense)
    i.USBH_MSC_SCSI_TestUnitReady            0x080031d2   Section        0  usbh_msc_scsi.o(i.USBH_MSC_SCSI_TestUnitReady)
    i.USBH_MSC_SCSI_Write                    0x0800321e   Section        0  usbh_msc_scsi.o(i.USBH_MSC_SCSI_Write)
    i.USBH_MSC_SOFProcess                    0x0800329a   Section        0  usbh_msc.o(i.USBH_MSC_SOFProcess)
    USBH_MSC_SOFProcess                      0x0800329b   Thumb Code     4  usbh_msc.o(i.USBH_MSC_SOFProcess)
    i.USBH_MSC_UnitIsReady                   0x0800329e   Section        0  usbh_msc.o(i.USBH_MSC_UnitIsReady)
    i.USBH_MSC_Write                         0x080032c4   Section        0  usbh_msc.o(i.USBH_MSC_Write)
    i.USBH_OpenPipe                          0x0800334c   Section        0  usbh_pipes.o(i.USBH_OpenPipe)
    i.USBH_ParseCfgDesc                      0x08003360   Section        0  usbh_ctlreq.o(i.USBH_ParseCfgDesc)
    USBH_ParseCfgDesc                        0x08003361   Thumb Code   232  usbh_ctlreq.o(i.USBH_ParseCfgDesc)
    i.USBH_Process                           0x08003448   Section        0  usbh_core.o(i.USBH_Process)
    i.USBH_RegisterClass                     0x080035b0   Section        0  usbh_core.o(i.USBH_RegisterClass)
    i.USBH_SelectInterface                   0x080035cc   Section        0  usbh_core.o(i.USBH_SelectInterface)
    i.USBH_SetAddress                        0x080035e2   Section        0  usbh_ctlreq.o(i.USBH_SetAddress)
    i.USBH_SetCfg                            0x080035fe   Section        0  usbh_ctlreq.o(i.USBH_SetCfg)
    i.USBH_Start                             0x0800361a   Section        0  usbh_core.o(i.USBH_Start)
    i.USBH_UserProcess                       0x08003630   Section        0  main.o(i.USBH_UserProcess)
    USBH_UserProcess                         0x08003631   Thumb Code    32  main.o(i.USBH_UserProcess)
    i.USB_CoreInit                           0x08003654   Section        0  stm32f4xx_ll_usb.o(i.USB_CoreInit)
    i.USB_CoreReset                          0x080036c0   Section        0  stm32f4xx_ll_usb.o(i.USB_CoreReset)
    USB_CoreReset                            0x080036c1   Thumb Code    50  stm32f4xx_ll_usb.o(i.USB_CoreReset)
    i.USB_DisableGlobalInt                   0x080036f8   Section        0  stm32f4xx_ll_usb.o(i.USB_DisableGlobalInt)
    i.USB_DoPing                             0x08003704   Section        0  stm32f4xx_ll_usb.o(i.USB_DoPing)
    i.USB_DriveVbus                          0x08003758   Section        0  stm32f4xx_ll_usb.o(i.USB_DriveVbus)
    i.USB_EnableGlobalInt                    0x08003784   Section        0  stm32f4xx_ll_usb.o(i.USB_EnableGlobalInt)
    i.USB_FlushRxFifo                        0x08003790   Section        0  stm32f4xx_ll_usb.o(i.USB_FlushRxFifo)
    i.USB_FlushTxFifo                        0x080037b0   Section        0  stm32f4xx_ll_usb.o(i.USB_FlushTxFifo)
    i.USB_GetCurrentFrame                    0x080037d4   Section        0  stm32f4xx_ll_usb.o(i.USB_GetCurrentFrame)
    i.USB_GetHostSpeed                       0x080037dc   Section        0  stm32f4xx_ll_usb.o(i.USB_GetHostSpeed)
    i.USB_GetMode                            0x080037ea   Section        0  stm32f4xx_ll_usb.o(i.USB_GetMode)
    i.USB_HC_Halt                            0x080037f2   Section        0  stm32f4xx_ll_usb.o(i.USB_HC_Halt)
    i.USB_HC_Init                            0x0800396c   Section        0  stm32f4xx_ll_usb.o(i.USB_HC_Init)
    i.USB_HC_ReadInterrupt                   0x08003a56   Section        0  stm32f4xx_ll_usb.o(i.USB_HC_ReadInterrupt)
    i.USB_HC_StartXfer                       0x08003a64   Section        0  stm32f4xx_ll_usb.o(i.USB_HC_StartXfer)
    i.USB_HostInit                           0x08003bd4   Section        0  stm32f4xx_ll_usb.o(i.USB_HostInit)
    i.USB_InitFSLSPClkSel                    0x08003ca8   Section        0  stm32f4xx_ll_usb.o(i.USB_InitFSLSPClkSel)
    i.USB_ReadInterrupts                     0x08003cde   Section        0  stm32f4xx_ll_usb.o(i.USB_ReadInterrupts)
    i.USB_ReadPacket                         0x08003ce6   Section        0  stm32f4xx_ll_usb.o(i.USB_ReadPacket)
    i.USB_ResetPort                          0x08003d06   Section        0  stm32f4xx_ll_usb.o(i.USB_ResetPort)
    i.USB_SetCurrentMode                     0x08003d32   Section        0  stm32f4xx_ll_usb.o(i.USB_SetCurrentMode)
    i.USB_StopHost                           0x08003d5e   Section        0  stm32f4xx_ll_usb.o(i.USB_StopHost)
    i.USB_WritePacket                        0x08003e10   Section        0  stm32f4xx_ll_usb.o(i.USB_WritePacket)
    i.UsageFault_Handler                     0x08003e38   Section        0  stm32f4xx_it.o(i.UsageFault_Handler)
    i.__scatterload_copy                     0x08003e3a   Section       14  handlers.o(i.__scatterload_copy)
    i.__scatterload_null                     0x08003e48   Section        2  handlers.o(i.__scatterload_null)
    i.__scatterload_zeroinit                 0x08003e4a   Section       14  handlers.o(i.__scatterload_zeroinit)
    i.check_fs                               0x08003e58   Section        0  ff.o(i.check_fs)
    check_fs                                 0x08003e59   Thumb Code    90  ff.o(i.check_fs)
    i.chk_lock                               0x08003eb8   Section        0  ff.o(i.chk_lock)
    chk_lock                                 0x08003eb9   Thumb Code   102  ff.o(i.chk_lock)
    i.clear_lock                             0x08003f24   Section        0  ff.o(i.clear_lock)
    clear_lock                               0x08003f25   Thumb Code    32  ff.o(i.clear_lock)
    i.clmt_clust                             0x08003f48   Section        0  ff.o(i.clmt_clust)
    clmt_clust                               0x08003f49   Thumb Code    42  ff.o(i.clmt_clust)
    i.clust2sect                             0x08003f72   Section        0  ff.o(i.clust2sect)
    i.create_chain                           0x08003f90   Section        0  ff.o(i.create_chain)
    create_chain                             0x08003f91   Thumb Code   172  ff.o(i.create_chain)
    i.create_name                            0x0800403c   Section        0  ff.o(i.create_name)
    create_name                              0x0800403d   Thumb Code   234  ff.o(i.create_name)
    i.dec_lock                               0x0800413c   Section        0  ff.o(i.dec_lock)
    dec_lock                                 0x0800413d   Thumb Code    54  ff.o(i.dec_lock)
    i.dir_next                               0x08004178   Section        0  ff.o(i.dir_next)
    dir_next                                 0x08004179   Thumb Code   288  ff.o(i.dir_next)
    i.dir_read                               0x08004298   Section        0  ff.o(i.dir_read)
    dir_read                                 0x08004299   Thumb Code    98  ff.o(i.dir_read)
    i.dir_register                           0x080042fa   Section        0  ff.o(i.dir_register)
    dir_register                             0x080042fb   Thumb Code   118  ff.o(i.dir_register)
    i.dir_remove                             0x08004370   Section        0  ff.o(i.dir_remove)
    dir_remove                               0x08004371   Thumb Code    52  ff.o(i.dir_remove)
    i.dir_sdi                                0x080043a4   Section        0  ff.o(i.dir_sdi)
    dir_sdi                                  0x080043a5   Thumb Code   158  ff.o(i.dir_sdi)
    i.disk_initialize                        0x08004442   Section        0  usbh_diskio.o(i.disk_initialize)
    i.disk_ioctl                             0x08004448   Section        0  usbh_diskio.o(i.disk_ioctl)
    i.disk_read                              0x08004494   Section        0  usbh_diskio.o(i.disk_read)
    i.disk_status                            0x08004510   Section        0  usbh_diskio.o(i.disk_status)
    i.disk_write                             0x08004528   Section        0  usbh_diskio.o(i.disk_write)
    i.f_close                                0x080045b0   Section        0  ff.o(i.f_close)
    i.f_mount                                0x080045dc   Section        0  ff.o(i.f_mount)
    i.f_open                                 0x08004638   Section        0  ff.o(i.f_open)
    i.f_read                                 0x080047d8   Section        0  ff.o(i.f_read)
    i.f_sync                                 0x08004966   Section        0  ff.o(i.f_sync)
    i.f_unlink                               0x08004a1e   Section        0  ff.o(i.f_unlink)
    i.f_write                                0x08004ada   Section        0  ff.o(i.f_write)
    i.find_volume                            0x08004cb4   Section        0  ff.o(i.find_volume)
    find_volume                              0x08004cb5   Thumb Code   588  ff.o(i.find_volume)
    i.follow_path                            0x08004f0c   Section        0  ff.o(i.follow_path)
    follow_path                              0x08004f0d   Thumb Code   192  ff.o(i.follow_path)
    i.free                                   0x08004fcc   Section        0  malloc.o(i.free)
    i.get_fat                                0x0800501c   Section        0  ff.o(i.get_fat)
    i.get_fattime                            0x080050d6   Section        0  usbh_diskio.o(i.get_fattime)
    i.get_ldnumber                           0x080050da   Section        0  ff.o(i.get_ldnumber)
    get_ldnumber                             0x080050db   Thumb Code    46  ff.o(i.get_ldnumber)
    i.inc_lock                               0x08005108   Section        0  ff.o(i.inc_lock)
    inc_lock                                 0x08005109   Thumb Code   154  ff.o(i.inc_lock)
    i.ld_clust                               0x080051a8   Section        0  ff.o(i.ld_clust)
    ld_clust                                 0x080051a9   Thumb Code    20  ff.o(i.ld_clust)
    i.main                                   0x080051bc   Section        0  main.o(i.main)
    i.malloc                                 0x0800529c   Section        0  malloc.o(i.malloc)
    i.mem_cpy                                0x08005308   Section        0  ff.o(i.mem_cpy)
    mem_cpy                                  0x08005309   Thumb Code    18  ff.o(i.mem_cpy)
    i.mem_set                                0x0800531a   Section        0  ff.o(i.mem_set)
    mem_set                                  0x0800531b   Thumb Code    14  ff.o(i.mem_set)
    i.move_window                            0x08005328   Section        0  ff.o(i.move_window)
    move_window                              0x08005329   Thumb Code    50  ff.o(i.move_window)
    i.put_fat                                0x0800535c   Section        0  ff.o(i.put_fat)
    i.remove_chain                           0x0800545a   Section        0  ff.o(i.remove_chain)
    remove_chain                             0x0800545b   Thumb Code   110  ff.o(i.remove_chain)
    i.st_clust                               0x080054c8   Section        0  ff.o(i.st_clust)
    st_clust                                 0x080054c9   Thumb Code    16  ff.o(i.st_clust)
    i.sync_fs                                0x080054d8   Section        0  ff.o(i.sync_fs)
    sync_fs                                  0x080054d9   Thumb Code   182  ff.o(i.sync_fs)
    i.sync_window                            0x0800558e   Section        0  ff.o(i.sync_window)
    sync_window                              0x0800558f   Thumb Code    90  ff.o(i.sync_window)
    i.validate                               0x080055e8   Section        0  ff.o(i.validate)
    validate                                 0x080055e9   Thumb Code    48  ff.o(i.validate)
    .constdata                               0x08005618   Section       48  stm324x9i_eval.o(.constdata)
    .constdata                               0x08005648   Section       16  stm32f4xx_hal_rcc.o(.constdata)
    .constdata                               0x08005658   Section      172  ff.o(.constdata)
    ExCvt                                    0x08005658   Data         128  ff.o(.constdata)
    vst                                      0x080056d8   Data          22  ff.o(.constdata)
    cst                                      0x080056ee   Data          22  ff.o(.constdata)
    .conststring                             0x08005704   Section        4  usbh_msc.o(.conststring)
    .data                                    0x20000000   Section       16  command.o(.data)
    TmpProgramCounter                        0x20000000   Data           4  command.o(.data)
    TmpReadSize                              0x20000004   Data           4  command.o(.data)
    RamAddress                               0x20000008   Data           4  command.o(.data)
    LastPGAddress                            0x2000000c   Data           4  command.o(.data)
    .data                                    0x20000010   Section       16  flash_if.o(.data)
    .data                                    0x20000020   Section        8  iap_menu.o(.data)
    Demo_State                               0x20000020   Data           1  iap_menu.o(.data)
    .data                                    0x20000028   Section       12  main.o(.data)
    .data                                    0x20000034   Section       64  stm324x9i_eval.o(.data)
    I2C_IT_Enabled                           0x20000034   Data           1  stm324x9i_eval.o(.data)
    .data                                    0x20000074   Section       20  system_stm32f4xx.o(.data)
    .data                                    0x20000088   Section        4  stm32f4xx_hal.o(.data)
    uwTick                                   0x20000088   Data           4  stm32f4xx_hal.o(.data)
    .data                                    0x2000008c   Section        8  ff.o(.data)
    Fsid                                     0x2000008c   Data           2  ff.o(.data)
    FatFs                                    0x20000090   Data           4  ff.o(.data)
    .data                                    0x20000094   Section       32  usbh_msc.o(.data)
    .data                                    0x200000b4   Section        4  mvars.o(.data)
    .data                                    0x200000b8   Section        4  mvars.o(.data)
    .bss                                     0x200000bc   Section    33880  command.o(.bss)
    RAM_Buf                                  0x200000bc   Data       32768  command.o(.bss)
    .bss                                     0x20008514   Section      560  command.o(.bss)
    .bss                                     0x20008744   Section       48  flash_if.o(.bss)
    FLASH_OBProgramInitStruct                0x20008744   Data          28  flash_if.o(.bss)
    FLASH_EraseInitStruct                    0x20008760   Data          20  flash_if.o(.bss)
    .bss                                     0x20008774   Section      712  main.o(.bss)
    .bss                                     0x20008a3c   Section      656  usbh_conf.o(.bss)
    .bss                                     0x20008ccc   Section       28  stm32f4xx_hal_flash.o(.bss)
    .bss                                     0x20008ce8   Section       24  ff.o(.bss)
    Files                                    0x20008ce8   Data          24  ff.o(.bss)
    HEAP                                     0x20008d00   Section    16384  startup_stm32f429xx.o(HEAP)
    STACK                                    0x2000cd00   Section     8192  startup_stm32f429xx.o(STACK)

    Global Symbols

    Symbol Name                              Value     Ov Type        Size  Object(Section)

    BuildAttributes$$THM_ISAv4$E$P$D$K$B$S$7EM$VFPi3$EXTD16$VFPS$VFMA$PE$A:L22UL41UL21$X:L11$S22US41US21$IEEE1$IW$USESV6$~STKCKD$USESV7$~SHL$OSPACE$EBA8$MICROLIB$REQ8$PRES8$EABIv2 0x00000000   Number         0  anon$$obj.o ABSOLUTE
    __ARM_use_no_argv                        0x00000000   Number         0  main.o ABSOLUTE
    __cpp_initialize__aeabi_                  - Undefined Weak Reference
    __cxa_finalize                            - Undefined Weak Reference
    __decompress                              - Undefined Weak Reference
    _clock_init                               - Undefined Weak Reference
    _microlib_exit                            - Undefined Weak Reference
    __Vectors_Size                           0x000001ac   Number         0  startup_stm32f429xx.o ABSOLUTE
    __Vectors                                0x08000000   Data           4  startup_stm32f429xx.o(RESET)
    __Vectors_End                            0x080001ac   Data           0  startup_stm32f429xx.o(RESET)
    __main                                   0x080001ad   Thumb Code     0  entry.o(.ARM.Collect$$$$00000000)
    _main_stk                                0x080001ad   Thumb Code     0  entry2.o(.ARM.Collect$$$$00000001)
    _main_scatterload                        0x080001b1   Thumb Code     0  entry5.o(.ARM.Collect$$$$00000004)
    __main_after_scatterload                 0x080001b5   Thumb Code     0  entry5.o(.ARM.Collect$$$$00000004)
    _main_clock                              0x080001b5   Thumb Code     0  entry7b.o(.ARM.Collect$$$$00000008)
    _main_cpp_init                           0x080001b5   Thumb Code     0  entry8b.o(.ARM.Collect$$$$0000000A)
    _main_init                               0x080001b5   Thumb Code     0  entry9a.o(.ARM.Collect$$$$0000000B)
    __rt_final_cpp                           0x080001bd   Thumb Code     0  entry10a.o(.ARM.Collect$$$$0000000D)
    __rt_final_exit                          0x080001bd   Thumb Code     0  entry11a.o(.ARM.Collect$$$$0000000F)
    Reset_Handler                            0x080001c1   Thumb Code     8  startup_stm32f429xx.o(.text)
    ADC_IRQHandler                           0x080001db   Thumb Code     0  startup_stm32f429xx.o(.text)
    CAN1_RX0_IRQHandler                      0x080001db   Thumb Code     0  startup_stm32f429xx.o(.text)
    CAN1_RX1_IRQHandler                      0x080001db   Thumb Code     0  startup_stm32f429xx.o(.text)
    CAN1_SCE_IRQHandler                      0x080001db   Thumb Code     0  startup_stm32f429xx.o(.text)
    CAN1_TX_IRQHandler                       0x080001db   Thumb Code     0  startup_stm32f429xx.o(.text)
    CAN2_RX0_IRQHandler                      0x080001db   Thumb Code     0  startup_stm32f429xx.o(.text)
    CAN2_RX1_IRQHandler                      0x080001db   Thumb Code     0  startup_stm32f429xx.o(.text)
    CAN2_SCE_IRQHandler                      0x080001db   Thumb Code     0  startup_stm32f429xx.o(.text)
    CAN2_TX_IRQHandler                       0x080001db   Thumb Code     0  startup_stm32f429xx.o(.text)
    DCMI_IRQHandler                          0x080001db   Thumb Code     0  startup_stm32f429xx.o(.text)
    DMA1_Stream0_IRQHandler                  0x080001db   Thumb Code     0  startup_stm32f429xx.o(.text)
    DMA1_Stream1_IRQHandler                  0x080001db   Thumb Code     0  startup_stm32f429xx.o(.text)
    DMA1_Stream2_IRQHandler                  0x080001db   Thumb Code     0  startup_stm32f429xx.o(.text)
    DMA1_Stream3_IRQHandler                  0x080001db   Thumb Code     0  startup_stm32f429xx.o(.text)
    DMA1_Stream4_IRQHandler                  0x080001db   Thumb Code     0  startup_stm32f429xx.o(.text)
    DMA1_Stream5_IRQHandler                  0x080001db   Thumb Code     0  startup_stm32f429xx.o(.text)
    DMA1_Stream6_IRQHandler                  0x080001db   Thumb Code     0  startup_stm32f429xx.o(.text)
    DMA1_Stream7_IRQHandler                  0x080001db   Thumb Code     0  startup_stm32f429xx.o(.text)
    DMA2D_IRQHandler                         0x080001db   Thumb Code     0  startup_stm32f429xx.o(.text)
    DMA2_Stream0_IRQHandler                  0x080001db   Thumb Code     0  startup_stm32f429xx.o(.text)
    DMA2_Stream1_IRQHandler                  0x080001db   Thumb Code     0  startup_stm32f429xx.o(.text)
    DMA2_Stream2_IRQHandler                  0x080001db   Thumb Code     0  startup_stm32f429xx.o(.text)
    DMA2_Stream3_IRQHandler                  0x080001db   Thumb Code     0  startup_stm32f429xx.o(.text)
    DMA2_Stream4_IRQHandler                  0x080001db   Thumb Code     0  startup_stm32f429xx.o(.text)
    DMA2_Stream5_IRQHandler                  0x080001db   Thumb Code     0  startup_stm32f429xx.o(.text)
    DMA2_Stream6_IRQHandler                  0x080001db   Thumb Code     0  startup_stm32f429xx.o(.text)
    DMA2_Stream7_IRQHandler                  0x080001db   Thumb Code     0  startup_stm32f429xx.o(.text)
    ETH_IRQHandler                           0x080001db   Thumb Code     0  startup_stm32f429xx.o(.text)
    ETH_WKUP_IRQHandler                      0x080001db   Thumb Code     0  startup_stm32f429xx.o(.text)
    EXTI0_IRQHandler                         0x080001db   Thumb Code     0  startup_stm32f429xx.o(.text)
    EXTI15_10_IRQHandler                     0x080001db   Thumb Code     0  startup_stm32f429xx.o(.text)
    EXTI1_IRQHandler                         0x080001db   Thumb Code     0  startup_stm32f429xx.o(.text)
    EXTI2_IRQHandler                         0x080001db   Thumb Code     0  startup_stm32f429xx.o(.text)
    EXTI3_IRQHandler                         0x080001db   Thumb Code     0  startup_stm32f429xx.o(.text)
    EXTI4_IRQHandler                         0x080001db   Thumb Code     0  startup_stm32f429xx.o(.text)
    EXTI9_5_IRQHandler                       0x080001db   Thumb Code     0  startup_stm32f429xx.o(.text)
    FLASH_IRQHandler                         0x080001db   Thumb Code     0  startup_stm32f429xx.o(.text)
    FMC_IRQHandler                           0x080001db   Thumb Code     0  startup_stm32f429xx.o(.text)
    FPU_IRQHandler                           0x080001db   Thumb Code     0  startup_stm32f429xx.o(.text)
    HASH_RNG_IRQHandler                      0x080001db   Thumb Code     0  startup_stm32f429xx.o(.text)
    I2C1_ER_IRQHandler                       0x080001db   Thumb Code     0  startup_stm32f429xx.o(.text)
    I2C1_EV_IRQHandler                       0x080001db   Thumb Code     0  startup_stm32f429xx.o(.text)
    I2C2_ER_IRQHandler                       0x080001db   Thumb Code     0  startup_stm32f429xx.o(.text)
    I2C2_EV_IRQHandler                       0x080001db   Thumb Code     0  startup_stm32f429xx.o(.text)
    I2C3_ER_IRQHandler                       0x080001db   Thumb Code     0  startup_stm32f429xx.o(.text)
    I2C3_EV_IRQHandler                       0x080001db   Thumb Code     0  startup_stm32f429xx.o(.text)
    LTDC_ER_IRQHandler                       0x080001db   Thumb Code     0  startup_stm32f429xx.o(.text)
    LTDC_IRQHandler                          0x080001db   Thumb Code     0  startup_stm32f429xx.o(.text)
    OTG_FS_WKUP_IRQHandler                   0x080001db   Thumb Code     0  startup_stm32f429xx.o(.text)
    OTG_HS_EP1_IN_IRQHandler                 0x080001db   Thumb Code     0  startup_stm32f429xx.o(.text)
    OTG_HS_EP1_OUT_IRQHandler                0x080001db   Thumb Code     0  startup_stm32f429xx.o(.text)
    OTG_HS_IRQHandler                        0x080001db   Thumb Code     0  startup_stm32f429xx.o(.text)
    OTG_HS_WKUP_IRQHandler                   0x080001db   Thumb Code     0  startup_stm32f429xx.o(.text)
    PVD_IRQHandler                           0x080001db   Thumb Code     0  startup_stm32f429xx.o(.text)
    RCC_IRQHandler                           0x080001db   Thumb Code     0  startup_stm32f429xx.o(.text)
    RTC_Alarm_IRQHandler                     0x080001db   Thumb Code     0  startup_stm32f429xx.o(.text)
    RTC_WKUP_IRQHandler                      0x080001db   Thumb Code     0  startup_stm32f429xx.o(.text)
    SAI1_IRQHandler                          0x080001db   Thumb Code     0  startup_stm32f429xx.o(.text)
    SDIO_IRQHandler                          0x080001db   Thumb Code     0  startup_stm32f429xx.o(.text)
    SPI1_IRQHandler                          0x080001db   Thumb Code     0  startup_stm32f429xx.o(.text)
    SPI2_IRQHandler                          0x080001db   Thumb Code     0  startup_stm32f429xx.o(.text)
    SPI3_IRQHandler                          0x080001db   Thumb Code     0  startup_stm32f429xx.o(.text)
    SPI4_IRQHandler                          0x080001db   Thumb Code     0  startup_stm32f429xx.o(.text)
    SPI5_IRQHandler                          0x080001db   Thumb Code     0  startup_stm32f429xx.o(.text)
    SPI6_IRQHandler                          0x080001db   Thumb Code     0  startup_stm32f429xx.o(.text)
    TAMP_STAMP_IRQHandler                    0x080001db   Thumb Code     0  startup_stm32f429xx.o(.text)
    TIM1_BRK_TIM9_IRQHandler                 0x080001db   Thumb Code     0  startup_stm32f429xx.o(.text)
    TIM1_CC_IRQHandler                       0x080001db   Thumb Code     0  startup_stm32f429xx.o(.text)
    TIM1_TRG_COM_TIM11_IRQHandler            0x080001db   Thumb Code     0  startup_stm32f429xx.o(.text)
    TIM1_UP_TIM10_IRQHandler                 0x080001db   Thumb Code     0  startup_stm32f429xx.o(.text)
    TIM2_IRQHandler                          0x080001db   Thumb Code     0  startup_stm32f429xx.o(.text)
    TIM3_IRQHandler                          0x080001db   Thumb Code     0  startup_stm32f429xx.o(.text)
    TIM4_IRQHandler                          0x080001db   Thumb Code     0  startup_stm32f429xx.o(.text)
    TIM5_IRQHandler                          0x080001db   Thumb Code     0  startup_stm32f429xx.o(.text)
    TIM6_DAC_IRQHandler                      0x080001db   Thumb Code     0  startup_stm32f429xx.o(.text)
    TIM7_IRQHandler                          0x080001db   Thumb Code     0  startup_stm32f429xx.o(.text)
    TIM8_BRK_TIM12_IRQHandler                0x080001db   Thumb Code     0  startup_stm32f429xx.o(.text)
    TIM8_CC_IRQHandler                       0x080001db   Thumb Code     0  startup_stm32f429xx.o(.text)
    TIM8_TRG_COM_TIM14_IRQHandler            0x080001db   Thumb Code     0  startup_stm32f429xx.o(.text)
    TIM8_UP_TIM13_IRQHandler                 0x080001db   Thumb Code     0  startup_stm32f429xx.o(.text)
    UART4_IRQHandler                         0x080001db   Thumb Code     0  startup_stm32f429xx.o(.text)
    UART5_IRQHandler                         0x080001db   Thumb Code     0  startup_stm32f429xx.o(.text)
    UART7_IRQHandler                         0x080001db   Thumb Code     0  startup_stm32f429xx.o(.text)
    UART8_IRQHandler                         0x080001db   Thumb Code     0  startup_stm32f429xx.o(.text)
    USART1_IRQHandler                        0x080001db   Thumb Code     0  startup_stm32f429xx.o(.text)
    USART2_IRQHandler                        0x080001db   Thumb Code     0  startup_stm32f429xx.o(.text)
    USART3_IRQHandler                        0x080001db   Thumb Code     0  startup_stm32f429xx.o(.text)
    USART6_IRQHandler                        0x080001db   Thumb Code     0  startup_stm32f429xx.o(.text)
    WWDG_IRQHandler                          0x080001db   Thumb Code     0  startup_stm32f429xx.o(.text)
    __aeabi_memcpy                           0x080001e5   Thumb Code    36  memcpya.o(.text)
    __aeabi_memcpy4                          0x080001e5   Thumb Code     0  memcpya.o(.text)
    __aeabi_memcpy8                          0x080001e5   Thumb Code     0  memcpya.o(.text)
    __aeabi_memset                           0x08000209   Thumb Code    14  memseta.o(.text)
    __aeabi_memset4                          0x08000209   Thumb Code     0  memseta.o(.text)
    __aeabi_memset8                          0x08000209   Thumb Code     0  memseta.o(.text)
    __aeabi_memclr                           0x08000217   Thumb Code     4  memseta.o(.text)
    __aeabi_memclr4                          0x08000217   Thumb Code     0  memseta.o(.text)
    __aeabi_memclr8                          0x08000217   Thumb Code     0  memseta.o(.text)
    _memset$wrapper                          0x0800021b   Thumb Code    18  memseta.o(.text)
    __scatterload                            0x0800022d   Thumb Code    28  init.o(.text)
    __scatterload_rt2                        0x0800022d   Thumb Code     0  init.o(.text)
    BSP_LED_Init                             0x08000251   Thumb Code    64  stm324x9i_eval.o(i.BSP_LED_Init)
    BSP_LED_Off                              0x0800029d   Thumb Code    18  stm324x9i_eval.o(i.BSP_LED_Off)
    BSP_LED_On                               0x080002b9   Thumb Code    18  stm324x9i_eval.o(i.BSP_LED_On)
    BSP_LED_Toggle                           0x080002d5   Thumb Code    16  stm324x9i_eval.o(i.BSP_LED_Toggle)
    BSP_PB_GetState                          0x080002ed   Thumb Code    16  stm324x9i_eval.o(i.BSP_PB_GetState)
    BSP_PB_Init                              0x08000305   Thumb Code   122  stm324x9i_eval.o(i.BSP_PB_Init)
    BSP_USB_POWER_SWITCH_Init                0x08000395   Thumb Code    40  usbh_conf.o(i.BSP_USB_POWER_SWITCH_Init)
    BUTTONx_GPIO_CLK_ENABLE                  0x080003c5   Thumb Code    52  stm324x9i_eval.o(i.BUTTONx_GPIO_CLK_ENABLE)
    BusFault_Handler                         0x080003fd   Thumb Code     2  stm32f4xx_it.o(i.BusFault_Handler)
    COMMAND_Download                         0x08000401   Thumb Code    74  command.o(i.COMMAND_Download)
    COMMAND_Jump                             0x08000465   Thumb Code    24  command.o(i.COMMAND_Jump)
    COMMAND_Upload                           0x080004ed   Thumb Code   158  command.o(i.COMMAND_Upload)
    DebugMon_Handler                         0x080005f7   Thumb Code     2  stm32f4xx_it.o(i.DebugMon_Handler)
    Erase_Fail_Handler                       0x080005f9   Thumb Code    20  iap_menu.o(i.Erase_Fail_Handler)
    FLASH_Erase_Sector                       0x0800060d   Thumb Code    90  stm32f4xx_hal_flash_ex.o(i.FLASH_Erase_Sector)
    FLASH_If_EraseSectors                    0x0800066d   Thumb Code    60  flash_if.o(i.FLASH_If_EraseSectors)
    FLASH_If_FlashUnlock                     0x080006b5   Thumb Code     4  flash_if.o(i.FLASH_If_FlashUnlock)
    FLASH_If_ReadOutProtectionStatus         0x08000835   Thumb Code    30  flash_if.o(i.FLASH_If_ReadOutProtectionStatus)
    FLASH_If_Write                           0x0800085d   Thumb Code    28  flash_if.o(i.FLASH_If_Write)
    FLASH_WaitForLastOperation               0x080009a9   Thumb Code    52  stm32f4xx_hal_flash.o(i.FLASH_WaitForLastOperation)
    FW_UPGRADE_Process                       0x080009e1   Thumb Code   190  iap_menu.o(i.FW_UPGRADE_Process)
    Fail_Handler                             0x08000ab5   Thumb Code    14  iap_menu.o(i.Fail_Handler)
    FatFs_Fail_Handler                       0x08000ac3   Thumb Code    20  iap_menu.o(i.FatFs_Fail_Handler)
    HAL_Delay                                0x08000ad9   Thumb Code    18  stm32f4xx_hal.o(i.HAL_Delay)
    HAL_FLASHEx_Erase                        0x08000af1   Thumb Code   142  stm32f4xx_hal_flash_ex.o(i.HAL_FLASHEx_Erase)
    HAL_FLASHEx_OBGetConfig                  0x08000b89   Thumb Code    48  stm32f4xx_hal_flash_ex.o(i.HAL_FLASHEx_OBGetConfig)
    HAL_FLASH_Program                        0x08000bbd   Thumb Code   116  stm32f4xx_hal_flash.o(i.HAL_FLASH_Program)
    HAL_FLASH_Unlock                         0x08000c39   Thumb Code    28  stm32f4xx_hal_flash.o(i.HAL_FLASH_Unlock)
    HAL_GPIO_Init                            0x08000c61   Thumb Code   496  stm32f4xx_hal_gpio.o(i.HAL_GPIO_Init)
    HAL_GPIO_ReadPin                         0x08000e85   Thumb Code    10  stm32f4xx_hal_gpio.o(i.HAL_GPIO_ReadPin)
    HAL_GPIO_TogglePin                       0x08000e8f   Thumb Code     8  stm32f4xx_hal_gpio.o(i.HAL_GPIO_TogglePin)
    HAL_GPIO_WritePin                        0x08000e97   Thumb Code    10  stm32f4xx_hal_gpio.o(i.HAL_GPIO_WritePin)
    HAL_GetTick                              0x08000ea1   Thumb Code     6  stm32f4xx_hal.o(i.HAL_GetTick)
    HAL_HCD_Connect_Callback                 0x08000ead   Thumb Code     8  usbh_conf.o(i.HAL_HCD_Connect_Callback)
    HAL_HCD_Disconnect_Callback              0x08000eb5   Thumb Code     8  usbh_conf.o(i.HAL_HCD_Disconnect_Callback)
    HAL_HCD_GetCurrentFrame                  0x08000ebd   Thumb Code     6  stm32f4xx_hal_hcd.o(i.HAL_HCD_GetCurrentFrame)
    HAL_HCD_GetCurrentSpeed                  0x08000ec3   Thumb Code     6  stm32f4xx_hal_hcd.o(i.HAL_HCD_GetCurrentSpeed)
    HAL_HCD_HC_GetURBState                   0x08000ec9   Thumb Code    14  stm32f4xx_hal_hcd.o(i.HAL_HCD_HC_GetURBState)
    HAL_HCD_HC_GetXferCount                  0x08000ed7   Thumb Code    12  stm32f4xx_hal_hcd.o(i.HAL_HCD_HC_GetXferCount)
    HAL_HCD_HC_Halt                          0x08000ee3   Thumb Code    36  stm32f4xx_hal_hcd.o(i.HAL_HCD_HC_Halt)
    HAL_HCD_HC_Init                          0x08000f07   Thumb Code    84  stm32f4xx_hal_hcd.o(i.HAL_HCD_HC_Init)
    HAL_HCD_HC_NotifyURBChange_Callback      0x08000f5b   Thumb Code     2  usbh_conf.o(i.HAL_HCD_HC_NotifyURBChange_Callback)
    HAL_HCD_HC_SubmitRequest                 0x08000f5d   Thumb Code   182  stm32f4xx_hal_hcd.o(i.HAL_HCD_HC_SubmitRequest)
    HAL_HCD_IRQHandler                       0x08001015   Thumb Code   318  stm32f4xx_hal_hcd.o(i.HAL_HCD_IRQHandler)
    HAL_HCD_Init                             0x08001153   Thumb Code    88  stm32f4xx_hal_hcd.o(i.HAL_HCD_Init)
    HAL_HCD_MspInit                          0x080011ad   Thumb Code   314  usbh_conf.o(i.HAL_HCD_MspInit)
    HAL_HCD_ResetPort                        0x08001305   Thumb Code     6  stm32f4xx_hal_hcd.o(i.HAL_HCD_ResetPort)
    HAL_HCD_SOF_Callback                     0x0800130b   Thumb Code     8  usbh_conf.o(i.HAL_HCD_SOF_Callback)
    HAL_HCD_Start                            0x08001313   Thumb Code    44  stm32f4xx_hal_hcd.o(i.HAL_HCD_Start)
    HAL_HCD_Stop                             0x0800133f   Thumb Code    36  stm32f4xx_hal_hcd.o(i.HAL_HCD_Stop)
    HAL_IncTick                              0x08001365   Thumb Code    10  stm32f4xx_hal.o(i.HAL_IncTick)
    HAL_Init                                 0x08001375   Thumb Code    50  stm32f4xx_hal.o(i.HAL_Init)
    HAL_MspInit                              0x080013ad   Thumb Code     2  stm32f4xx_hal.o(i.HAL_MspInit)
    HAL_NVIC_EnableIRQ                       0x080013af   Thumb Code    22  stm32f4xx_hal_cortex.o(i.HAL_NVIC_EnableIRQ)
    HAL_NVIC_SetPriority                     0x080013c5   Thumb Code    60  stm32f4xx_hal_cortex.o(i.HAL_NVIC_SetPriority)
    HAL_NVIC_SetPriorityGrouping             0x08001405   Thumb Code    26  stm32f4xx_hal_cortex.o(i.HAL_NVIC_SetPriorityGrouping)
    HAL_RCC_ClockConfig                      0x08001429   Thumb Code   422  stm32f4xx_hal_rcc.o(i.HAL_RCC_ClockConfig)
    HAL_RCC_GetHCLKFreq                      0x080015dd   Thumb Code    38  stm32f4xx_hal_rcc.o(i.HAL_RCC_GetHCLKFreq)
    HAL_RCC_GetSysClockFreq                  0x08001611   Thumb Code   120  stm32f4xx_hal_rcc.o(i.HAL_RCC_GetSysClockFreq)
    HAL_RCC_OscConfig                        0x08001695   Thumb Code   776  stm32f4xx_hal_rcc.o(i.HAL_RCC_OscConfig)
    HAL_SYSTICK_Config                       0x080019b1   Thumb Code    40  stm32f4xx_hal_cortex.o(i.HAL_SYSTICK_Config)
    HardFault_Handler                        0x08001f79   Thumb Code     2  stm32f4xx_it.o(i.HardFault_Handler)
    MemManage_Handler                        0x08001f7b   Thumb Code     2  stm32f4xx_it.o(i.MemManage_Handler)
    NMI_Handler                              0x08001f7d   Thumb Code     2  stm32f4xx_it.o(i.NMI_Handler)
    OTG_FS_IRQHandler                        0x08001fa1   Thumb Code     6  stm32f4xx_it.o(i.OTG_FS_IRQHandler)
    PendSV_Handler                           0x08001fad   Thumb Code     2  stm32f4xx_it.o(i.PendSV_Handler)
    SVC_Handler                              0x08001faf   Thumb Code     2  stm32f4xx_it.o(i.SVC_Handler)
    SysTick_Handler                          0x08001fb1   Thumb Code     4  stm32f4xx_it.o(i.SysTick_Handler)
    SystemInit                               0x08001fb5   Thumb Code    66  system_stm32f4xx.o(i.SystemInit)
    USBH_AllocPipe                           0x08002009   Thumb Code    52  usbh_pipes.o(i.USBH_AllocPipe)
    USBH_BulkReceiveData                     0x0800203d   Thumb Code    32  usbh_ioreq.o(i.USBH_BulkReceiveData)
    USBH_BulkSendData                        0x0800205d   Thumb Code    40  usbh_ioreq.o(i.USBH_BulkSendData)
    USBH_ClosePipe                           0x08002085   Thumb Code    10  usbh_pipes.o(i.USBH_ClosePipe)
    USBH_ClrFeature                          0x0800208f   Thumb Code    30  usbh_ctlreq.o(i.USBH_ClrFeature)
    USBH_CtlReceiveData                      0x080020ad   Thumb Code    30  usbh_ioreq.o(i.USBH_CtlReceiveData)
    USBH_CtlReq                              0x080020cb   Thumb Code    54  usbh_ctlreq.o(i.USBH_CtlReq)
    USBH_CtlSendData                         0x08002101   Thumb Code    40  usbh_ioreq.o(i.USBH_CtlSendData)
    USBH_CtlSendSetup                        0x08002129   Thumb Code    30  usbh_ioreq.o(i.USBH_CtlSendSetup)
    USBH_Delay                               0x08002147   Thumb Code     4  usbh_conf.o(i.USBH_Delay)
    USBH_FindInterface                       0x0800214b   Thumb Code    88  usbh_core.o(i.USBH_FindInterface)
    USBH_FreePipe                            0x080021a3   Thumb Code    24  usbh_pipes.o(i.USBH_FreePipe)
    USBH_GetDescriptor                       0x080021bb   Thumb Code    52  usbh_ctlreq.o(i.USBH_GetDescriptor)
    USBH_GetNextDesc                         0x080021ef   Thumb Code    14  usbh_ctlreq.o(i.USBH_GetNextDesc)
    USBH_Get_CfgDesc                         0x080021fd   Thumb Code    44  usbh_ctlreq.o(i.USBH_Get_CfgDesc)
    USBH_Get_DevDesc                         0x08002229   Thumb Code   128  usbh_ctlreq.o(i.USBH_Get_DevDesc)
    USBH_Get_StringDesc                      0x080022a9   Thumb Code    72  usbh_ctlreq.o(i.USBH_Get_StringDesc)
    USBH_Init                                0x08002557   Thumb Code    48  usbh_core.o(i.USBH_Init)
    USBH_LL_ClosePipe                        0x08002587   Thumb Code    14  usbh_conf.o(i.USBH_LL_ClosePipe)
    USBH_LL_Connect                          0x08002595   Thumb Code    44  usbh_core.o(i.USBH_LL_Connect)
    USBH_LL_Disconnect                       0x080025c1   Thumb Code    56  usbh_core.o(i.USBH_LL_Disconnect)
    USBH_LL_DriverVBUS                       0x080025f9   Thumb Code    28  usbh_conf.o(i.USBH_LL_DriverVBUS)
    USBH_LL_GetLastXferSize                  0x08002619   Thumb Code     8  usbh_conf.o(i.USBH_LL_GetLastXferSize)
    USBH_LL_GetSpeed                         0x08002621   Thumb Code    34  usbh_conf.o(i.USBH_LL_GetSpeed)
    USBH_LL_GetToggle                        0x08002645   Thumb Code    28  usbh_conf.o(i.USBH_LL_GetToggle)
    USBH_LL_GetURBState                      0x08002665   Thumb Code     8  usbh_conf.o(i.USBH_LL_GetURBState)
    USBH_LL_IncTimer                         0x0800266d   Thumb Code    30  usbh_core.o(i.USBH_LL_IncTimer)
    USBH_LL_Init                             0x0800268d   Thumb Code    64  usbh_conf.o(i.USBH_LL_Init)
    USBH_LL_OpenPipe                         0x080026d1   Thumb Code    24  usbh_conf.o(i.USBH_LL_OpenPipe)
    USBH_LL_ResetPort                        0x080026e9   Thumb Code    14  usbh_conf.o(i.USBH_LL_ResetPort)
    USBH_LL_SetTimer                         0x080026f7   Thumb Code     6  usbh_core.o(i.USBH_LL_SetTimer)
    USBH_LL_SetToggle                        0x080026fd   Thumb Code    30  usbh_conf.o(i.USBH_LL_SetToggle)
    USBH_LL_Start                            0x08002721   Thumb Code    14  usbh_conf.o(i.USBH_LL_Start)
    USBH_LL_Stop                             0x0800272f   Thumb Code    14  usbh_conf.o(i.USBH_LL_Stop)
    USBH_LL_SubmitURB                        0x0800273d   Thumb Code    32  usbh_conf.o(i.USBH_LL_SubmitURB)
    USBH_MSC_BOT_Init                        0x0800277d   Thumb Code    26  usbh_msc_bot.o(i.USBH_MSC_BOT_Init)
    USBH_MSC_BOT_Process                     0x080027a1   Thumb Code   470  usbh_msc_bot.o(i.USBH_MSC_BOT_Process)
    USBH_MSC_BOT_REQ_GetMaxLUN               0x0800297d   Thumb Code    22  usbh_msc_bot.o(i.USBH_MSC_BOT_REQ_GetMaxLUN)
    USBH_MSC_BOT_REQ_Reset                   0x08002993   Thumb Code    22  usbh_msc_bot.o(i.USBH_MSC_BOT_REQ_Reset)
    USBH_MSC_GetLUNInfo                      0x08002a0b   Thumb Code    46  usbh_msc.o(i.USBH_MSC_GetLUNInfo)
    USBH_MSC_IsReady                         0x08002bcf   Thumb Code    22  usbh_msc.o(i.USBH_MSC_IsReady)
    USBH_MSC_Read                            0x08002f03   Thumb Code   136  usbh_msc.o(i.USBH_MSC_Read)
    USBH_MSC_SCSI_Inquiry                    0x08002f8b   Thumb Code   192  usbh_msc_scsi.o(i.USBH_MSC_SCSI_Inquiry)
    USBH_MSC_SCSI_Read                       0x0800304b   Thumb Code   124  usbh_msc_scsi.o(i.USBH_MSC_SCSI_Read)
    USBH_MSC_SCSI_ReadCapacity               0x080030c7   Thumb Code   122  usbh_msc_scsi.o(i.USBH_MSC_SCSI_ReadCapacity)
    USBH_MSC_SCSI_RequestSense               0x08003141   Thumb Code   146  usbh_msc_scsi.o(i.USBH_MSC_SCSI_RequestSense)
    USBH_MSC_SCSI_TestUnitReady              0x080031d3   Thumb Code    76  usbh_msc_scsi.o(i.USBH_MSC_SCSI_TestUnitReady)
    USBH_MSC_SCSI_Write                      0x0800321f   Thumb Code   124  usbh_msc_scsi.o(i.USBH_MSC_SCSI_Write)
    USBH_MSC_UnitIsReady                     0x0800329f   Thumb Code    38  usbh_msc.o(i.USBH_MSC_UnitIsReady)
    USBH_MSC_Write                           0x080032c5   Thumb Code   136  usbh_msc.o(i.USBH_MSC_Write)
    USBH_OpenPipe                            0x0800334d   Thumb Code    20  usbh_pipes.o(i.USBH_OpenPipe)
    USBH_Process                             0x08003449   Thumb Code   360  usbh_core.o(i.USBH_Process)
    USBH_RegisterClass                       0x080035b1   Thumb Code    28  usbh_core.o(i.USBH_RegisterClass)
    USBH_SelectInterface                     0x080035cd   Thumb Code    22  usbh_core.o(i.USBH_SelectInterface)
    USBH_SetAddress                          0x080035e3   Thumb Code    28  usbh_ctlreq.o(i.USBH_SetAddress)
    USBH_SetCfg                              0x080035ff   Thumb Code    28  usbh_ctlreq.o(i.USBH_SetCfg)
    USBH_Start                               0x0800361b   Thumb Code    20  usbh_core.o(i.USBH_Start)
    USB_CoreInit                             0x08003655   Thumb Code   104  stm32f4xx_ll_usb.o(i.USB_CoreInit)
    USB_DisableGlobalInt                     0x080036f9   Thumb Code    12  stm32f4xx_ll_usb.o(i.USB_DisableGlobalInt)
    USB_DoPing                               0x08003705   Thumb Code    78  stm32f4xx_ll_usb.o(i.USB_DoPing)
    USB_DriveVbus                            0x08003759   Thumb Code    44  stm32f4xx_ll_usb.o(i.USB_DriveVbus)
    USB_EnableGlobalInt                      0x08003785   Thumb Code    12  stm32f4xx_ll_usb.o(i.USB_EnableGlobalInt)
    USB_FlushRxFifo                          0x08003791   Thumb Code    28  stm32f4xx_ll_usb.o(i.USB_FlushRxFifo)
    USB_FlushTxFifo                          0x080037b1   Thumb Code    32  stm32f4xx_ll_usb.o(i.USB_FlushTxFifo)
    USB_GetCurrentFrame                      0x080037d5   Thumb Code     8  stm32f4xx_ll_usb.o(i.USB_GetCurrentFrame)
    USB_GetHostSpeed                         0x080037dd   Thumb Code    14  stm32f4xx_ll_usb.o(i.USB_GetHostSpeed)
    USB_GetMode                              0x080037eb   Thumb Code     8  stm32f4xx_ll_usb.o(i.USB_GetMode)
    USB_HC_Halt                              0x080037f3   Thumb Code   376  stm32f4xx_ll_usb.o(i.USB_HC_Halt)
    USB_HC_Init                              0x0800396d   Thumb Code   234  stm32f4xx_ll_usb.o(i.USB_HC_Init)
    USB_HC_ReadInterrupt                     0x08003a57   Thumb Code    12  stm32f4xx_ll_usb.o(i.USB_HC_ReadInterrupt)
    USB_HC_StartXfer                         0x08003a65   Thumb Code   364  stm32f4xx_ll_usb.o(i.USB_HC_StartXfer)
    USB_HostInit                             0x08003bd5   Thumb Code   192  stm32f4xx_ll_usb.o(i.USB_HostInit)
    USB_InitFSLSPClkSel                      0x08003ca9   Thumb Code    54  stm32f4xx_ll_usb.o(i.USB_InitFSLSPClkSel)
    USB_ReadInterrupts                       0x08003cdf   Thumb Code     8  stm32f4xx_ll_usb.o(i.USB_ReadInterrupts)
    USB_ReadPacket                           0x08003ce7   Thumb Code    32  stm32f4xx_ll_usb.o(i.USB_ReadPacket)
    USB_ResetPort                            0x08003d07   Thumb Code    44  stm32f4xx_ll_usb.o(i.USB_ResetPort)
    USB_SetCurrentMode                       0x08003d33   Thumb Code    44  stm32f4xx_ll_usb.o(i.USB_SetCurrentMode)
    USB_StopHost                             0x08003d5f   Thumb Code   178  stm32f4xx_ll_usb.o(i.USB_StopHost)
    USB_WritePacket                          0x08003e11   Thumb Code    40  stm32f4xx_ll_usb.o(i.USB_WritePacket)
    UsageFault_Handler                       0x08003e39   Thumb Code     2  stm32f4xx_it.o(i.UsageFault_Handler)
    __scatterload_copy                       0x08003e3b   Thumb Code    14  handlers.o(i.__scatterload_copy)
    __scatterload_null                       0x08003e49   Thumb Code     2  handlers.o(i.__scatterload_null)
    __scatterload_zeroinit                   0x08003e4b   Thumb Code    14  handlers.o(i.__scatterload_zeroinit)
    clust2sect                               0x08003f73   Thumb Code    30  ff.o(i.clust2sect)
    disk_initialize                          0x08004443   Thumb Code     4  usbh_diskio.o(i.disk_initialize)
    disk_ioctl                               0x08004449   Thumb Code    70  usbh_diskio.o(i.disk_ioctl)
    disk_read                                0x08004495   Thumb Code   120  usbh_diskio.o(i.disk_read)
    disk_status                              0x08004511   Thumb Code    20  usbh_diskio.o(i.disk_status)
    disk_write                               0x08004529   Thumb Code   130  usbh_diskio.o(i.disk_write)
    f_close                                  0x080045b1   Thumb Code    42  ff.o(i.f_close)
    f_mount                                  0x080045dd   Thumb Code    88  ff.o(i.f_mount)
    f_open                                   0x08004639   Thumb Code   412  ff.o(i.f_open)
    f_read                                   0x080047d9   Thumb Code   398  ff.o(i.f_read)
    f_sync                                   0x08004967   Thumb Code   184  ff.o(i.f_sync)
    f_unlink                                 0x08004a1f   Thumb Code   188  ff.o(i.f_unlink)
    f_write                                  0x08004adb   Thumb Code   472  ff.o(i.f_write)
    free                                     0x08004fcd   Thumb Code    76  malloc.o(i.free)
    get_fat                                  0x0800501d   Thumb Code   186  ff.o(i.get_fat)
    get_fattime                              0x080050d7   Thumb Code     4  usbh_diskio.o(i.get_fattime)
    main                                     0x080051bd   Thumb Code   196  main.o(i.main)
    malloc                                   0x0800529d   Thumb Code    92  malloc.o(i.malloc)
    put_fat                                  0x0800535d   Thumb Code   254  ff.o(i.put_fat)
    COM_TX_PIN                               0x08005618   Data           2  stm324x9i_eval.o(.constdata)
    COM_RX_PIN                               0x0800561a   Data           2  stm324x9i_eval.o(.constdata)
    COM_TX_AF                                0x0800561c   Data           2  stm324x9i_eval.o(.constdata)
    COM_RX_AF                                0x0800561e   Data           2  stm324x9i_eval.o(.constdata)
    GPIO_PIN                                 0x08005620   Data           8  stm324x9i_eval.o(.constdata)
    BUTTON_PIN                               0x08005628   Data          16  stm324x9i_eval.o(.constdata)
    BUTTON_IRQn                              0x08005638   Data          16  stm324x9i_eval.o(.constdata)
    APBAHBPrescTable                         0x08005648   Data          16  stm32f4xx_hal_rcc.o(.constdata)
    Region$$Table$$Base                      0x08005708   Number         0  anon$$obj.o(Region$$Table)
    Region$$Table$$Limit                     0x08005728   Number         0  anon$$obj.o(Region$$Table)
    FirstSector                              0x20000010   Data           4  flash_if.o(.data)
    NbOfSectors                              0x20000014   Data           4  flash_if.o(.data)
    SectorError                              0x20000018   Data           4  flash_if.o(.data)
    OB_RDP_LEVEL                             0x2000001c   Data           4  flash_if.o(.data)
    UploadCondition                          0x20000024   Data           4  iap_menu.o(.data)
    Appli_state                              0x20000028   Data           1  main.o(.data)
    JumpAddress                              0x2000002c   Data           4  main.o(.data)
    Jump_To_Application                      0x20000030   Data           4  main.o(.data)
    COM_USART                                0x20000038   Data           4  stm324x9i_eval.o(.data)
    COM_TX_PORT                              0x2000003c   Data           4  stm324x9i_eval.o(.data)
    COM_RX_PORT                              0x20000040   Data           4  stm324x9i_eval.o(.data)
    GPIO_PORT                                0x20000044   Data          16  stm324x9i_eval.o(.data)
    BUTTON_PORT                              0x20000054   Data          32  stm324x9i_eval.o(.data)
    SystemCoreClock                          0x20000074   Data           4  system_stm32f4xx.o(.data)
    AHBPrescTable                            0x20000078   Data          16  system_stm32f4xx.o(.data)
    USBH_msc                                 0x20000094   Data          32  usbh_msc.o(.data)
    __microlib_freelist                      0x200000b4   Data           4  mvars.o(.data)
    __microlib_freelist_initialised          0x200000b8   Data           4  mvars.o(.data)
    MyFile                                   0x200080bc   Data         556  command.o(.bss)
    MyFileR                                  0x200082e8   Data         556  command.o(.bss)
    USBH_fatfs                               0x20008514   Data         560  command.o(.bss)
    hUSBHost                                 0x20008774   Data         712  main.o(.bss)
    hhcd                                     0x20008a3c   Data         656  usbh_conf.o(.bss)
    pFlash                                   0x20008ccc   Data          28  stm32f4xx_hal_flash.o(.bss)
    __heap_base                              0x20008d00   Data           0  startup_stm32f429xx.o(HEAP)
    __heap_limit                             0x2000cd00   Data           0  startup_stm32f429xx.o(HEAP)
    __initial_sp                             0x2000ed00   Data           0  startup_stm32f429xx.o(STACK)



==============================================================================

Memory Map of the image

  Image Entry point : 0x080001ad

  Load Region LR_IROM1 (Base: 0x08000000, Size: 0x000057e4, Max: 0x00100000, ABSOLUTE)

    Execution Region ER_IROM1 (Base: 0x08000000, Size: 0x00005728, Max: 0x00100000, ABSOLUTE)

    Base Addr    Size         Type   Attr      Idx    E Section Name        Object

    0x08000000   0x000001ac   Data   RO            3    RESET               startup_stm32f429xx.o
    0x080001ac   0x00000000   Code   RO         3783  * .ARM.Collect$$$$00000000  mc_w.l(entry.o)
    0x080001ac   0x00000004   Code   RO         3820    .ARM.Collect$$$$00000001  mc_w.l(entry2.o)
    0x080001b0   0x00000004   Code   RO         3823    .ARM.Collect$$$$00000004  mc_w.l(entry5.o)
    0x080001b4   0x00000000   Code   RO         3825    .ARM.Collect$$$$00000008  mc_w.l(entry7b.o)
    0x080001b4   0x00000000   Code   RO         3827    .ARM.Collect$$$$0000000A  mc_w.l(entry8b.o)
    0x080001b4   0x00000008   Code   RO         3828    .ARM.Collect$$$$0000000B  mc_w.l(entry9a.o)
    0x080001bc   0x00000000   Code   RO         3830    .ARM.Collect$$$$0000000D  mc_w.l(entry10a.o)
    0x080001bc   0x00000000   Code   RO         3832    .ARM.Collect$$$$0000000F  mc_w.l(entry11a.o)
    0x080001bc   0x00000004   Code   RO         3821    .ARM.Collect$$$$00002712  mc_w.l(entry2.o)
    0x080001c0   0x00000024   Code   RO            4    .text               startup_stm32f429xx.o
    0x080001e4   0x00000024   Code   RO         3786    .text               mc_w.l(memcpya.o)
    0x08000208   0x00000024   Code   RO         3788    .text               mc_w.l(memseta.o)
    0x0800022c   0x00000024   Code   RO         3836    .text               mc_w.l(init.o)
    0x08000250   0x0000004c   Code   RO          788    i.BSP_LED_Init      stm324x9i_eval.o
    0x0800029c   0x0000001c   Code   RO          789    i.BSP_LED_Off       stm324x9i_eval.o
    0x080002b8   0x0000001c   Code   RO          790    i.BSP_LED_On        stm324x9i_eval.o
    0x080002d4   0x00000018   Code   RO          791    i.BSP_LED_Toggle    stm324x9i_eval.o
    0x080002ec   0x00000018   Code   RO          792    i.BSP_PB_GetState   stm324x9i_eval.o
    0x08000304   0x00000090   Code   RO          793    i.BSP_PB_Init       stm324x9i_eval.o
    0x08000394   0x00000030   Code   RO          419    i.BSP_USB_POWER_SWITCH_Init  usbh_conf.o
    0x080003c4   0x00000038   Code   RO          795    i.BUTTONx_GPIO_CLK_ENABLE  stm324x9i_eval.o
    0x080003fc   0x00000002   Code   RO          341    i.BusFault_Handler  stm32f4xx_it.o
    0x080003fe   0x00000002   PAD
    0x08000400   0x00000064   Code   RO           12    i.COMMAND_Download  command.o
    0x08000464   0x00000020   Code   RO           13    i.COMMAND_Jump      command.o
    0x08000484   0x00000068   Code   RO           14    i.COMMAND_ProgramFlashMemory  command.o
    0x080004ec   0x000000c4   Code   RO           15    i.COMMAND_Upload    command.o
    0x080005b0   0x00000046   Code   RO         3482    i.DeInitStateMachine  usbh_core.o
    0x080005f6   0x00000002   Code   RO          342    i.DebugMon_Handler  stm32f4xx_it.o
    0x080005f8   0x00000014   Code   RO          258    i.Erase_Fail_Handler  iap_menu.o
    0x0800060c   0x00000060   Code   RO         1722    i.FLASH_Erase_Sector  stm32f4xx_hal_flash_ex.o
    0x0800066c   0x00000048   Code   RO          203    i.FLASH_If_EraseSectors  flash_if.o
    0x080006b4   0x00000004   Code   RO          204    i.FLASH_If_FlashUnlock  flash_if.o
    0x080006b8   0x0000017c   Code   RO          205    i.FLASH_If_GetSectorNumber  flash_if.o
    0x08000834   0x00000028   Code   RO          206    i.FLASH_If_ReadOutProtectionStatus  flash_if.o
    0x0800085c   0x00000020   Code   RO          207    i.FLASH_If_Write    flash_if.o
    0x0800087c   0x0000003c   Code   RO         1723    i.FLASH_MassErase   stm32f4xx_hal_flash_ex.o
    0x080008b8   0x00000020   Code   RO         1608    i.FLASH_Program_Byte  stm32f4xx_hal_flash.o
    0x080008d8   0x00000028   Code   RO         1609    i.FLASH_Program_DoubleWord  stm32f4xx_hal_flash.o
    0x08000900   0x00000024   Code   RO         1610    i.FLASH_Program_HalfWord  stm32f4xx_hal_flash.o
    0x08000924   0x00000024   Code   RO         1611    i.FLASH_Program_Word  stm32f4xx_hal_flash.o
    0x08000948   0x00000060   Code   RO         1612    i.FLASH_SetErrorCode  stm32f4xx_hal_flash.o
    0x080009a8   0x00000038   Code   RO         1613    i.FLASH_WaitForLastOperation  stm32f4xx_hal_flash.o
    0x080009e0   0x000000d4   Code   RO          259    i.FW_UPGRADE_Process  iap_menu.o
    0x08000ab4   0x0000000e   Code   RO          260    i.Fail_Handler      iap_menu.o
    0x08000ac2   0x00000014   Code   RO          261    i.FatFs_Fail_Handler  iap_menu.o
    0x08000ad6   0x00000002   PAD
    0x08000ad8   0x00000018   Code   RO         1111    i.HAL_Delay         stm32f4xx_hal.o
    0x08000af0   0x00000098   Code   RO         1728    i.HAL_FLASHEx_Erase  stm32f4xx_hal_flash_ex.o
    0x08000b88   0x00000034   Code   RO         1730    i.HAL_FLASHEx_OBGetConfig  stm32f4xx_hal_flash_ex.o
    0x08000bbc   0x0000007c   Code   RO         1622    i.HAL_FLASH_Program  stm32f4xx_hal_flash.o
    0x08000c38   0x00000028   Code   RO         1624    i.HAL_FLASH_Unlock  stm32f4xx_hal_flash.o
    0x08000c60   0x00000224   Code   RO         1815    i.HAL_GPIO_Init     stm32f4xx_hal_gpio.o
    0x08000e84   0x0000000a   Code   RO         1816    i.HAL_GPIO_ReadPin  stm32f4xx_hal_gpio.o
    0x08000e8e   0x00000008   Code   RO         1817    i.HAL_GPIO_TogglePin  stm32f4xx_hal_gpio.o
    0x08000e96   0x0000000a   Code   RO         1818    i.HAL_GPIO_WritePin  stm32f4xx_hal_gpio.o
    0x08000ea0   0x0000000c   Code   RO         1125    i.HAL_GetTick       stm32f4xx_hal.o
    0x08000eac   0x00000008   Code   RO          420    i.HAL_HCD_Connect_Callback  usbh_conf.o
    0x08000eb4   0x00000008   Code   RO          421    i.HAL_HCD_Disconnect_Callback  usbh_conf.o
    0x08000ebc   0x00000006   Code   RO         1871    i.HAL_HCD_GetCurrentFrame  stm32f4xx_hal_hcd.o
    0x08000ec2   0x00000006   Code   RO         1872    i.HAL_HCD_GetCurrentSpeed  stm32f4xx_hal_hcd.o
    0x08000ec8   0x0000000e   Code   RO         1875    i.HAL_HCD_HC_GetURBState  stm32f4xx_hal_hcd.o
    0x08000ed6   0x0000000c   Code   RO         1876    i.HAL_HCD_HC_GetXferCount  stm32f4xx_hal_hcd.o
    0x08000ee2   0x00000024   Code   RO         1877    i.HAL_HCD_HC_Halt   stm32f4xx_hal_hcd.o
    0x08000f06   0x00000054   Code   RO         1878    i.HAL_HCD_HC_Init   stm32f4xx_hal_hcd.o
    0x08000f5a   0x00000002   Code   RO          422    i.HAL_HCD_HC_NotifyURBChange_Callback  usbh_conf.o
    0x08000f5c   0x000000b6   Code   RO         1880    i.HAL_HCD_HC_SubmitRequest  stm32f4xx_hal_hcd.o
    0x08001012   0x00000002   PAD
    0x08001014   0x0000013e   Code   RO         1881    i.HAL_HCD_IRQHandler  stm32f4xx_hal_hcd.o
    0x08001152   0x00000058   Code   RO         1882    i.HAL_HCD_Init      stm32f4xx_hal_hcd.o
    0x080011aa   0x00000002   PAD
    0x080011ac   0x00000158   Code   RO          424    i.HAL_HCD_MspInit   usbh_conf.o
    0x08001304   0x00000006   Code   RO         1885    i.HAL_HCD_ResetPort  stm32f4xx_hal_hcd.o
    0x0800130a   0x00000008   Code   RO          425    i.HAL_HCD_SOF_Callback  usbh_conf.o
    0x08001312   0x0000002c   Code   RO         1887    i.HAL_HCD_Start     stm32f4xx_hal_hcd.o
    0x0800133e   0x00000024   Code   RO         1888    i.HAL_HCD_Stop      stm32f4xx_hal_hcd.o
    0x08001362   0x00000002   PAD
    0x08001364   0x00000010   Code   RO         1126    i.HAL_IncTick       stm32f4xx_hal.o
    0x08001374   0x00000038   Code   RO         1127    i.HAL_Init          stm32f4xx_hal.o
    0x080013ac   0x00000002   Code   RO         1129    i.HAL_MspInit       stm32f4xx_hal.o
    0x080013ae   0x00000016   Code   RO         1248    i.HAL_NVIC_EnableIRQ  stm32f4xx_hal_cortex.o
    0x080013c4   0x00000040   Code   RO         1254    i.HAL_NVIC_SetPriority  stm32f4xx_hal_cortex.o
    0x08001404   0x00000024   Code   RO         1255    i.HAL_NVIC_SetPriorityGrouping  stm32f4xx_hal_cortex.o
    0x08001428   0x000001b4   Code   RO         2353    i.HAL_RCC_ClockConfig  stm32f4xx_hal_rcc.o
    0x080015dc   0x00000034   Code   RO         2358    i.HAL_RCC_GetHCLKFreq  stm32f4xx_hal_rcc.o
    0x08001610   0x00000084   Code   RO         2362    i.HAL_RCC_GetSysClockFreq  stm32f4xx_hal_rcc.o
    0x08001694   0x0000031c   Code   RO         2365    i.HAL_RCC_OscConfig  stm32f4xx_hal_rcc.o
    0x080019b0   0x00000028   Code   RO         1259    i.HAL_SYSTICK_Config  stm32f4xx_hal_cortex.o
    0x080019d8   0x00000242   Code   RO         1889    i.HCD_HC_IN_IRQHandler  stm32f4xx_hal_hcd.o
    0x08001c1a   0x00000234   Code   RO         1890    i.HCD_HC_OUT_IRQHandler  stm32f4xx_hal_hcd.o
    0x08001e4e   0x000000b0   Code   RO         1891    i.HCD_Port_IRQHandler  stm32f4xx_hal_hcd.o
    0x08001efe   0x00000002   PAD
    0x08001f00   0x00000078   Code   RO         1892    i.HCD_RXQLVL_IRQHandler  stm32f4xx_hal_hcd.o
    0x08001f78   0x00000002   Code   RO          343    i.HardFault_Handler  stm32f4xx_it.o
    0x08001f7a   0x00000002   Code   RO          344    i.MemManage_Handler  stm32f4xx_it.o
    0x08001f7c   0x00000002   Code   RO          345    i.NMI_Handler       stm32f4xx_it.o
    0x08001f7e   0x00000020   Code   RO         1261    i.NVIC_SetPriority  stm32f4xx_hal_cortex.o
    0x08001f9e   0x00000002   PAD
    0x08001fa0   0x0000000c   Code   RO          346    i.OTG_FS_IRQHandler  stm32f4xx_it.o
    0x08001fac   0x00000002   Code   RO          347    i.PendSV_Handler    stm32f4xx_it.o
    0x08001fae   0x00000002   Code   RO          348    i.SVC_Handler       stm32f4xx_it.o
    0x08001fb0   0x00000004   Code   RO          349    i.SysTick_Handler   stm32f4xx_it.o
    0x08001fb4   0x00000054   Code   RO         1079    i.SystemInit        system_stm32f4xx.o
    0x08002008   0x00000034   Code   RO         3747    i.USBH_AllocPipe    usbh_pipes.o
    0x0800203c   0x00000020   Code   RO         3679    i.USBH_BulkReceiveData  usbh_ioreq.o
    0x0800205c   0x00000028   Code   RO         3680    i.USBH_BulkSendData  usbh_ioreq.o
    0x08002084   0x0000000a   Code   RO         3748    i.USBH_ClosePipe    usbh_pipes.o
    0x0800208e   0x0000001e   Code   RO         3595    i.USBH_ClrFeature   usbh_ctlreq.o
    0x080020ac   0x0000001e   Code   RO         3681    i.USBH_CtlReceiveData  usbh_ioreq.o
    0x080020ca   0x00000036   Code   RO         3596    i.USBH_CtlReq       usbh_ctlreq.o
    0x08002100   0x00000028   Code   RO         3682    i.USBH_CtlSendData  usbh_ioreq.o
    0x08002128   0x0000001e   Code   RO         3683    i.USBH_CtlSendSetup  usbh_ioreq.o
    0x08002146   0x00000004   Code   RO          426    i.USBH_Delay        usbh_conf.o
    0x0800214a   0x00000058   Code   RO         3484    i.USBH_FindInterface  usbh_core.o
    0x080021a2   0x00000018   Code   RO         3749    i.USBH_FreePipe     usbh_pipes.o
    0x080021ba   0x00000034   Code   RO         3597    i.USBH_GetDescriptor  usbh_ctlreq.o
    0x080021ee   0x0000000e   Code   RO         3598    i.USBH_GetNextDesc  usbh_ctlreq.o
    0x080021fc   0x0000002c   Code   RO         3599    i.USBH_Get_CfgDesc  usbh_ctlreq.o
    0x08002228   0x00000080   Code   RO         3600    i.USBH_Get_DevDesc  usbh_ctlreq.o
    0x080022a8   0x00000048   Code   RO         3601    i.USBH_Get_StringDesc  usbh_ctlreq.o
    0x080022f0   0x00000174   Code   RO         3602    i.USBH_HandleControl  usbh_ctlreq.o
    0x08002464   0x000000f2   Code   RO         3487    i.USBH_HandleEnum   usbh_core.o
    0x08002556   0x00000030   Code   RO         3488    i.USBH_Init         usbh_core.o
    0x08002586   0x0000000e   Code   RO          427    i.USBH_LL_ClosePipe  usbh_conf.o
    0x08002594   0x0000002c   Code   RO         3489    i.USBH_LL_Connect   usbh_core.o
    0x080025c0   0x00000038   Code   RO         3490    i.USBH_LL_Disconnect  usbh_core.o
    0x080025f8   0x00000020   Code   RO          429    i.USBH_LL_DriverVBUS  usbh_conf.o
    0x08002618   0x00000008   Code   RO          430    i.USBH_LL_GetLastXferSize  usbh_conf.o
    0x08002620   0x00000022   Code   RO          431    i.USBH_LL_GetSpeed  usbh_conf.o
    0x08002642   0x00000002   PAD
    0x08002644   0x00000020   Code   RO          432    i.USBH_LL_GetToggle  usbh_conf.o
    0x08002664   0x00000008   Code   RO          433    i.USBH_LL_GetURBState  usbh_conf.o
    0x0800266c   0x0000001e   Code   RO         3491    i.USBH_LL_IncTimer  usbh_core.o
    0x0800268a   0x00000002   PAD
    0x0800268c   0x00000044   Code   RO          434    i.USBH_LL_Init      usbh_conf.o
    0x080026d0   0x00000018   Code   RO          435    i.USBH_LL_OpenPipe  usbh_conf.o
    0x080026e8   0x0000000e   Code   RO          436    i.USBH_LL_ResetPort  usbh_conf.o
    0x080026f6   0x00000006   Code   RO         3492    i.USBH_LL_SetTimer  usbh_core.o
    0x080026fc   0x00000024   Code   RO          437    i.USBH_LL_SetToggle  usbh_conf.o
    0x08002720   0x0000000e   Code   RO          438    i.USBH_LL_Start     usbh_conf.o
    0x0800272e   0x0000000e   Code   RO          439    i.USBH_LL_Stop      usbh_conf.o
    0x0800273c   0x00000020   Code   RO          440    i.USBH_LL_SubmitURB  usbh_conf.o
    0x0800275c   0x0000001e   Code   RO         3389    i.USBH_MSC_BOT_Abort  usbh_msc_bot.o
    0x0800277a   0x00000002   PAD
    0x0800277c   0x00000024   Code   RO         3390    i.USBH_MSC_BOT_Init  usbh_msc_bot.o
    0x080027a0   0x000001dc   Code   RO         3391    i.USBH_MSC_BOT_Process  usbh_msc_bot.o
    0x0800297c   0x00000016   Code   RO         3392    i.USBH_MSC_BOT_REQ_GetMaxLUN  usbh_msc_bot.o
    0x08002992   0x00000016   Code   RO         3393    i.USBH_MSC_BOT_REQ_Reset  usbh_msc_bot.o
    0x080029a8   0x00000062   Code   RO         3302    i.USBH_MSC_ClassRequest  usbh_msc.o
    0x08002a0a   0x0000002e   Code   RO         3303    i.USBH_MSC_GetLUNInfo  usbh_msc.o
    0x08002a38   0x0000004a   Code   RO         3305    i.USBH_MSC_InterfaceDeInit  usbh_msc.o
    0x08002a82   0x0000014c   Code   RO         3306    i.USBH_MSC_InterfaceInit  usbh_msc.o
    0x08002bce   0x00000016   Code   RO         3307    i.USBH_MSC_IsReady  usbh_msc.o
    0x08002be4   0x00000290   Code   RO         3308    i.USBH_MSC_Process  usbh_msc.o
    0x08002e74   0x0000008e   Code   RO         3309    i.USBH_MSC_RdWrProcess  usbh_msc.o
    0x08002f02   0x00000088   Code   RO         3310    i.USBH_MSC_Read     usbh_msc.o
    0x08002f8a   0x000000c0   Code   RO         3432    i.USBH_MSC_SCSI_Inquiry  usbh_msc_scsi.o
    0x0800304a   0x0000007c   Code   RO         3433    i.USBH_MSC_SCSI_Read  usbh_msc_scsi.o
    0x080030c6   0x0000007a   Code   RO         3434    i.USBH_MSC_SCSI_ReadCapacity  usbh_msc_scsi.o
    0x08003140   0x00000092   Code   RO         3435    i.USBH_MSC_SCSI_RequestSense  usbh_msc_scsi.o
    0x080031d2   0x0000004c   Code   RO         3436    i.USBH_MSC_SCSI_TestUnitReady  usbh_msc_scsi.o
    0x0800321e   0x0000007c   Code   RO         3437    i.USBH_MSC_SCSI_Write  usbh_msc_scsi.o
    0x0800329a   0x00000004   Code   RO         3311    i.USBH_MSC_SOFProcess  usbh_msc.o
    0x0800329e   0x00000026   Code   RO         3312    i.USBH_MSC_UnitIsReady  usbh_msc.o
    0x080032c4   0x00000088   Code   RO         3313    i.USBH_MSC_Write    usbh_msc.o
    0x0800334c   0x00000014   Code   RO         3750    i.USBH_OpenPipe     usbh_pipes.o
    0x08003360   0x000000e8   Code   RO         3603    i.USBH_ParseCfgDesc  usbh_ctlreq.o
    0x08003448   0x00000168   Code   RO         3493    i.USBH_Process      usbh_core.o
    0x080035b0   0x0000001c   Code   RO         3495    i.USBH_RegisterClass  usbh_core.o
    0x080035cc   0x00000016   Code   RO         3496    i.USBH_SelectInterface  usbh_core.o
    0x080035e2   0x0000001c   Code   RO         3604    i.USBH_SetAddress   usbh_ctlreq.o
    0x080035fe   0x0000001c   Code   RO         3605    i.USBH_SetCfg       usbh_ctlreq.o
    0x0800361a   0x00000014   Code   RO         3497    i.USBH_Start        usbh_core.o
    0x0800362e   0x00000002   PAD
    0x08003630   0x00000024   Code   RO          305    i.USBH_UserProcess  main.o
    0x08003654   0x0000006c   Code   RO         2720    i.USB_CoreInit      stm32f4xx_ll_usb.o
    0x080036c0   0x00000038   Code   RO         2721    i.USB_CoreReset     stm32f4xx_ll_usb.o
    0x080036f8   0x0000000c   Code   RO         2727    i.USB_DisableGlobalInt  stm32f4xx_ll_usb.o
    0x08003704   0x00000054   Code   RO         2728    i.USB_DoPing        stm32f4xx_ll_usb.o
    0x08003758   0x0000002c   Code   RO         2729    i.USB_DriveVbus     stm32f4xx_ll_usb.o
    0x08003784   0x0000000c   Code   RO         2735    i.USB_EnableGlobalInt  stm32f4xx_ll_usb.o
    0x08003790   0x00000020   Code   RO         2736    i.USB_FlushRxFifo   stm32f4xx_ll_usb.o
    0x080037b0   0x00000024   Code   RO         2737    i.USB_FlushTxFifo   stm32f4xx_ll_usb.o
    0x080037d4   0x00000008   Code   RO         2738    i.USB_GetCurrentFrame  stm32f4xx_ll_usb.o
    0x080037dc   0x0000000e   Code   RO         2740    i.USB_GetHostSpeed  stm32f4xx_ll_usb.o
    0x080037ea   0x00000008   Code   RO         2741    i.USB_GetMode       stm32f4xx_ll_usb.o
    0x080037f2   0x00000178   Code   RO         2742    i.USB_HC_Halt       stm32f4xx_ll_usb.o
    0x0800396a   0x00000002   PAD
    0x0800396c   0x000000ea   Code   RO         2743    i.USB_HC_Init       stm32f4xx_ll_usb.o
    0x08003a56   0x0000000c   Code   RO         2744    i.USB_HC_ReadInterrupt  stm32f4xx_ll_usb.o
    0x08003a62   0x00000002   PAD
    0x08003a64   0x00000170   Code   RO         2745    i.USB_HC_StartXfer  stm32f4xx_ll_usb.o
    0x08003bd4   0x000000d4   Code   RO         2746    i.USB_HostInit      stm32f4xx_ll_usb.o
    0x08003ca8   0x00000036   Code   RO         2747    i.USB_InitFSLSPClkSel  stm32f4xx_ll_usb.o
    0x08003cde   0x00000008   Code   RO         2752    i.USB_ReadInterrupts  stm32f4xx_ll_usb.o
    0x08003ce6   0x00000020   Code   RO         2753    i.USB_ReadPacket    stm32f4xx_ll_usb.o
    0x08003d06   0x0000002c   Code   RO         2754    i.USB_ResetPort     stm32f4xx_ll_usb.o
    0x08003d32   0x0000002c   Code   RO         2755    i.USB_SetCurrentMode  stm32f4xx_ll_usb.o
    0x08003d5e   0x000000b2   Code   RO         2759    i.USB_StopHost      stm32f4xx_ll_usb.o
    0x08003e10   0x00000028   Code   RO         2760    i.USB_WritePacket   stm32f4xx_ll_usb.o
    0x08003e38   0x00000002   Code   RO          350    i.UsageFault_Handler  stm32f4xx_it.o
    0x08003e3a   0x0000000e   Code   RO         3840    i.__scatterload_copy  mc_w.l(handlers.o)
    0x08003e48   0x00000002   Code   RO         3841    i.__scatterload_null  mc_w.l(handlers.o)
    0x08003e4a   0x0000000e   Code   RO         3842    i.__scatterload_zeroinit  mc_w.l(handlers.o)
    0x08003e58   0x00000060   Code   RO         2993    i.check_fs          ff.o
    0x08003eb8   0x0000006c   Code   RO         2994    i.chk_lock          ff.o
    0x08003f24   0x00000024   Code   RO         2995    i.clear_lock        ff.o
    0x08003f48   0x0000002a   Code   RO         2996    i.clmt_clust        ff.o
    0x08003f72   0x0000001e   Code   RO         2997    i.clust2sect        ff.o
    0x08003f90   0x000000ac   Code   RO         2998    i.create_chain      ff.o
    0x0800403c   0x00000100   Code   RO         2999    i.create_name       ff.o
    0x0800413c   0x0000003c   Code   RO         3000    i.dec_lock          ff.o
    0x08004178   0x00000120   Code   RO         3001    i.dir_next          ff.o
    0x08004298   0x00000062   Code   RO         3002    i.dir_read          ff.o
    0x080042fa   0x00000076   Code   RO         3003    i.dir_register      ff.o
    0x08004370   0x00000034   Code   RO         3004    i.dir_remove        ff.o
    0x080043a4   0x0000009e   Code   RO         3005    i.dir_sdi           ff.o
    0x08004442   0x00000004   Code   RO          599    i.disk_initialize   usbh_diskio.o
    0x08004446   0x00000002   PAD
    0x08004448   0x0000004c   Code   RO          600    i.disk_ioctl        usbh_diskio.o
    0x08004494   0x0000007c   Code   RO          601    i.disk_read         usbh_diskio.o
    0x08004510   0x00000018   Code   RO          602    i.disk_status       usbh_diskio.o
    0x08004528   0x00000088   Code   RO          603    i.disk_write        usbh_diskio.o
    0x080045b0   0x0000002a   Code   RO         3007    i.f_close           ff.o
    0x080045da   0x00000002   PAD
    0x080045dc   0x0000005c   Code   RO         3014    i.f_mount           ff.o
    0x08004638   0x000001a0   Code   RO         3015    i.f_open            ff.o
    0x080047d8   0x0000018e   Code   RO         3020    i.f_read            ff.o
    0x08004966   0x000000b8   Code   RO         3024    i.f_sync            ff.o
    0x08004a1e   0x000000bc   Code   RO         3026    i.f_unlink          ff.o
    0x08004ada   0x000001d8   Code   RO         3028    i.f_write           ff.o
    0x08004cb2   0x00000002   PAD
    0x08004cb4   0x00000258   Code   RO         3029    i.find_volume       ff.o
    0x08004f0c   0x000000c0   Code   RO         3030    i.follow_path       ff.o
    0x08004fcc   0x00000050   Code   RO         3792    i.free              mc_w.l(malloc.o)
    0x0800501c   0x000000ba   Code   RO         3031    i.get_fat           ff.o
    0x080050d6   0x00000004   Code   RO          604    i.get_fattime       usbh_diskio.o
    0x080050da   0x0000002e   Code   RO         3033    i.get_ldnumber      ff.o
    0x08005108   0x000000a0   Code   RO         3034    i.inc_lock          ff.o
    0x080051a8   0x00000014   Code   RO         3035    i.ld_clust          ff.o
    0x080051bc   0x000000e0   Code   RO          306    i.main              main.o
    0x0800529c   0x0000006c   Code   RO         3793    i.malloc            mc_w.l(malloc.o)
    0x08005308   0x00000012   Code   RO         3036    i.mem_cpy           ff.o
    0x0800531a   0x0000000e   Code   RO         3037    i.mem_set           ff.o
    0x08005328   0x00000032   Code   RO         3038    i.move_window       ff.o
    0x0800535a   0x00000002   PAD
    0x0800535c   0x000000fe   Code   RO         3039    i.put_fat           ff.o
    0x0800545a   0x0000006e   Code   RO         3041    i.remove_chain      ff.o
    0x080054c8   0x00000010   Code   RO         3042    i.st_clust          ff.o
    0x080054d8   0x000000b6   Code   RO         3043    i.sync_fs           ff.o
    0x0800558e   0x0000005a   Code   RO         3044    i.sync_window       ff.o
    0x080055e8   0x00000030   Code   RO         3045    i.validate          ff.o
    0x08005618   0x00000030   Data   RO          819    .constdata          stm324x9i_eval.o
    0x08005648   0x00000010   Data   RO         2366    .constdata          stm32f4xx_hal_rcc.o
    0x08005658   0x000000ac   Data   RO         3047    .constdata          ff.o
    0x08005704   0x00000004   Data   RO         3314    .conststring        usbh_msc.o
    0x08005708   0x00000020   Data   RO         3838    Region$$Table       anon$$obj.o


    Execution Region RW_IRAM1 (Base: 0x20000000, Size: 0x0000ed00, Max: 0x00030000, ABSOLUTE)

    Base Addr    Size         Type   Attr      Idx    E Section Name        Object

    0x20000000   0x00000010   Data   RW           18    .data               command.o
    0x20000010   0x00000010   Data   RW          209    .data               flash_if.o
    0x20000020   0x00000008   Data   RW          264    .data               iap_menu.o
    0x20000028   0x0000000c   Data   RW          308    .data               main.o
    0x20000034   0x00000040   Data   RW          820    .data               stm324x9i_eval.o
    0x20000074   0x00000014   Data   RW         1080    .data               system_stm32f4xx.o
    0x20000088   0x00000004   Data   RW         1130    .data               stm32f4xx_hal.o
    0x2000008c   0x00000008   Data   RW         3048    .data               ff.o
    0x20000094   0x00000020   Data   RW         3315    .data               usbh_msc.o
    0x200000b4   0x00000004   Data   RW         3834    .data               mc_w.l(mvars.o)
    0x200000b8   0x00000004   Data   RW         3835    .data               mc_w.l(mvars.o)
    0x200000bc   0x00008458   Zero   RW           16    .bss                command.o
    0x20008514   0x00000230   Zero   RW           17    .bss                command.o
    0x20008744   0x00000030   Zero   RW          208    .bss                flash_if.o
    0x20008774   0x000002c8   Zero   RW          307    .bss                main.o
    0x20008a3c   0x00000290   Zero   RW          441    .bss                usbh_conf.o
    0x20008ccc   0x0000001c   Zero   RW         1625    .bss                stm32f4xx_hal_flash.o
    0x20008ce8   0x00000018   Zero   RW         3046    .bss                ff.o
    0x20008d00   0x00004000   Zero   RW            2    HEAP                startup_stm32f429xx.o
    0x2000cd00   0x00002000   Zero   RW            1    STACK               startup_stm32f429xx.o


==============================================================================

Image component sizes


      Code (inc. data)   RO Data    RW Data    ZI Data      Debug   Object Name

       432         90          0         16      34440     388523   command.o
      5292         70        172          8         24      38214   ff.o
       528        112          0         16         48       3838   flash_if.o
       266         22          0          8          0       3288   iap_menu.o
       260         32          0         12        712       4615   main.o
        36          8        428          0      24576        920   startup_stm32f429xx.o
       380         82         48         64          0       7189   stm324x9i_eval.o
       110         24          0          4          0       4857   stm32f4xx_hal.o
       194         14          0          0          0      30547   stm32f4xx_hal_cortex.o
       460         58          0          0         28       6805   stm32f4xx_hal_flash.o
       360         24          0          0          0       4900   stm32f4xx_hal_flash_ex.o
       576         52          0          0          0       4824   stm32f4xx_hal_gpio.o
      2270          4          0          0          0      13989   stm32f4xx_hal_hcd.o
      1416         60         16          0          0      32072   stm32f4xx_hal_rcc.o
        32          6          0          0          0       5394   stm32f4xx_it.o
      2016         48          0          0          0      18779   stm32f4xx_ll_usb.o
        84         18          0         20          0       1685   system_stm32f4xx.o
       752         56          0          0        656      47105   usbh_conf.o
      1014         20          0          0          0      10388   usbh_core.o
      1054         12          0          0          0      10208   usbh_ctlreq.o
       368         20          0          0          0       5891   usbh_diskio.o
       172          0          0          0          0       4568   usbh_ioreq.o
      1684         10          4         32          0      11972   usbh_msc.o
       586         28          0          0          0       5009   usbh_msc_bot.o
       784          0          0          0          0       6207   usbh_msc_scsi.o
       106          0          0          0          0       3702   usbh_pipes.o

    ----------------------------------------------------------------------
     21266        870        700        180      60484     675489   Object Totals
         0          0         32          0          0          0   (incl. Generated)
        34          0          0          0          0          0   (incl. Padding)

    ----------------------------------------------------------------------

      Code (inc. data)   RO Data    RW Data    ZI Data      Debug   Library Member Name

         0          0          0          0          0          0   entry.o
         0          0          0          0          0          0   entry10a.o
         0          0          0          0          0          0   entry11a.o
         8          4          0          0          0          0   entry2.o
         4          0          0          0          0          0   entry5.o
         0          0          0          0          0          0   entry7b.o
         0          0          0          0          0          0   entry8b.o
         8          4          0          0          0          0   entry9a.o
        30          0          0          0          0          0   handlers.o
        36          8          0          0          0         68   init.o
       188         20          0          0          0        160   malloc.o
        36          0          0          0          0         68   memcpya.o
        36          0          0          0          0        108   memseta.o
         0          0          0          8          0          0   mvars.o

    ----------------------------------------------------------------------
       346         36          0          8          0        404   Library Totals
         0          0          0          0          0          0   (incl. Padding)

    ----------------------------------------------------------------------

      Code (inc. data)   RO Data    RW Data    ZI Data      Debug   Library Name

       346         36          0          8          0        404   mc_w.l

    ----------------------------------------------------------------------
       346         36          0          8          0        404   Library Totals

    ----------------------------------------------------------------------

==============================================================================


      Code (inc. data)   RO Data    RW Data    ZI Data      Debug   

     21612        906        700        188      60484     655141   Grand Totals
     21612        906        700        188      60484     655141   ELF Image Totals
     21612        906        700        188          0          0   ROM Totals

==============================================================================

    Total RO  Size (Code + RO Data)                22312 (  21.79kB)
    Total RW  Size (RW Data + ZI Data)             60672 (  59.25kB)
    Total ROM Size (Code + RO Data + RW Data)      22500 (  21.97kB)

==============================================================================

